UART DATA :  60   0x3c  <- GROUP_3_BIT_LENGTH
UART DATA :  0   0x0    <- ADC_BUF
UART DATA :  0   0x0    <- ADC_BUF
UART DATA :  0   0x0    <- ADC_BUF
UART DATA :  0   0x0    <- ADC_BUF
UART DATA :  0   0x0    <- ADC_BUF
UART DATA :  0   0x0    <- ADC_BUF
UART DATA :  0   0x0    <- ADC_BUF
UART DATA :  0   0x0    <- ADC_BUF
UART DATA :  0   0x0    <- ADC_BUF
UART DATA :  0   0x0    <- ADC_BUF
UART DATA :  0   0x0    <- ADC_BUF
UART DATA :  0   0x0    <- ADC_BUF
UART DATA :  0   0x0    <- ADC_BUF
UART DATA :  0   0x0    <- ADC_BUF
UART DATA :  0   0x0    <- ADC_BUF
UART DATA :  0   0x0    <- ADC_BUF
UART DATA :  0   0x0    <- ADC_BUF
UART DATA :  0   0x0    <- ADC_BUF
UART DATA :  0   0x0    <- ADC_BUF
UART DATA :  0   0x0    <- ADC_BUF
UART DATA :  0   0x0    <- ADC_BUF
UART DATA :  0   0x0    <- ADC_BUF
UART DATA :  0   0x0    <- ADC_BUF
UART DATA :  0   0x0    <- ADC_BUF
UART DATA :  0   0x0    <- ADC_BUF
UART DATA :  0   0x0    <- ADC_BUF
UART DATA :  0   0x0    <- ADC_BUF
UART DATA :  0   0x0    <- ADC_BUF
UART DATA :  0   0x0    <- ADC_BUF
UART DATA :  0   0x0    <- ADC_BUF
UART DATA :  0   0x0    <- ADC_BUF
UART DATA :  0   0x0    <- ADC_BUF
UART DATA :  80   0x50  <- ADC_BUF
UART DATA :  0   0x0    <- ADC_BUF
UART DATA :  0   0x0    <- ADC_BUF
UART DATA :  0   0x0    <- ADC_BUF
UART DATA :  192   0xc0 <- ADC_BUF
UART DATA :  0   0x0    <- ADC_BUF
UART DATA :  0   0x0    <- ADC_BUF
UART DATA :  0   0x0    <- ADC_BUF
UART DATA :  84   0x54  <- ADC_BUF
UART DATA :  0   0x0    <- ADC_BUF
UART DATA :  0   0x0    <- ADC_BUF
UART DATA :  0   0x0    <- ADC_BUF
UART DATA :  100   0x64 <- ADC_BUF
UART DATA :  0   0x0    <- ADC_BUF
UART DATA :  0   0x0    <- ADC_BUF
UART DATA :  0   0x0    <- ADC_BUF
UART DATA :  148   0x94 <- ADC_BUF
UART DATA :  0   0x0    <- ADC_BUF
UART DATA :  0   0x0    <- ADC_BUF
UART DATA :  0   0x0    <- ADC_BUF
UART DATA :  164   0xa4 <- ADC_BUF
UART DATA :  0   0x0    <- ADC_BUF
UART DATA :  0   0x0    <- ADC_BUF
UART DATA :  0   0x0    <- ADC_BUF
UART DATA :  180   0xb4 <- ADC_BUF
UART DATA :  0   0x0    <- ADC_BUF
UART DATA :  0   0x0    <- ADC_BUF
UART DATA :  0   0x0    <- ADC_BUF
UART DATA :  125   0x7d <- ADC_DELTA_BUF


































                        ADC : 1406
                        Voltage : 1034
                        TP1 : 150
                        TP2 : 5
                        Switch Status : 1
                        Occu Triger : 0
A_ui16_adc_buf = [1406, 0, 0, 0, 0, 0, 0, 0, 0, 0, 0, 0, 0, 0, 0, 0, 0, 0, 0, 0, 0, 0, 0, 0, 0, 0, 0, 0, 0, 0]
A_ui16_adc_delta_buf = [1406, 0, 0, 0, 0, 0, 0, 0, 0, 0, 0, 0, 0, 0, 0, 0, 0, 0, 0, 0, 0, 0, 0, 0, 0, 0, 0, 0, 0, 0]
A_b_occu_buf = [0, 0, 0, 0, 0, 0, 0, 0, 0, 0, 0, 0, 0, 0, 0, 0, 0, 0, 0, 0, 0, 0, 0, 0, 0, 0, 0, 0, 0, 0]
ui8_sel_8bit : 0
A_ui16_adc_buf[ui8_sel_8bit / 2] : 1406
A_ui16_adc_buf[ui8_sel_8bit / 2] >> (8 * (ui8_sel_8bit % 2))) & 0xFF : 126
ui8_sel_8bit : 1
A_ui16_adc_buf[ui8_sel_8bit / 2] : 1406
A_ui16_adc_buf[ui8_sel_8bit / 2] >> (8 * (ui8_sel_8bit % 2))) & 0xFF : 5
ui8_sel_8bit : 2
A_ui16_adc_buf[ui8_sel_8bit / 2] : 0
A_ui16_adc_buf[ui8_sel_8bit / 2] >> (8 * (ui8_sel_8bit % 2))) & 0xFF : 0
ui8_sel_8bit : 3
A_ui16_adc_buf[ui8_sel_8bit / 2] : 0
A_ui16_adc_buf[ui8_sel_8bit / 2] >> (8 * (ui8_sel_8bit % 2))) & 0xFF : 0
ui8_sel_8bit : 4
A_ui16_adc_buf[ui8_sel_8bit / 2] : 0
A_ui16_adc_buf[ui8_sel_8bit / 2] >> (8 * (ui8_sel_8bit % 2))) & 0xFF : 0
ui8_sel_8bit : 5
A_ui16_adc_buf[ui8_sel_8bit / 2] : 0
A_ui16_adc_buf[ui8_sel_8bit / 2] >> (8 * (ui8_sel_8bit % 2))) & 0xFF : 0
ui8_sel_8bit : 6
A_ui16_adc_buf[ui8_sel_8bit / 2] : 0
A_ui16_adc_buf[ui8_sel_8bit / 2] >> (8 * (ui8_sel_8bit % 2))) & 0xFF : 0
ui8_sel_8bit : 7
A_ui16_adc_buf[ui8_sel_8bit / 2] : 0
A_ui16_adc_buf[ui8_sel_8bit / 2] >> (8 * (ui8_sel_8bit % 2))) & 0xFF : 0
ui8_sel_8bit : 8
A_ui16_adc_buf[ui8_sel_8bit / 2] : 0
A_ui16_adc_buf[ui8_sel_8bit / 2] >> (8 * (ui8_sel_8bit % 2))) & 0xFF : 0
ui8_sel_8bit : 9
A_ui16_adc_buf[ui8_sel_8bit / 2] : 0
A_ui16_adc_buf[ui8_sel_8bit / 2] >> (8 * (ui8_sel_8bit % 2))) & 0xFF : 0
ui8_sel_8bit : 10
A_ui16_adc_buf[ui8_sel_8bit / 2] : 0
A_ui16_adc_buf[ui8_sel_8bit / 2] >> (8 * (ui8_sel_8bit % 2))) & 0xFF : 0
ui8_sel_8bit : 11
A_ui16_adc_buf[ui8_sel_8bit / 2] : 0
A_ui16_adc_buf[ui8_sel_8bit / 2] >> (8 * (ui8_sel_8bit % 2))) & 0xFF : 0
ui8_sel_8bit : 12
A_ui16_adc_buf[ui8_sel_8bit / 2] : 0
A_ui16_adc_buf[ui8_sel_8bit / 2] >> (8 * (ui8_sel_8bit % 2))) & 0xFF : 0
ui8_sel_8bit : 13
A_ui16_adc_buf[ui8_sel_8bit / 2] : 0
A_ui16_adc_buf[ui8_sel_8bit / 2] >> (8 * (ui8_sel_8bit % 2))) & 0xFF : 0
ui8_sel_8bit : 14
A_ui16_adc_buf[ui8_sel_8bit / 2] : 0
A_ui16_adc_buf[ui8_sel_8bit / 2] >> (8 * (ui8_sel_8bit % 2))) & 0xFF : 0
ui8_sel_8bit : 15
A_ui16_adc_buf[ui8_sel_8bit / 2] : 0
A_ui16_adc_buf[ui8_sel_8bit / 2] >> (8 * (ui8_sel_8bit % 2))) & 0xFF : 0
ui8_sel_8bit : 16
A_ui16_adc_buf[ui8_sel_8bit / 2] : 0
A_ui16_adc_buf[ui8_sel_8bit / 2] >> (8 * (ui8_sel_8bit % 2))) & 0xFF : 0
ui8_sel_8bit : 17
A_ui16_adc_buf[ui8_sel_8bit / 2] : 0
A_ui16_adc_buf[ui8_sel_8bit / 2] >> (8 * (ui8_sel_8bit % 2))) & 0xFF : 0
ui8_sel_8bit : 18
A_ui16_adc_buf[ui8_sel_8bit / 2] : 0
A_ui16_adc_buf[ui8_sel_8bit / 2] >> (8 * (ui8_sel_8bit % 2))) & 0xFF : 0
ui8_sel_8bit : 19
A_ui16_adc_buf[ui8_sel_8bit / 2] : 0
A_ui16_adc_buf[ui8_sel_8bit / 2] >> (8 * (ui8_sel_8bit % 2))) & 0xFF : 0
ui8_sel_8bit : 20
A_ui16_adc_buf[ui8_sel_8bit / 2] : 0
A_ui16_adc_buf[ui8_sel_8bit / 2] >> (8 * (ui8_sel_8bit % 2))) & 0xFF : 0
ui8_sel_8bit : 21
A_ui16_adc_buf[ui8_sel_8bit / 2] : 0
A_ui16_adc_buf[ui8_sel_8bit / 2] >> (8 * (ui8_sel_8bit % 2))) & 0xFF : 0
ui8_sel_8bit : 22
A_ui16_adc_buf[ui8_sel_8bit / 2] : 0
A_ui16_adc_buf[ui8_sel_8bit / 2] >> (8 * (ui8_sel_8bit % 2))) & 0xFF : 0
ui8_sel_8bit : 23
A_ui16_adc_buf[ui8_sel_8bit / 2] : 0
A_ui16_adc_buf[ui8_sel_8bit / 2] >> (8 * (ui8_sel_8bit % 2))) & 0xFF : 0
ui8_sel_8bit : 24
A_ui16_adc_buf[ui8_sel_8bit / 2] : 0
A_ui16_adc_buf[ui8_sel_8bit / 2] >> (8 * (ui8_sel_8bit % 2))) & 0xFF : 0
ui8_sel_8bit : 25
A_ui16_adc_buf[ui8_sel_8bit / 2] : 0
A_ui16_adc_buf[ui8_sel_8bit / 2] >> (8 * (ui8_sel_8bit % 2))) & 0xFF : 0
ui8_sel_8bit : 26
A_ui16_adc_buf[ui8_sel_8bit / 2] : 0
A_ui16_adc_buf[ui8_sel_8bit / 2] >> (8 * (ui8_sel_8bit % 2))) & 0xFF : 0
ui8_sel_8bit : 27
A_ui16_adc_buf[ui8_sel_8bit / 2] : 0
A_ui16_adc_buf[ui8_sel_8bit / 2] >> (8 * (ui8_sel_8bit % 2))) & 0xFF : 0
ui8_sel_8bit : 28
A_ui16_adc_buf[ui8_sel_8bit / 2] : 0
A_ui16_adc_buf[ui8_sel_8bit / 2] >> (8 * (ui8_sel_8bit % 2))) & 0xFF : 0
ui8_sel_8bit : 29
A_ui16_adc_buf[ui8_sel_8bit / 2] : 0
A_ui16_adc_buf[ui8_sel_8bit / 2] >> (8 * (ui8_sel_8bit % 2))) & 0xFF : 0
ui8_sel_8bit : 30
A_ui16_adc_buf[ui8_sel_8bit / 2] : 0
A_ui16_adc_buf[ui8_sel_8bit / 2] >> (8 * (ui8_sel_8bit % 2))) & 0xFF : 0
ui8_sel_8bit : 31
A_ui16_adc_buf[ui8_sel_8bit / 2] : 0
A_ui16_adc_buf[ui8_sel_8bit / 2] >> (8 * (ui8_sel_8bit % 2))) & 0xFF : 0
ui8_sel_8bit : 32
A_ui16_adc_buf[ui8_sel_8bit / 2] : 0
A_ui16_adc_buf[ui8_sel_8bit / 2] >> (8 * (ui8_sel_8bit % 2))) & 0xFF : 0
ui8_sel_8bit : 33
A_ui16_adc_buf[ui8_sel_8bit / 2] : 0
A_ui16_adc_buf[ui8_sel_8bit / 2] >> (8 * (ui8_sel_8bit % 2))) & 0xFF : 0
ui8_sel_8bit : 34
A_ui16_adc_buf[ui8_sel_8bit / 2] : 0
A_ui16_adc_buf[ui8_sel_8bit / 2] >> (8 * (ui8_sel_8bit % 2))) & 0xFF : 0
ui8_sel_8bit : 35
A_ui16_adc_buf[ui8_sel_8bit / 2] : 0
A_ui16_adc_buf[ui8_sel_8bit / 2] >> (8 * (ui8_sel_8bit % 2))) & 0xFF : 0
ui8_sel_8bit : 36
A_ui16_adc_buf[ui8_sel_8bit / 2] : 0
A_ui16_adc_buf[ui8_sel_8bit / 2] >> (8 * (ui8_sel_8bit % 2))) & 0xFF : 0
ui8_sel_8bit : 37
A_ui16_adc_buf[ui8_sel_8bit / 2] : 0
A_ui16_adc_buf[ui8_sel_8bit / 2] >> (8 * (ui8_sel_8bit % 2))) & 0xFF : 0
ui8_sel_8bit : 38
A_ui16_adc_buf[ui8_sel_8bit / 2] : 0
A_ui16_adc_buf[ui8_sel_8bit / 2] >> (8 * (ui8_sel_8bit % 2))) & 0xFF : 0
ui8_sel_8bit : 39
A_ui16_adc_buf[ui8_sel_8bit / 2] : 0
A_ui16_adc_buf[ui8_sel_8bit / 2] >> (8 * (ui8_sel_8bit % 2))) & 0xFF : 0
ui8_sel_8bit : 40
A_ui16_adc_buf[ui8_sel_8bit / 2] : 0
A_ui16_adc_buf[ui8_sel_8bit / 2] >> (8 * (ui8_sel_8bit % 2))) & 0xFF : 0
ui8_sel_8bit : 41
A_ui16_adc_buf[ui8_sel_8bit / 2] : 0
A_ui16_adc_buf[ui8_sel_8bit / 2] >> (8 * (ui8_sel_8bit % 2))) & 0xFF : 0
ui8_sel_8bit : 42
A_ui16_adc_buf[ui8_sel_8bit / 2] : 0
A_ui16_adc_buf[ui8_sel_8bit / 2] >> (8 * (ui8_sel_8bit % 2))) & 0xFF : 0
ui8_sel_8bit : 43
A_ui16_adc_buf[ui8_sel_8bit / 2] : 0
A_ui16_adc_buf[ui8_sel_8bit / 2] >> (8 * (ui8_sel_8bit % 2))) & 0xFF : 0
ui8_sel_8bit : 44
A_ui16_adc_buf[ui8_sel_8bit / 2] : 0
A_ui16_adc_buf[ui8_sel_8bit / 2] >> (8 * (ui8_sel_8bit % 2))) & 0xFF : 0
ui8_sel_8bit : 45
A_ui16_adc_buf[ui8_sel_8bit / 2] : 0
A_ui16_adc_buf[ui8_sel_8bit / 2] >> (8 * (ui8_sel_8bit % 2))) & 0xFF : 0
ui8_sel_8bit : 46
A_ui16_adc_buf[ui8_sel_8bit / 2] : 0
A_ui16_adc_buf[ui8_sel_8bit / 2] >> (8 * (ui8_sel_8bit % 2))) & 0xFF : 0
ui8_sel_8bit : 47
A_ui16_adc_buf[ui8_sel_8bit / 2] : 0
A_ui16_adc_buf[ui8_sel_8bit / 2] >> (8 * (ui8_sel_8bit % 2))) & 0xFF : 0
ui8_sel_8bit : 48
A_ui16_adc_buf[ui8_sel_8bit / 2] : 0
A_ui16_adc_buf[ui8_sel_8bit / 2] >> (8 * (ui8_sel_8bit % 2))) & 0xFF : 0
ui8_sel_8bit : 49
A_ui16_adc_buf[ui8_sel_8bit / 2] : 0
A_ui16_adc_buf[ui8_sel_8bit / 2] >> (8 * (ui8_sel_8bit % 2))) & 0xFF : 0
ui8_sel_8bit : 50
A_ui16_adc_buf[ui8_sel_8bit / 2] : 0
A_ui16_adc_buf[ui8_sel_8bit / 2] >> (8 * (ui8_sel_8bit % 2))) & 0xFF : 0
ui8_sel_8bit : 51
A_ui16_adc_buf[ui8_sel_8bit / 2] : 0
A_ui16_adc_buf[ui8_sel_8bit / 2] >> (8 * (ui8_sel_8bit % 2))) & 0xFF : 0
ui8_sel_8bit : 52
A_ui16_adc_buf[ui8_sel_8bit / 2] : 0
A_ui16_adc_buf[ui8_sel_8bit / 2] >> (8 * (ui8_sel_8bit % 2))) & 0xFF : 0
ui8_sel_8bit : 53
A_ui16_adc_buf[ui8_sel_8bit / 2] : 0
A_ui16_adc_buf[ui8_sel_8bit / 2] >> (8 * (ui8_sel_8bit % 2))) & 0xFF : 0
ui8_sel_8bit : 54
A_ui16_adc_buf[ui8_sel_8bit / 2] : 0
A_ui16_adc_buf[ui8_sel_8bit / 2] >> (8 * (ui8_sel_8bit % 2))) & 0xFF : 0
ui8_sel_8bit : 55
A_ui16_adc_buf[ui8_sel_8bit / 2] : 0
A_ui16_adc_buf[ui8_sel_8bit / 2] >> (8 * (ui8_sel_8bit % 2))) & 0xFF : 0
ui8_sel_8bit : 56
A_ui16_adc_buf[ui8_sel_8bit / 2] : 0
A_ui16_adc_buf[ui8_sel_8bit / 2] >> (8 * (ui8_sel_8bit % 2))) & 0xFF : 0
ui8_sel_8bit : 57
A_ui16_adc_buf[ui8_sel_8bit / 2] : 0
A_ui16_adc_buf[ui8_sel_8bit / 2] >> (8 * (ui8_sel_8bit % 2))) & 0xFF : 0
ui8_sel_8bit : 58
A_ui16_adc_buf[ui8_sel_8bit / 2] : 0
A_ui16_adc_buf[ui8_sel_8bit / 2] >> (8 * (ui8_sel_8bit % 2))) & 0xFF : 0
ui8_sel_8bit : 59
A_ui16_adc_buf[ui8_sel_8bit / 2] : 0
A_ui16_adc_buf[ui8_sel_8bit / 2] >> (8 * (ui8_sel_8bit % 2))) & 0xFF : 0

ui8_adc_buf = [0, 0, 0, 0, 0, 0, 0, 0, 0, 0, 0, 0, 0, 0, 0, 0, 0, 0, 0, 0, 0, 0, 0, 0, 0, 0, 0, 0, 0, 0, 0, 0, 80, 0, 0, 0, 192, 0, 0, 0, 84, 0, 0, 0, 100, 0, 0, 0, 148, 0, 0, 0, 164, 0, 0, 0, 180, 0, 0, 0]