[MLP]   svm_data_20260428_164908_W256_S32_I1.csv            529샘플
[MLP]   svm_data_20260428_171251_W256_S32_I1.csv             10샘플
[MLP]   svm_data_20260428_171310_W256_S32_I1.csv            964샘플
[MLP]   svm_data_20260429_104801_W256_S32_I1.csv            170샘플
[MLP]   svm_data_20260429_112044_W256_S1_I1.csv             287샘플
[MLP]   svm_data_20260429_121425.csv                          1샘플
[MLP]   svm_data_20260504_104600_W256_S2_I1.csv            1502샘플
[MLP]   svm_data_20260507_110627.csv                          1샘플
[MLP]   svm_data_20260507_110739_W256_S1_I1.csv             125샘플
[MLP]   svm_data_20260507_110824_W256_S1_I1.csv             956샘플
[MLP]   svm_data_20260507_111128_W256_S2_I1.csv            1128샘플
[MLP]   svm_data_20260507_111854.csv                       2908샘플
[MLP] CSV 12개 병합  →  총 8581샘플
[MLP] 로드 완료 | 전체: 8581개  (배경: 4709, 사람: 3872)
[MLP] 특징 모드: ESP32 (21개)
[MLP] 학습: 6864개 (80%)  검증: 1717개 (20%)  [비율고정: 유지 | 분리시드: 42]
[MLP] ━━━━━━━━━━━━━━━━━━━━━━━━━━━━━━━━━━━━━━━━━━━━━━━
[MLP]  디바이스: cuda (NVIDIA GeForce GTX 1660 SUPER)
[MLP]  구조: 21 → 128 → 64 → 32 → 2
[MLP]  에폭: 1000  배치: 64  LR: 5e-05  Dropout: 0.4  Early Stop: 비활성화
[MLP]  사용 특징 (21개): SPECTRAL_ROLLOFF, SPECTRAL_BANDWIDTH, PEAK_COUNT, MID_RATIO, LOW_TO_HIGH_RATIO, SECOND_PEAK_FREQ, KURTOSIS, CENTROID, PEAK_FREQ, LOW_RATIO, RMS, AVG_ENERGY, PEAK_ENERGY, ENERGY_VARIANCE, PEAK_TO_AVG_E, HIGH_RATIO, PEAK1_TO_PEAK2_RATIO, SKEWNESS, DC_RATIO, DELTA_PEAK_FREQ, SPECTRAL_FLATNESS
[MLP] ━━━━━━━━━━━━━━━━━━━━━━━━━━━━━━━━━━━━━━━━━━━━━━━
  에폭   1/1000 | 손실: 0.6791 | 학습: 56.7% | 검증: 56.4% | lr: 5.00e-05 ★
  에폭   2/1000 | 손실: 0.6223 | 학습: 70.8% | 검증: 70.5% | lr: 5.00e-05 ★
  에폭   3/1000 | 손실: 0.5486 | 학습: 79.4% | 검증: 78.6% | lr: 5.00e-05 ★
  에폭   4/1000 | 손실: 0.4803 | 학습: 80.2% | 검증: 80.7% | lr: 5.00e-05 ★
  에폭   5/1000 | 손실: 0.4356 | 학습: 80.4% | 검증: 81.4% | lr: 5.00e-05 ★
  에폭   6/1000 | 손실: 0.4184 | 학습: 80.3% | 검증: 80.8% | lr: 5.00e-05
  에폭   7/1000 | 손실: 0.4087 | 학습: 80.8% | 검증: 81.2% | lr: 5.00e-05
  에폭   8/1000 | 손실: 0.4056 | 학습: 81.2% | 검증: 81.0% | lr: 5.00e-05
  에폭   9/1000 | 손실: 0.4031 | 학습: 81.2% | 검증: 81.4% | lr: 5.00e-05 ★
  에폭  10/1000 | 손실: 0.4007 | 학습: 81.6% | 검증: 81.4% | lr: 5.00e-05
  에폭  11/1000 | 손실: 0.3953 | 학습: 81.7% | 검증: 81.5% | lr: 5.00e-05 ★
  에폭  12/1000 | 손실: 0.3939 | 학습: 81.8% | 검증: 81.6% | lr: 5.00e-05 ★
  에폭  13/1000 | 손실: 0.3992 | 학습: 81.8% | 검증: 81.2% | lr: 5.00e-05
  에폭  14/1000 | 손실: 0.3927 | 학습: 82.1% | 검증: 81.7% | lr: 5.00e-05 ★
  에폭  15/1000 | 손실: 0.3943 | 학습: 82.2% | 검증: 81.7% | lr: 5.00e-05 ★
  에폭  16/1000 | 손실: 0.3901 | 학습: 82.4% | 검증: 81.7% | lr: 5.00e-05
  에폭  17/1000 | 손실: 0.3899 | 학습: 82.5% | 검증: 81.7% | lr: 5.00e-05
  에폭  18/1000 | 손실: 0.3907 | 학습: 82.5% | 검증: 81.9% | lr: 5.00e-05 ★
  에폭  19/1000 | 손실: 0.3887 | 학습: 82.3% | 검증: 81.7% | lr: 5.00e-05
  에폭  20/1000 | 손실: 0.3849 | 학습: 82.6% | 검증: 81.7% | lr: 5.00e-05
  에폭  21/1000 | 손실: 0.3878 | 학습: 82.9% | 검증: 82.1% | lr: 5.00e-05 ★
  에폭  22/1000 | 손실: 0.3835 | 학습: 82.9% | 검증: 81.9% | lr: 5.00e-05
  에폭  23/1000 | 손실: 0.3919 | 학습: 82.7% | 검증: 81.6% | lr: 5.00e-05
  에폭  24/1000 | 손실: 0.3827 | 학습: 83.1% | 검증: 81.9% | lr: 5.00e-05
  에폭  25/1000 | 손실: 0.3847 | 학습: 82.9% | 검증: 81.8% | lr: 5.00e-05
  에폭  26/1000 | 손실: 0.3869 | 학습: 82.9% | 검증: 82.1% | lr: 5.00e-05
  에폭  27/1000 | 손실: 0.3834 | 학습: 83.3% | 검증: 82.3% | lr: 5.00e-05 ★
  에폭  28/1000 | 손실: 0.3822 | 학습: 83.0% | 검증: 82.4% | lr: 5.00e-05 ★
  에폭  29/1000 | 손실: 0.3803 | 학습: 83.5% | 검증: 82.6% | lr: 5.00e-05 ★
  에폭  30/1000 | 손실: 0.3792 | 학습: 83.2% | 검증: 82.6% | lr: 5.00e-05
  에폭  31/1000 | 손실: 0.3792 | 학습: 83.4% | 검증: 82.8% | lr: 5.00e-05 ★
  에폭  32/1000 | 손실: 0.3818 | 학습: 83.6% | 검증: 82.9% | lr: 5.00e-05 ★
  에폭  33/1000 | 손실: 0.3784 | 학습: 83.5% | 검증: 83.0% | lr: 5.00e-05 ★
  에폭  34/1000 | 손실: 0.3798 | 학습: 83.7% | 검증: 83.1% | lr: 5.00e-05 ★
  에폭  35/1000 | 손실: 0.3751 | 학습: 83.6% | 검증: 82.9% | lr: 5.00e-05
  에폭  36/1000 | 손실: 0.3826 | 학습: 83.6% | 검증: 82.7% | lr: 5.00e-05
  에폭  37/1000 | 손실: 0.3766 | 학습: 83.9% | 검증: 83.2% | lr: 5.00e-05 ★
  에폭  38/1000 | 손실: 0.3762 | 학습: 83.8% | 검증: 83.1% | lr: 5.00e-05
  에폭  39/1000 | 손실: 0.3760 | 학습: 83.8% | 검증: 83.2% | lr: 5.00e-05
  에폭  40/1000 | 손실: 0.3777 | 학습: 84.0% | 검증: 83.5% | lr: 5.00e-05 ★
  에폭  41/1000 | 손실: 0.3758 | 학습: 84.0% | 검증: 83.5% | lr: 5.00e-05
  에폭  42/1000 | 손실: 0.3740 | 학습: 84.3% | 검증: 83.3% | lr: 5.00e-05
  에폭  43/1000 | 손실: 0.3736 | 학습: 84.3% | 검증: 83.3% | lr: 5.00e-05
  에폭  44/1000 | 손실: 0.3719 | 학습: 84.2% | 검증: 83.7% | lr: 5.00e-05 ★
  에폭  45/1000 | 손실: 0.3720 | 학습: 84.2% | 검증: 83.6% | lr: 5.00e-05
  에폭  46/1000 | 손실: 0.3733 | 학습: 84.3% | 검증: 83.8% | lr: 5.00e-05 ★
  에폭  47/1000 | 손실: 0.3696 | 학습: 84.6% | 검증: 83.8% | lr: 5.00e-05 ★
  에폭  48/1000 | 손실: 0.3726 | 학습: 84.2% | 검증: 83.8% | lr: 5.00e-05
  에폭  49/1000 | 손실: 0.3712 | 학습: 84.3% | 검증: 83.9% | lr: 5.00e-05 ★
  에폭  50/1000 | 손실: 0.3679 | 학습: 84.3% | 검증: 83.6% | lr: 5.00e-05
  에폭  51/1000 | 손실: 0.3709 | 학습: 84.5% | 검증: 84.1% | lr: 5.00e-05 ★
  에폭  52/1000 | 손실: 0.3658 | 학습: 84.4% | 검증: 84.0% | lr: 5.00e-05
  에폭  53/1000 | 손실: 0.3683 | 학습: 84.3% | 검증: 83.7% | lr: 5.00e-05
  에폭  54/1000 | 손실: 0.3696 | 학습: 84.5% | 검증: 84.2% | lr: 5.00e-05 ★
  에폭  55/1000 | 손실: 0.3695 | 학습: 84.6% | 검증: 84.3% | lr: 5.00e-05 ★
  에폭  56/1000 | 손실: 0.3663 | 학습: 84.7% | 검증: 84.6% | lr: 5.00e-05 ★
  에폭  57/1000 | 손실: 0.3665 | 학습: 84.5% | 검증: 84.0% | lr: 5.00e-05
  에폭  58/1000 | 손실: 0.3706 | 학습: 84.9% | 검증: 84.5% | lr: 5.00e-05
  에폭  59/1000 | 손실: 0.3697 | 학습: 84.6% | 검증: 83.8% | lr: 5.00e-05
  에폭  60/1000 | 손실: 0.3646 | 학습: 84.8% | 검증: 84.3% | lr: 5.00e-05
  에폭  61/1000 | 손실: 0.3670 | 학습: 84.6% | 검증: 84.1% | lr: 5.00e-05
  에폭  62/1000 | 손실: 0.3636 | 학습: 84.8% | 검증: 84.5% | lr: 5.00e-05
  에폭  63/1000 | 손실: 0.3653 | 학습: 84.8% | 검증: 84.3% | lr: 5.00e-05
  에폭  64/1000 | 손실: 0.3666 | 학습: 84.8% | 검증: 84.3% | lr: 5.00e-05
  에폭  65/1000 | 손실: 0.3650 | 학습: 84.7% | 검증: 84.3% | lr: 5.00e-05
  에폭  66/1000 | 손실: 0.3673 | 학습: 84.8% | 검증: 84.7% | lr: 5.00e-05 ★
  에폭  67/1000 | 손실: 0.3585 | 학습: 84.8% | 검증: 84.7% | lr: 5.00e-05 ★
  에폭  68/1000 | 손실: 0.3656 | 학습: 84.8% | 검증: 84.7% | lr: 5.00e-05
  에폭  69/1000 | 손실: 0.3638 | 학습: 84.8% | 검증: 84.3% | lr: 5.00e-05
  에폭  70/1000 | 손실: 0.3637 | 학습: 84.8% | 검증: 84.3% | lr: 5.00e-05
  에폭  71/1000 | 손실: 0.3614 | 학습: 85.0% | 검증: 84.6% | lr: 5.00e-05
  에폭  72/1000 | 손실: 0.3628 | 학습: 85.1% | 검증: 84.6% | lr: 5.00e-05
  에폭  73/1000 | 손실: 0.3635 | 학습: 85.0% | 검증: 84.7% | lr: 5.00e-05
  에폭  74/1000 | 손실: 0.3594 | 학습: 84.9% | 검증: 85.0% | lr: 5.00e-05 ★
  에폭  75/1000 | 손실: 0.3623 | 학습: 84.9% | 검증: 84.6% | lr: 5.00e-05
  에폭  76/1000 | 손실: 0.3610 | 학습: 84.7% | 검증: 84.3% | lr: 5.00e-05
  에폭  77/1000 | 손실: 0.3601 | 학습: 85.0% | 검증: 84.8% | lr: 5.00e-05
  에폭  78/1000 | 손실: 0.3609 | 학습: 84.8% | 검증: 84.4% | lr: 2.50e-05
  에폭  79/1000 | 손실: 0.3614 | 학습: 85.0% | 검증: 84.9% | lr: 2.50e-05
  에폭  80/1000 | 손실: 0.3608 | 학습: 85.1% | 검증: 85.1% | lr: 2.50e-05 ★
  에폭  81/1000 | 손실: 0.3605 | 학습: 85.0% | 검증: 84.9% | lr: 2.50e-05
  에폭  82/1000 | 손실: 0.3547 | 학습: 85.0% | 검증: 84.9% | lr: 2.50e-05
  에폭  83/1000 | 손실: 0.3580 | 학습: 85.0% | 검증: 84.7% | lr: 2.50e-05
  에폭  84/1000 | 손실: 0.3602 | 학습: 85.2% | 검증: 84.9% | lr: 2.50e-05
  에폭  85/1000 | 손실: 0.3536 | 학습: 85.2% | 검증: 84.9% | lr: 2.50e-05
  에폭  86/1000 | 손실: 0.3561 | 학습: 85.0% | 검증: 84.9% | lr: 2.50e-05
  에폭  87/1000 | 손실: 0.3549 | 학습: 85.2% | 검증: 84.7% | lr: 2.50e-05
  에폭  88/1000 | 손실: 0.3539 | 학습: 85.1% | 검증: 84.9% | lr: 2.50e-05
  에폭  89/1000 | 손실: 0.3549 | 학습: 85.2% | 검증: 84.9% | lr: 2.50e-05
  에폭  90/1000 | 손실: 0.3590 | 학습: 85.1% | 검증: 85.0% | lr: 2.50e-05
  에폭  91/1000 | 손실: 0.3563 | 학습: 85.1% | 검증: 84.6% | lr: 2.50e-05
  에폭  92/1000 | 손실: 0.3589 | 학습: 85.0% | 검증: 84.6% | lr: 2.50e-05
  에폭  93/1000 | 손실: 0.3615 | 학습: 84.8% | 검증: 84.3% | lr: 2.50e-05
  에폭  94/1000 | 손실: 0.3589 | 학습: 85.0% | 검증: 85.1% | lr: 2.50e-05 ★
  에폭  95/1000 | 손실: 0.3589 | 학습: 85.2% | 검증: 84.8% | lr: 2.50e-05
  에폭  96/1000 | 손실: 0.3591 | 학습: 85.2% | 검증: 84.6% | lr: 1.25e-05
  에폭  97/1000 | 손실: 0.3553 | 학습: 85.1% | 검증: 84.7% | lr: 1.25e-05
  에폭  98/1000 | 손실: 0.3592 | 학습: 85.3% | 검증: 85.1% | lr: 1.25e-05
  에폭  99/1000 | 손실: 0.3561 | 학습: 85.3% | 검증: 85.1% | lr: 1.25e-05
  에폭 100/1000 | 손실: 0.3565 | 학습: 85.2% | 검증: 85.0% | lr: 1.25e-05
  에폭 101/1000 | 손실: 0.3530 | 학습: 85.2% | 검증: 84.6% | lr: 1.25e-05
  에폭 102/1000 | 손실: 0.3538 | 학습: 84.9% | 검증: 84.7% | lr: 1.25e-05
  에폭 103/1000 | 손실: 0.3540 | 학습: 85.1% | 검증: 84.6% | lr: 1.25e-05
  에폭 104/1000 | 손실: 0.3541 | 학습: 85.1% | 검증: 84.6% | lr: 1.25e-05
  에폭 105/1000 | 손실: 0.3543 | 학습: 85.2% | 검증: 85.0% | lr: 1.25e-05
  에폭 106/1000 | 손실: 0.3559 | 학습: 85.3% | 검증: 85.0% | lr: 1.25e-05
  에폭 107/1000 | 손실: 0.3536 | 학습: 85.3% | 검증: 84.9% | lr: 1.25e-05
  에폭 108/1000 | 손실: 0.3563 | 학습: 85.2% | 검증: 85.2% | lr: 1.25e-05 ★
  에폭 109/1000 | 손실: 0.3556 | 학습: 85.0% | 검증: 84.9% | lr: 1.25e-05
  에폭 110/1000 | 손실: 0.3584 | 학습: 85.0% | 검증: 84.5% | lr: 1.25e-05
  에폭 111/1000 | 손실: 0.3546 | 학습: 85.2% | 검증: 84.9% | lr: 1.25e-05
  에폭 112/1000 | 손실: 0.3543 | 학습: 85.1% | 검증: 84.4% | lr: 6.25e-06
  에폭 113/1000 | 손실: 0.3556 | 학습: 85.1% | 검증: 84.9% | lr: 6.25e-06
  에폭 114/1000 | 손실: 0.3545 | 학습: 85.2% | 검증: 84.7% | lr: 6.25e-06
  에폭 115/1000 | 손실: 0.3567 | 학습: 85.3% | 검증: 84.9% | lr: 6.25e-06
  에폭 116/1000 | 손실: 0.3522 | 학습: 85.2% | 검증: 85.0% | lr: 6.25e-06
  에폭 117/1000 | 손실: 0.3558 | 학습: 85.1% | 검증: 84.7% | lr: 6.25e-06
  에폭 118/1000 | 손실: 0.3524 | 학습: 85.2% | 검증: 84.9% | lr: 6.25e-06
  에폭 119/1000 | 손실: 0.3524 | 학습: 85.4% | 검증: 85.0% | lr: 6.25e-06
  에폭 120/1000 | 손실: 0.3576 | 학습: 85.3% | 검증: 85.1% | lr: 6.25e-06
  에폭 121/1000 | 손실: 0.3579 | 학습: 85.3% | 검증: 85.0% | lr: 6.25e-06
  에폭 122/1000 | 손실: 0.3541 | 학습: 85.3% | 검증: 85.2% | lr: 6.25e-06
  에폭 123/1000 | 손실: 0.3530 | 학습: 85.3% | 검증: 85.0% | lr: 6.25e-06
  에폭 124/1000 | 손실: 0.3546 | 학습: 85.3% | 검증: 85.1% | lr: 6.25e-06
  에폭 125/1000 | 손실: 0.3592 | 학습: 85.0% | 검증: 84.7% | lr: 6.25e-06
  에폭 126/1000 | 손실: 0.3499 | 학습: 85.1% | 검증: 85.2% | lr: 6.25e-06
  에폭 127/1000 | 손실: 0.3566 | 학습: 85.2% | 검증: 85.1% | lr: 6.25e-06
  에폭 128/1000 | 손실: 0.3541 | 학습: 85.1% | 검증: 85.1% | lr: 6.25e-06
  에폭 129/1000 | 손실: 0.3525 | 학습: 85.4% | 검증: 85.0% | lr: 6.25e-06
  에폭 130/1000 | 손실: 0.3531 | 학습: 85.1% | 검증: 84.8% | lr: 6.25e-06
  에폭 131/1000 | 손실: 0.3516 | 학습: 85.2% | 검증: 84.9% | lr: 6.25e-06
  에폭 132/1000 | 손실: 0.3567 | 학습: 85.3% | 검증: 85.1% | lr: 6.25e-06
  에폭 133/1000 | 손실: 0.3538 | 학습: 85.2% | 검증: 84.9% | lr: 6.25e-06
  에폭 134/1000 | 손실: 0.3550 | 학습: 85.2% | 검증: 84.9% | lr: 6.25e-06
  에폭 135/1000 | 손실: 0.3575 | 학습: 85.2% | 검증: 84.4% | lr: 6.25e-06
  에폭 136/1000 | 손실: 0.3515 | 학습: 85.3% | 검증: 85.3% | lr: 6.25e-06 ★
  에폭 137/1000 | 손실: 0.3522 | 학습: 85.2% | 검증: 85.1% | lr: 3.13e-06
  에폭 138/1000 | 손실: 0.3556 | 학습: 85.5% | 검증: 84.7% | lr: 3.13e-06
  에폭 139/1000 | 손실: 0.3522 | 학습: 85.2% | 검증: 84.9% | lr: 3.13e-06
  에폭 140/1000 | 손실: 0.3557 | 학습: 85.3% | 검증: 84.9% | lr: 3.13e-06
  에폭 141/1000 | 손실: 0.3609 | 학습: 85.4% | 검증: 85.1% | lr: 3.13e-06
  에폭 142/1000 | 손실: 0.3564 | 학습: 85.3% | 검증: 85.2% | lr: 3.13e-06
  에폭 143/1000 | 손실: 0.3528 | 학습: 85.3% | 검증: 85.4% | lr: 3.13e-06 ★
  에폭 144/1000 | 손실: 0.3555 | 학습: 85.2% | 검증: 84.9% | lr: 3.13e-06
  에폭 145/1000 | 손실: 0.3498 | 학습: 85.3% | 검증: 85.0% | lr: 3.13e-06
  에폭 146/1000 | 손실: 0.3560 | 학습: 85.2% | 검증: 85.2% | lr: 3.13e-06
  에폭 147/1000 | 손실: 0.3585 | 학습: 85.1% | 검증: 84.9% | lr: 3.13e-06
  에폭 148/1000 | 손실: 0.3530 | 학습: 85.3% | 검증: 85.0% | lr: 3.13e-06
  에폭 149/1000 | 손실: 0.3586 | 학습: 85.2% | 검증: 84.6% | lr: 3.13e-06
  에폭 150/1000 | 손실: 0.3555 | 학습: 85.1% | 검증: 84.8% | lr: 3.13e-06
  에폭 151/1000 | 손실: 0.3501 | 학습: 85.3% | 검증: 85.1% | lr: 3.13e-06
  에폭 152/1000 | 손실: 0.3543 | 학습: 85.5% | 검증: 85.1% | lr: 3.13e-06
  에폭 153/1000 | 손실: 0.3535 | 학습: 85.4% | 검증: 85.0% | lr: 3.13e-06
  에폭 154/1000 | 손실: 0.3512 | 학습: 85.4% | 검증: 85.0% | lr: 3.13e-06
  에폭 155/1000 | 손실: 0.3530 | 학습: 85.3% | 검증: 85.0% | lr: 3.13e-06
  에폭 156/1000 | 손실: 0.3537 | 학습: 84.9% | 검증: 84.7% | lr: 1.56e-06
  에폭 157/1000 | 손실: 0.3531 | 학습: 85.0% | 검증: 84.7% | lr: 1.56e-06
  에폭 158/1000 | 손실: 0.3556 | 학습: 85.2% | 검증: 84.9% | lr: 1.56e-06
  에폭 159/1000 | 손실: 0.3531 | 학습: 85.5% | 검증: 85.0% | lr: 1.56e-06
  에폭 160/1000 | 손실: 0.3532 | 학습: 85.3% | 검증: 85.3% | lr: 1.56e-06
  에폭 161/1000 | 손실: 0.3522 | 학습: 85.4% | 검증: 85.0% | lr: 1.56e-06
  에폭 162/1000 | 손실: 0.3547 | 학습: 85.2% | 검증: 84.9% | lr: 1.56e-06
  에폭 163/1000 | 손실: 0.3505 | 학습: 85.4% | 검증: 85.1% | lr: 1.56e-06
  에폭 164/1000 | 손실: 0.3532 | 학습: 85.4% | 검증: 84.8% | lr: 1.56e-06
  에폭 165/1000 | 손실: 0.3528 | 학습: 84.9% | 검증: 84.7% | lr: 1.56e-06
  에폭 166/1000 | 손실: 0.3535 | 학습: 85.3% | 검증: 85.3% | lr: 1.56e-06
  에폭 167/1000 | 손실: 0.3522 | 학습: 85.0% | 검증: 84.6% | lr: 1.00e-06
  에폭 168/1000 | 손실: 0.3507 | 학습: 85.3% | 검증: 85.0% | lr: 1.00e-06
  에폭 169/1000 | 손실: 0.3536 | 학습: 85.5% | 검증: 84.9% | lr: 1.00e-06
  에폭 170/1000 | 손실: 0.3502 | 학습: 85.2% | 검증: 85.0% | lr: 1.00e-06
  에폭 171/1000 | 손실: 0.3540 | 학습: 85.0% | 검증: 84.6% | lr: 1.00e-06
  에폭 172/1000 | 손실: 0.3528 | 학습: 85.2% | 검증: 84.6% | lr: 1.00e-06
  에폭 173/1000 | 손실: 0.3545 | 학습: 85.4% | 검증: 85.0% | lr: 1.00e-06
  에폭 174/1000 | 손실: 0.3523 | 학습: 85.3% | 검증: 85.2% | lr: 1.00e-06
  에폭 175/1000 | 손실: 0.3538 | 학습: 85.2% | 검증: 84.7% | lr: 1.00e-06
  에폭 176/1000 | 손실: 0.3552 | 학습: 85.4% | 검증: 85.1% | lr: 1.00e-06
  에폭 177/1000 | 손실: 0.3554 | 학습: 85.1% | 검증: 84.7% | lr: 1.00e-06
  에폭 178/1000 | 손실: 0.3567 | 학습: 85.4% | 검증: 85.1% | lr: 1.00e-06
  에폭 179/1000 | 손실: 0.3539 | 학습: 85.1% | 검증: 84.6% | lr: 1.00e-06
  에폭 180/1000 | 손실: 0.3536 | 학습: 85.2% | 검증: 85.1% | lr: 1.00e-06
  에폭 181/1000 | 손실: 0.3473 | 학습: 85.5% | 검증: 84.9% | lr: 1.00e-06
  에폭 182/1000 | 손실: 0.3542 | 학습: 85.4% | 검증: 84.9% | lr: 1.00e-06
  에폭 183/1000 | 손실: 0.3523 | 학습: 85.4% | 검증: 84.9% | lr: 1.00e-06
  에폭 184/1000 | 손실: 0.3509 | 학습: 85.2% | 검증: 84.6% | lr: 1.00e-06
  에폭 185/1000 | 손실: 0.3559 | 학습: 85.5% | 검증: 85.0% | lr: 1.00e-06
  에폭 186/1000 | 손실: 0.3527 | 학습: 85.4% | 검증: 84.8% | lr: 1.00e-06
  에폭 187/1000 | 손실: 0.3540 | 학습: 85.3% | 검증: 84.9% | lr: 1.00e-06
  에폭 188/1000 | 손실: 0.3546 | 학습: 85.3% | 검증: 85.0% | lr: 1.00e-06
  에폭 189/1000 | 손실: 0.3547 | 학습: 85.3% | 검증: 85.0% | lr: 1.00e-06
  에폭 190/1000 | 손실: 0.3510 | 학습: 85.2% | 검증: 84.9% | lr: 1.00e-06
  에폭 191/1000 | 손실: 0.3534 | 학습: 85.1% | 검증: 84.7% | lr: 1.00e-06
  에폭 192/1000 | 손실: 0.3532 | 학습: 85.1% | 검증: 85.0% | lr: 1.00e-06
  에폭 193/1000 | 손실: 0.3529 | 학습: 85.2% | 검증: 85.2% | lr: 1.00e-06
  에폭 194/1000 | 손실: 0.3558 | 학습: 85.3% | 검증: 85.1% | lr: 1.00e-06
  에폭 195/1000 | 손실: 0.3513 | 학습: 85.2% | 검증: 84.8% | lr: 1.00e-06
  에폭 196/1000 | 손실: 0.3546 | 학습: 85.1% | 검증: 85.0% | lr: 1.00e-06
  에폭 197/1000 | 손실: 0.3511 | 학습: 85.3% | 검증: 85.0% | lr: 1.00e-06
  에폭 198/1000 | 손실: 0.3542 | 학습: 85.3% | 검증: 85.0% | lr: 1.00e-06
  에폭 199/1000 | 손실: 0.3544 | 학습: 85.2% | 검증: 85.2% | lr: 1.00e-06
  에폭 200/1000 | 손실: 0.3488 | 학습: 85.3% | 검증: 85.2% | lr: 1.00e-06
  에폭 201/1000 | 손실: 0.3567 | 학습: 85.2% | 검증: 84.8% | lr: 1.00e-06
  에폭 202/1000 | 손실: 0.3506 | 학습: 85.2% | 검증: 85.3% | lr: 1.00e-06
  에폭 203/1000 | 손실: 0.3509 | 학습: 85.2% | 검증: 84.7% | lr: 1.00e-06
  에폭 204/1000 | 손실: 0.3494 | 학습: 85.4% | 검증: 85.0% | lr: 1.00e-06
  에폭 205/1000 | 손실: 0.3502 | 학습: 85.5% | 검증: 85.2% | lr: 1.00e-06
  에폭 206/1000 | 손실: 0.3539 | 학습: 85.3% | 검증: 85.0% | lr: 1.00e-06
  에폭 207/1000 | 손실: 0.3514 | 학습: 85.4% | 검증: 85.3% | lr: 1.00e-06
  에폭 208/1000 | 손실: 0.3527 | 학습: 85.2% | 검증: 84.7% | lr: 1.00e-06
  에폭 209/1000 | 손실: 0.3520 | 학습: 85.5% | 검증: 85.2% | lr: 1.00e-06
  에폭 210/1000 | 손실: 0.3541 | 학습: 85.1% | 검증: 84.7% | lr: 1.00e-06
  에폭 211/1000 | 손실: 0.3554 | 학습: 85.3% | 검증: 85.2% | lr: 1.00e-06
  에폭 212/1000 | 손실: 0.3550 | 학습: 85.0% | 검증: 84.7% | lr: 1.00e-06
  에폭 213/1000 | 손실: 0.3539 | 학습: 85.0% | 검증: 84.6% | lr: 1.00e-06
  에폭 214/1000 | 손실: 0.3531 | 학습: 85.2% | 검증: 84.9% | lr: 1.00e-06
  에폭 215/1000 | 손실: 0.3500 | 학습: 85.4% | 검증: 85.1% | lr: 1.00e-06
  에폭 216/1000 | 손실: 0.3524 | 학습: 85.3% | 검증: 85.3% | lr: 1.00e-06
  에폭 217/1000 | 손실: 0.3530 | 학습: 85.3% | 검증: 85.1% | lr: 1.00e-06
  에폭 218/1000 | 손실: 0.3542 | 학습: 85.4% | 검증: 85.1% | lr: 1.00e-06
  에폭 219/1000 | 손실: 0.3556 | 학습: 85.5% | 검증: 85.6% | lr: 1.00e-06 ★
  에폭 220/1000 | 손실: 0.3522 | 학습: 85.6% | 검증: 85.4% | lr: 1.00e-06
  에폭 221/1000 | 손실: 0.3546 | 학습: 85.1% | 검증: 84.9% | lr: 1.00e-06
  에폭 222/1000 | 손실: 0.3541 | 학습: 85.4% | 검증: 85.0% | lr: 1.00e-06
  에폭 223/1000 | 손실: 0.3571 | 학습: 85.4% | 검증: 84.7% | lr: 1.00e-06
