[MLP]   svm_data_20260428_164908_W256_S32_I1.csv            529샘플
[MLP]   svm_data_20260428_171251_W256_S32_I1.csv             10샘플
[MLP]   svm_data_20260428_171310_W256_S32_I1.csv            964샘플
[MLP]   svm_data_20260429_104801_W256_S32_I1.csv            170샘플
[MLP]   svm_data_20260429_112044_W256_S1_I1.csv             287샘플
[MLP]   svm_data_20260429_121425.csv                          1샘플
[MLP] CSV 6개 병합  →  총 1961샘플
[MLP] 로드 완료 | 전체: 1961개  (배경: 997, 사람: 964)
[MLP] 특징 모드: ESP32 (21개)
[MLP] 학습: 1568개 (80%)  검증: 393개 (20%)  [비율고정: 유지 | 분리시드: 42]
[MLP] ━━━━━━━━━━━━━━━━━━━━━━━━━━━━━━━━━━━━━━━━━━━━━━━
[MLP]  디바이스: cuda (NVIDIA GeForce GTX 1660 SUPER)
[MLP]  구조: 21 → 128 → 64 → 32 → 2
[MLP]  에폭: 300  배치: 32  LR: 5e-04  Dropout: 0.3  Early Stop: 비활성화
[MLP]  사용 특징 (21개): SPECTRAL_ROLLOFF, SPECTRAL_BANDWIDTH, PEAK_COUNT, MID_RATIO, LOW_TO_HIGH_RATIO, SECOND_PEAK_FREQ, KURTOSIS, CENTROID, PEAK_FREQ, LOW_RATIO, RMS, AVG_ENERGY, PEAK_ENERGY, ENERGY_VARIANCE, PEAK_TO_AVG_E, HIGH_RATIO, PEAK1_TO_PEAK2_RATIO, SKEWNESS, DC_RATIO, DELTA_PEAK_FREQ, SPECTRAL_FLATNESS
[MLP] ━━━━━━━━━━━━━━━━━━━━━━━━━━━━━━━━━━━━━━━━━━━━━━━
  에폭  10/300 | 손실: 0.4686 | 학습: 76.7% | 검증: 77.6% | lr: 5.00e-04 ★
  에폭  20/300 | 손실: 0.4664 | 학습: 78.3% | 검증: 77.4% | lr: 5.00e-04
  에폭  30/300 | 손실: 0.4302 | 학습: 80.1% | 검증: 79.1% | lr: 5.00e-04
  에폭  40/300 | 손실: 0.4124 | 학습: 80.5% | 검증: 77.4% | lr: 5.00e-04
  에폭  50/300 | 손실: 0.4107 | 학습: 81.7% | 검증: 78.1% | lr: 5.00e-04
  에폭  60/300 | 손실: 0.4132 | 학습: 83.9% | 검증: 80.2% | lr: 5.00e-04
  에폭  70/300 | 손실: 0.3881 | 학습: 85.8% | 검증: 79.4% | lr: 5.00e-04
  에폭  80/300 | 손실: 0.3637 | 학습: 86.2% | 검증: 79.4% | lr: 5.00e-04
  에폭  90/300 | 손실: 0.3738 | 학습: 86.7% | 검증: 78.1% | lr: 5.00e-04
  에폭 100/300 | 손실: 0.3446 | 학습: 87.9% | 검증: 79.4% | lr: 2.50e-04
  에폭 110/300 | 손실: 0.3427 | 학습: 89.4% | 검증: 82.2% | lr: 2.50e-04 ★
  에폭 120/300 | 손실: 0.3368 | 학습: 89.1% | 검증: 80.2% | lr: 2.50e-04
  에폭 130/300 | 손실: 0.3408 | 학습: 89.0% | 검증: 79.1% | lr: 2.50e-04
  에폭 140/300 | 손실: 0.3407 | 학습: 89.8% | 검증: 79.9% | lr: 2.50e-04
  에폭 150/300 | 손실: 0.3369 | 학습: 89.7% | 검증: 80.4% | lr: 2.50e-04
  에폭 160/300 | 손실: 0.3365 | 학습: 91.2% | 검증: 80.9% | lr: 1.25e-04
  에폭 170/300 | 손실: 0.3042 | 학습: 91.5% | 검증: 81.2% | lr: 1.25e-04
  에폭 180/300 | 손실: 0.3024 | 학습: 91.3% | 검증: 80.9% | lr: 1.25e-04
  에폭 190/300 | 손실: 0.3099 | 학습: 91.6% | 검증: 81.7% | lr: 1.25e-04
  에폭 200/300 | 손실: 0.3072 | 학습: 92.3% | 검증: 81.2% | lr: 1.25e-04
  에폭 210/300 | 손실: 0.3023 | 학습: 92.3% | 검증: 82.7% | lr: 6.25e-05
  에폭 220/300 | 손실: 0.3070 | 학습: 92.0% | 검증: 81.7% | lr: 3.13e-05
  에폭 230/300 | 손실: 0.2968 | 학습: 91.9% | 검증: 83.5% | lr: 1.56e-05 ★
  에폭 240/300 | 손실: 0.3040 | 학습: 92.0% | 검증: 81.9% | lr: 1.56e-05
  에폭 250/300 | 손실: 0.3006 | 학습: 92.2% | 검증: 82.4% | lr: 7.81e-06
  에폭 260/300 | 손실: 0.3066 | 학습: 92.2% | 검증: 80.4% | lr: 7.81e-06
  에폭 270/300 | 손실: 0.3109 | 학습: 92.2% | 검증: 82.4% | lr: 3.91e-06
  에폭 280/300 | 손실: 0.2903 | 학습: 92.6% | 검증: 81.2% | lr: 1.95e-06
  에폭 290/300 | 손실: 0.3041 | 학습: 92.5% | 검증: 82.2% | lr: 1.00e-06
  에폭 300/300 | 손실: 0.3081 | 학습: 92.0% | 검증: 81.9% | lr: 1.00e-06
[MLP] ✅ 학습 완료 | [128 → 64 → 32] | 최고 검증 정확도: 83.5%  (베스트 체크포인트 복원됨)
[MLP] ── Permutation Importance (베이스라인 정확도: 83.5%) ─
   1. SPECTRAL_FLATNESS             Δacc=++0.1420  ████████████████████████████
   2. SKEWNESS                      Δacc=++0.1232  █████████████████████████
   3. SPECTRAL_BANDWIDTH            Δacc=++0.1150  ███████████████████████
   4. HIGH_RATIO                    Δacc=++0.0921  ██████████████████
   5. SPECTRAL_ROLLOFF              Δacc=++0.0840  █████████████████
   6. MID_RATIO                     Δacc=++0.0819  ████████████████
   7. LOW_RATIO                     Δacc=++0.0733  ███████████████
   8. CENTROID                      Δacc=++0.0702  ██████████████
   9. SECOND_PEAK_FREQ              Δacc=++0.0641  █████████████
  10. PEAK1_TO_PEAK2_RATIO          Δacc=++0.0478  ██████████
  11. PEAK_FREQ                     Δacc=++0.0468  █████████
  12. DC_RATIO                      Δacc=++0.0458  █████████
  13. KURTOSIS                      Δacc=++0.0453  █████████
  14. PEAK_COUNT                    Δacc=++0.0361  ███████
  15. PEAK_TO_AVG_E                 Δacc=++0.0356  ███████
  16. DELTA_PEAK_FREQ               Δacc=++0.0280  ██████
  17. RMS                           Δacc=++0.0148  ███
  18. ENERGY_VARIANCE               Δacc=++0.0056  █
  19. PEAK_ENERGY                   Δacc=++0.0051  █
  20. AVG_ENERGY                    Δacc=++0.0041  █
  21. LOW_TO_HIGH_RATIO             Δacc=-0.0010  
[MLP] ─────────────────────────────────────────────
[MLP] 특징 중요도 저장 → c:\Users\iSEN\Desktop\project\iSENSOR_UART_DEBUGER\AI\mlp\models\mlp_L128-64-32_ep300_lr5e-04_0429_1347_importance.json
[MLP] 저장 완료 → c:\Users\iSEN\Desktop\project\iSENSOR_UART_DEBUGER\AI\mlp\models\mlp_weights.pt  (추론용)
[MLP] 버전 보관 → c:\Users\iSEN\Desktop\project\iSENSOR_UART_DEBUGER\AI\mlp\models\mlp_L128-64-32_ep300_lr5e-04_0429_1347.pt
[MLP] 📊 학습 이력 저장 → c:\Users\iSEN\Desktop\project\iSENSOR_UART_DEBUGER\AI\mlp\models\train_history.json

  ── 이전 학습과 비교 ──────────────────────────────────
  이전 최고 검증 정확도: 79.4%
  현재 최고 검증 정확도: 83.5%
  변화: +4.1%p  ↑ 개선

