[MLP]   svm_data_20260428_164908_W256_S32_I1.csv            529샘플
[MLP]   svm_data_20260428_171251_W256_S32_I1.csv             10샘플
[MLP]   svm_data_20260428_171310_W256_S32_I1.csv            964샘플
[MLP]   svm_data_20260429_104801_W256_S32_I1.csv            170샘플
[MLP]   svm_data_20260429_112044_W256_S1_I1.csv             287샘플
[MLP]   svm_data_20260429_121425.csv                          1샘플
[MLP]   svm_data_20260504_104600_W256_S2_I1.csv            1502샘플
[MLP]   svm_data_20260507_110627.csv                          1샘플
[MLP]   svm_data_20260507_110739_W256_S1_I1.csv             125샘플
[MLP]   svm_data_20260507_110824_W256_S1_I1.csv             956샘플
[MLP]   svm_data_20260507_111128_W256_S2_I1.csv            1128샘플
[MLP]   svm_data_20260507_111854.csv                       2908샘플
[MLP] CSV 12개 병합  →  총 8581샘플
[MLP] 로드 완료 | 전체: 8581개  (배경: 4709, 사람: 3872)
[MLP] 특징 모드: ESP32 (19개)
[MLP] 학습: 6864개 (80%)  검증: 1717개 (20%)  [비율고정: 유지 | 분리시드: 42]
[MLP] ━━━━━━━━━━━━━━━━━━━━━━━━━━━━━━━━━━━━━━━━━━━━━━━
[MLP]  디바이스: cuda (NVIDIA GeForce GTX 1660 SUPER)
[MLP]  구조: 19 → 128 → 64 → 32 → 2
[MLP]  에폭: 300  배치: 16  LR: 5e-04  Dropout: 0.3  Early Stop: patience=30
[MLP]  사용 특징 (19개): SPECTRAL_ROLLOFF, SPECTRAL_BANDWIDTH, PEAK_COUNT, MID_RATIO, LOW_TO_HIGH_RATIO, SECOND_PEAK_FREQ, KURTOSIS, CENTROID, PEAK_FREQ, LOW_RATIO, RMS, PEAK_ENERGY, PEAK_TO_AVG_E, HIGH_RATIO, PEAK1_TO_PEAK2_RATIO, SKEWNESS, DC_RATIO, DELTA_PEAK_FREQ, SPECTRAL_FLATNESS
[MLP] ━━━━━━━━━━━━━━━━━━━━━━━━━━━━━━━━━━━━━━━━━━━━━━━
  에폭   1/300 | 손실: 0.4439 | 학습: 82.8% | 검증: 82.1% | lr: 5.00e-04 ★
  에폭   2/300 | 손실: 0.4002 | 학습: 83.7% | 검증: 83.2% | lr: 5.00e-04 ★
  에폭   3/300 | 손실: 0.3881 | 학습: 84.1% | 검증: 83.7% | lr: 5.00e-04 ★
  에폭   4/300 | 손실: 0.3830 | 학습: 84.4% | 검증: 84.2% | lr: 5.00e-04 ★
  에폭   5/300 | 손실: 0.3742 | 학습: 85.3% | 검증: 84.6% | lr: 5.00e-04 ★
  에폭   6/300 | 손실: 0.3747 | 학습: 85.3% | 검증: 85.1% | lr: 5.00e-04 ★
  에폭   7/300 | 손실: 0.3636 | 학습: 85.2% | 검증: 85.2% | lr: 5.00e-04 ★
  에폭   8/300 | 손실: 0.3656 | 학습: 86.2% | 검증: 86.2% | lr: 5.00e-04 ★
  에폭   9/300 | 손실: 0.3605 | 학습: 85.5% | 검증: 85.5% | lr: 5.00e-04
  에폭  10/300 | 손실: 0.3579 | 학습: 85.7% | 검증: 85.3% | lr: 5.00e-04
  에폭  11/300 | 손실: 0.3602 | 학습: 85.8% | 검증: 85.4% | lr: 5.00e-04
  에폭  12/300 | 손실: 0.3545 | 학습: 85.9% | 검증: 84.8% | lr: 5.00e-04
  에폭  13/300 | 손실: 0.3525 | 학습: 85.7% | 검증: 85.2% | lr: 5.00e-04
  에폭  14/300 | 손실: 0.3521 | 학습: 86.2% | 검증: 85.9% | lr: 5.00e-04
  에폭  15/300 | 손실: 0.3497 | 학습: 86.1% | 검증: 85.9% | lr: 5.00e-04
  에폭  16/300 | 손실: 0.3462 | 학습: 86.5% | 검증: 86.0% | lr: 5.00e-04
  에폭  17/300 | 손실: 0.3461 | 학습: 85.9% | 검증: 85.4% | lr: 5.00e-04
  에폭  18/300 | 손실: 0.3416 | 학습: 87.0% | 검증: 86.4% | lr: 5.00e-04 ★
  에폭  19/300 | 손실: 0.3439 | 학습: 86.8% | 검증: 86.2% | lr: 5.00e-04
  에폭  20/300 | 손실: 0.3395 | 학습: 86.8% | 검증: 85.8% | lr: 5.00e-04
  에폭  21/300 | 손실: 0.3416 | 학습: 86.4% | 검증: 86.4% | lr: 5.00e-04
  에폭  22/300 | 손실: 0.3397 | 학습: 86.9% | 검증: 85.7% | lr: 5.00e-04
  에폭  23/300 | 손실: 0.3380 | 학습: 87.4% | 검증: 86.5% | lr: 5.00e-04 ★
  에폭  24/300 | 손실: 0.3367 | 학습: 87.5% | 검증: 86.3% | lr: 5.00e-04
  에폭  25/300 | 손실: 0.3327 | 학습: 87.1% | 검증: 86.3% | lr: 5.00e-04
  에폭  26/300 | 손실: 0.3370 | 학습: 87.4% | 검증: 86.9% | lr: 5.00e-04 ★
  에폭  27/300 | 손실: 0.3354 | 학습: 87.5% | 검증: 86.5% | lr: 5.00e-04
  에폭  28/300 | 손실: 0.3348 | 학습: 87.2% | 검증: 86.1% | lr: 5.00e-04
  에폭  29/300 | 손실: 0.3272 | 학습: 87.6% | 검증: 86.5% | lr: 5.00e-04
  에폭  30/300 | 손실: 0.3318 | 학습: 87.5% | 검증: 86.7% | lr: 5.00e-04
  에폭  31/300 | 손실: 0.3327 | 학습: 88.1% | 검증: 87.0% | lr: 5.00e-04 ★
  에폭  32/300 | 손실: 0.3258 | 학습: 87.8% | 검증: 86.4% | lr: 5.00e-04
  에폭  33/300 | 손실: 0.3312 | 학습: 87.6% | 검증: 86.7% | lr: 5.00e-04
  에폭  34/300 | 손실: 0.3324 | 학습: 87.7% | 검증: 87.1% | lr: 5.00e-04 ★
  에폭  35/300 | 손실: 0.3330 | 학습: 87.7% | 검증: 87.1% | lr: 5.00e-04 ★
  에폭  36/300 | 손실: 0.3264 | 학습: 87.8% | 검증: 86.6% | lr: 5.00e-04
  에폭  37/300 | 손실: 0.3262 | 학습: 87.5% | 검증: 86.7% | lr: 5.00e-04
  에폭  38/300 | 손실: 0.3244 | 학습: 87.8% | 검증: 86.0% | lr: 5.00e-04
  에폭  39/300 | 손실: 0.3245 | 학습: 87.3% | 검증: 86.1% | lr: 5.00e-04
  에폭  40/300 | 손실: 0.3238 | 학습: 87.8% | 검증: 86.4% | lr: 5.00e-04
  에폭  41/300 | 손실: 0.3202 | 학습: 88.2% | 검증: 86.4% | lr: 5.00e-04
  에폭  42/300 | 손실: 0.3214 | 학습: 87.7% | 검증: 86.4% | lr: 5.00e-04
  에폭  43/300 | 손실: 0.3215 | 학습: 88.3% | 검증: 87.3% | lr: 5.00e-04 ★
  에폭  44/300 | 손실: 0.3213 | 학습: 88.2% | 검증: 86.8% | lr: 5.00e-04
  에폭  45/300 | 손실: 0.3251 | 학습: 88.0% | 검증: 86.4% | lr: 5.00e-04
  에폭  46/300 | 손실: 0.3175 | 학습: 88.4% | 검증: 87.8% | lr: 5.00e-04 ★
  에폭  47/300 | 손실: 0.3220 | 학습: 88.4% | 검증: 86.4% | lr: 5.00e-04
  에폭  48/300 | 손실: 0.3177 | 학습: 88.3% | 검증: 86.8% | lr: 5.00e-04
  에폭  49/300 | 손실: 0.3212 | 학습: 88.3% | 검증: 86.9% | lr: 5.00e-04
  에폭  50/300 | 손실: 0.3210 | 학습: 88.5% | 검증: 87.0% | lr: 5.00e-04
  에폭  51/300 | 손실: 0.3170 | 학습: 88.5% | 검증: 87.0% | lr: 5.00e-04
  에폭  52/300 | 손실: 0.3132 | 학습: 88.4% | 검증: 86.8% | lr: 5.00e-04
  에폭  53/300 | 손실: 0.3192 | 학습: 88.3% | 검증: 87.3% | lr: 5.00e-04
  에폭  54/300 | 손실: 0.3140 | 학습: 88.7% | 검증: 86.8% | lr: 5.00e-04
  에폭  55/300 | 손실: 0.3135 | 학습: 88.7% | 검증: 86.8% | lr: 5.00e-04
  에폭  56/300 | 손실: 0.3123 | 학습: 88.7% | 검증: 87.2% | lr: 5.00e-04
  에폭  57/300 | 손실: 0.3108 | 학습: 89.1% | 검증: 86.7% | lr: 5.00e-04
  에폭  58/300 | 손실: 0.3172 | 학습: 88.4% | 검증: 86.8% | lr: 5.00e-04
  에폭  59/300 | 손실: 0.3056 | 학습: 88.9% | 검증: 87.2% | lr: 5.00e-04
  에폭  60/300 | 손실: 0.3053 | 학습: 89.0% | 검증: 87.2% | lr: 5.00e-04
  에폭  61/300 | 손실: 0.3065 | 학습: 88.9% | 검증: 87.8% | lr: 5.00e-04
  에폭  62/300 | 손실: 0.3085 | 학습: 89.0% | 검증: 87.6% | lr: 5.00e-04
  에폭  63/300 | 손실: 0.3023 | 학습: 88.8% | 검증: 87.7% | lr: 5.00e-04
  에폭  64/300 | 손실: 0.3050 | 학습: 88.7% | 검증: 87.5% | lr: 5.00e-04
  에폭  65/300 | 손실: 0.3051 | 학습: 88.9% | 검증: 87.8% | lr: 5.00e-04
  에폭  66/300 | 손실: 0.3019 | 학습: 89.1% | 검증: 87.9% | lr: 5.00e-04 ★
  에폭  67/300 | 손실: 0.3028 | 학습: 89.0% | 검증: 87.3% | lr: 5.00e-04
  에폭  68/300 | 손실: 0.3062 | 학습: 89.2% | 검증: 87.8% | lr: 5.00e-04
  에폭  69/300 | 손실: 0.3015 | 학습: 89.1% | 검증: 87.8% | lr: 5.00e-04
  에폭  70/300 | 손실: 0.3068 | 학습: 89.2% | 검증: 87.1% | lr: 5.00e-04
  에폭  71/300 | 손실: 0.2997 | 학습: 89.3% | 검증: 87.1% | lr: 5.00e-04
  에폭  72/300 | 손실: 0.3033 | 학습: 89.0% | 검증: 87.2% | lr: 5.00e-04
  에폭  73/300 | 손실: 0.2988 | 학습: 89.4% | 검증: 87.0% | lr: 5.00e-04
  에폭  74/300 | 손실: 0.3014 | 학습: 88.8% | 검증: 87.2% | lr: 5.00e-04
  에폭  75/300 | 손실: 0.2992 | 학습: 89.2% | 검증: 87.3% | lr: 5.00e-04
  에폭  76/300 | 손실: 0.2938 | 학습: 89.4% | 검증: 88.0% | lr: 5.00e-04 ★
  에폭  77/300 | 손실: 0.2999 | 학습: 89.6% | 검증: 88.1% | lr: 5.00e-04 ★
  에폭  78/300 | 손실: 0.2985 | 학습: 89.4% | 검증: 87.1% | lr: 5.00e-04
  에폭  79/300 | 손실: 0.3025 | 학습: 89.6% | 검증: 88.4% | lr: 5.00e-04 ★
  에폭  80/300 | 손실: 0.2974 | 학습: 89.5% | 검증: 87.4% | lr: 5.00e-04
  에폭  81/300 | 손실: 0.2977 | 학습: 89.5% | 검증: 87.7% | lr: 5.00e-04
  에폭  82/300 | 손실: 0.2962 | 학습: 89.6% | 검증: 87.4% | lr: 5.00e-04
  에폭  83/300 | 손실: 0.2941 | 학습: 89.6% | 검증: 87.3% | lr: 5.00e-04
  에폭  84/300 | 손실: 0.2972 | 학습: 89.5% | 검증: 88.1% | lr: 5.00e-04
  에폭  85/300 | 손실: 0.2972 | 학습: 89.6% | 검증: 87.6% | lr: 5.00e-04
  에폭  86/300 | 손실: 0.2965 | 학습: 89.6% | 검증: 87.8% | lr: 5.00e-04
  에폭  87/300 | 손실: 0.2948 | 학습: 89.7% | 검증: 87.5% | lr: 2.50e-04
  에폭  88/300 | 손실: 0.2910 | 학습: 90.1% | 검증: 88.2% | lr: 2.50e-04
  에폭  89/300 | 손실: 0.2882 | 학습: 90.2% | 검증: 87.8% | lr: 2.50e-04
  에폭  90/300 | 손실: 0.2806 | 학습: 89.7% | 검증: 87.2% | lr: 2.50e-04
  에폭  91/300 | 손실: 0.2860 | 학습: 89.9% | 검증: 88.1% | lr: 2.50e-04
  에폭  92/300 | 손실: 0.2854 | 학습: 90.3% | 검증: 88.1% | lr: 2.50e-04
  에폭  93/300 | 손실: 0.2870 | 학습: 90.1% | 검증: 87.5% | lr: 2.50e-04
  에폭  94/300 | 손실: 0.2844 | 학습: 90.0% | 검증: 87.8% | lr: 2.50e-04
  에폭  95/300 | 손실: 0.2895 | 학습: 90.2% | 검증: 87.6% | lr: 2.50e-04
  에폭  96/300 | 손실: 0.2863 | 학습: 90.2% | 검증: 87.9% | lr: 2.50e-04
  에폭  97/300 | 손실: 0.2864 | 학습: 90.2% | 검증: 87.6% | lr: 2.50e-04
  에폭  98/300 | 손실: 0.2796 | 학습: 90.2% | 검증: 87.5% | lr: 2.50e-04
  에폭  99/300 | 손실: 0.2843 | 학습: 90.5% | 검증: 88.0% | lr: 2.50e-04
  에폭 100/300 | 손실: 0.2867 | 학습: 90.5% | 검증: 87.5% | lr: 2.50e-04
  에폭 101/300 | 손실: 0.2834 | 학습: 90.2% | 검증: 87.5% | lr: 2.50e-04
  에폭 102/300 | 손실: 0.2812 | 학습: 90.5% | 검증: 87.6% | lr: 2.50e-04
  에폭 103/300 | 손실: 0.2809 | 학습: 90.2% | 검증: 87.5% | lr: 2.50e-04
  에폭 104/300 | 손실: 0.2836 | 학습: 90.2% | 검증: 87.9% | lr: 2.50e-04
  에폭 105/300 | 손실: 0.2815 | 학습: 90.3% | 검증: 87.5% | lr: 2.50e-04
  에폭 106/300 | 손실: 0.2803 | 학습: 90.4% | 검증: 87.6% | lr: 2.50e-04
  에폭 107/300 | 손실: 0.2829 | 학습: 90.4% | 검증: 87.8% | lr: 2.50e-04
  에폭 108/300 | 손실: 0.2820 | 학습: 90.5% | 검증: 88.0% | lr: 2.50e-04
  에폭 109/300 | 손실: 0.2839 | 학습: 90.5% | 검증: 87.9% | lr: 1.25e-04
[MLP] ⏹ Early stopping — 109에폭 (검증 정확도 30에폭간 개선 없음)
[MLP] ✅ 학습 완료 | [128 → 64 → 32] | 최고 검증 정확도: 88.4%  (베스트 체크포인트 복원됨)
[MLP] ── Permutation Importance (베이스라인 정확도: 88.4%) ─
   1. SPECTRAL_FLATNESS             Δacc=++0.2252  █████████████████████████████████████████████  (스펙트럼 평탄도)
   2. CENTROID                      Δacc=++0.1341  ███████████████████████████  (스펙트럼 무게중심)
   3. SKEWNESS                      Δacc=++0.1033  █████████████████████  (스펙트럼 비대칭도)
   4. LOW_RATIO                     Δacc=++0.0718  ██████████████  (저주파 비율 (0~5Hz))
   5. SPECTRAL_BANDWIDTH            Δacc=++0.0643  █████████████  (스펙트럼 대역폭)
   6. SPECTRAL_ROLLOFF              Δacc=++0.0614  ████████████  (스펙트럼 롤오프)
   7. HIGH_RATIO                    Δacc=++0.0543  ███████████  (고주파 비율 (10Hz↑))
   8. MID_RATIO                     Δacc=++0.0438  █████████  (중주파 비율 (5~10Hz))
   9. DC_RATIO                      Δacc=++0.0416  ████████  (DC 성분 비율)
  10. PEAK_TO_AVG_E                 Δacc=++0.0377  ████████  (피크/평균 에너지 비)
  11. PEAK_FREQ                     Δacc=++0.0358  ███████  (1위 피크 주파수)
  12. KURTOSIS                      Δacc=++0.0295  ██████  (에너지 분포 첨도)
  13. SECOND_PEAK_FREQ              Δacc=++0.0193  ████  (2번째 피크 주파수)
  14. PEAK_COUNT                    Δacc=++0.0112  ██  (피크 빈 개수)
  15. PEAK1_TO_PEAK2_RATIO          Δacc=++0.0096  ██  (1·2위 피크 비율)
  16. RMS                           Δacc=++0.0073  █  (RMS 에너지)
  17. DELTA_PEAK_FREQ               Δacc=++0.0052  █  (피크 주파수 변화량)
  18. PEAK_ENERGY                   Δacc=++0.0023    (피크 에너지)
  19. LOW_TO_HIGH_RATIO             Δacc=++0.0009    (저/고주파 에너지 비율)
[MLP] ─────────────────────────────────────────────
[MLP] 특징 중요도 저장 → c:\Users\iSEN\Desktop\project\iSENSOR_UART_DEBUGER\AI\mlp\models\mlp_L128-64-32_ep300_lr5e-04_d3_b16_f19_0507_1230_importance.json
[MLP] 저장 완료 → c:\Users\iSEN\Desktop\project\iSENSOR_UART_DEBUGER\AI\mlp\models\mlp_weights.pt  (추론용)
[MLP] 버전 보관 → c:\Users\iSEN\Desktop\project\iSENSOR_UART_DEBUGER\AI\mlp\models\mlp_L128-64-32_ep300_lr5e-04_d3_b16_f19_0507_1230.pt
[MLP] 📊 학습 이력 저장 → c:\Users\iSEN\Desktop\project\iSENSOR_UART_DEBUGER\AI\mlp\models\train_history.json

  ── 이전 학습과 비교 ──────────────────────────────────
  이전 최고 검증 정확도: 86.0%
  현재 최고 검증 정확도: 88.4%
  변화: +2.4%p  ↑ 개선

