[MLP]   svm_data_20260428_164908_W256_S32_I1.csv            529샘플
[MLP]   svm_data_20260428_171251_W256_S32_I1.csv             10샘플
[MLP]   svm_data_20260428_171310_W256_S32_I1.csv            964샘플
[MLP]   svm_data_20260429_104801_W256_S32_I1.csv            170샘플
[MLP]   svm_data_20260429_112044_W256_S1_I1.csv             287샘플
[MLP]   svm_data_20260429_121425.csv                          1샘플
[MLP] CSV 6개 병합  →  총 1961샘플
[MLP] 로드 완료 | 전체: 1961개  (배경: 997, 사람: 964)
[MLP] 특징 모드: PC 재계산 (25개)
[MLP] 학습: 1568개 (80%)  검증: 393개 (20%)  [비율고정: 유지 | 분리시드: 42]
[MLP] ━━━━━━━━━━━━━━━━━━━━━━━━━━━━━━━━━━━━━━━━━━━━━━━
[MLP]  디바이스: cpu
[MLP]  구조: 25 → 128 → 64 → 32 → 2
[MLP]  에폭: 300  배치: 32  LR: 5e-04  Dropout: 0.3  Early Stop: 비활성화
[MLP]  사용 특징 (25개): magnitudes_1, magnitudes_2, magnitudes_3, magnitudes_4, magnitudes_5, magnitudes_6, magnitudes_7, magnitudes_8, magnitudes_9, magnitudes_10, magnitudes_11, magnitudes_12, magnitudes_13, magnitudes_14, magnitudes_15, peak_freq, peak_mag, std_mag, centroid, low_energy, mid_energy, rms, low_ratio, spectral_entropy, peak_to_mean
[MLP] ━━━━━━━━━━━━━━━━━━━━━━━━━━━━━━━━━━━━━━━━━━━━━━━
  에폭   1/300 | 손실: 0.6366 | 학습: 69.6% | 검증: 70.0% | lr: 5.00e-04 ★
  에폭   2/300 | 손실: 0.5502 | 학습: 70.6% | 검증: 71.0% | lr: 5.00e-04 ★
  에폭   3/300 | 손실: 0.5250 | 학습: 68.9% | 검증: 72.5% | lr: 5.00e-04 ★
  에폭   4/300 | 손실: 0.5169 | 학습: 70.5% | 검증: 73.0% | lr: 5.00e-04 ★
  에폭   5/300 | 손실: 0.5078 | 학습: 70.8% | 검증: 72.3% | lr: 5.00e-04
  에폭   6/300 | 손실: 0.5056 | 학습: 72.3% | 검증: 72.8% | lr: 5.00e-04
  에폭   7/300 | 손실: 0.5002 | 학습: 74.4% | 검증: 73.0% | lr: 5.00e-04
  에폭   8/300 | 손실: 0.4963 | 학습: 74.6% | 검증: 74.0% | lr: 5.00e-04 ★
  에폭   9/300 | 손실: 0.4886 | 학습: 75.3% | 검증: 73.0% | lr: 5.00e-04
  에폭  10/300 | 손실: 0.4948 | 학습: 76.3% | 검증: 73.8% | lr: 5.00e-04
  에폭  11/300 | 손실: 0.4923 | 학습: 75.6% | 검증: 73.3% | lr: 5.00e-04
  에폭  12/300 | 손실: 0.4939 | 학습: 76.7% | 검증: 75.8% | lr: 5.00e-04 ★
  에폭  13/300 | 손실: 0.4738 | 학습: 77.7% | 검증: 75.8% | lr: 5.00e-04
  에폭  14/300 | 손실: 0.4775 | 학습: 76.0% | 검증: 74.6% | lr: 5.00e-04
  에폭  15/300 | 손실: 0.4778 | 학습: 76.8% | 검증: 73.5% | lr: 5.00e-04
  에폭  16/300 | 손실: 0.4727 | 학습: 76.1% | 검증: 75.3% | lr: 5.00e-04
  에폭  17/300 | 손실: 0.4674 | 학습: 77.9% | 검증: 76.3% | lr: 5.00e-04 ★
  에폭  18/300 | 손실: 0.4681 | 학습: 77.9% | 검증: 76.8% | lr: 5.00e-04 ★
  에폭  19/300 | 손실: 0.4666 | 학습: 78.7% | 검증: 76.1% | lr: 5.00e-04
  에폭  20/300 | 손실: 0.4643 | 학습: 78.6% | 검증: 75.8% | lr: 5.00e-04
  에폭  21/300 | 손실: 0.4701 | 학습: 78.4% | 검증: 75.3% | lr: 5.00e-04
  에폭  22/300 | 손실: 0.4607 | 학습: 78.3% | 검증: 76.3% | lr: 5.00e-04
  에폭  23/300 | 손실: 0.4553 | 학습: 79.0% | 검증: 77.1% | lr: 5.00e-04 ★
  에폭  24/300 | 손실: 0.4622 | 학습: 79.5% | 검증: 75.3% | lr: 5.00e-04
  에폭  25/300 | 손실: 0.4510 | 학습: 78.9% | 검증: 77.4% | lr: 5.00e-04 ★
  에폭  26/300 | 손실: 0.4572 | 학습: 79.0% | 검증: 76.1% | lr: 5.00e-04
  에폭  27/300 | 손실: 0.4533 | 학습: 79.8% | 검증: 76.1% | lr: 5.00e-04
  에폭  28/300 | 손실: 0.4388 | 학습: 78.6% | 검증: 76.1% | lr: 5.00e-04
  에폭  29/300 | 손실: 0.4548 | 학습: 77.5% | 검증: 74.0% | lr: 5.00e-04
  에폭  30/300 | 손실: 0.4411 | 학습: 79.4% | 검증: 76.1% | lr: 5.00e-04
  에폭  31/300 | 손실: 0.4480 | 학습: 79.3% | 검증: 75.8% | lr: 5.00e-04
  에폭  32/300 | 손실: 0.4482 | 학습: 80.2% | 검증: 76.6% | lr: 5.00e-04
  에폭  33/300 | 손실: 0.4419 | 학습: 79.1% | 검증: 75.1% | lr: 5.00e-04
  에폭  34/300 | 손실: 0.4426 | 학습: 80.7% | 검증: 77.1% | lr: 5.00e-04
  에폭  35/300 | 손실: 0.4400 | 학습: 77.6% | 검증: 74.8% | lr: 5.00e-04
  에폭  36/300 | 손실: 0.4334 | 학습: 81.4% | 검증: 77.4% | lr: 5.00e-04
  에폭  37/300 | 손실: 0.4301 | 학습: 78.1% | 검증: 75.3% | lr: 5.00e-04
  에폭  38/300 | 손실: 0.4322 | 학습: 80.4% | 검증: 76.3% | lr: 5.00e-04
  에폭  39/300 | 손실: 0.4321 | 학습: 81.6% | 검증: 77.6% | lr: 5.00e-04 ★
  에폭  40/300 | 손실: 0.4222 | 학습: 80.7% | 검증: 76.1% | lr: 5.00e-04
  에폭  41/300 | 손실: 0.4281 | 학습: 79.9% | 검증: 76.8% | lr: 5.00e-04
  에폭  42/300 | 손실: 0.4287 | 학습: 80.5% | 검증: 77.6% | lr: 5.00e-04
  에폭  43/300 | 손실: 0.4136 | 학습: 81.2% | 검증: 75.6% | lr: 5.00e-04
  에폭  44/300 | 손실: 0.4159 | 학습: 80.4% | 검증: 75.8% | lr: 5.00e-04
  에폭  45/300 | 손실: 0.4164 | 학습: 81.1% | 검증: 77.4% | lr: 5.00e-04
  에폭  46/300 | 손실: 0.4237 | 학습: 81.2% | 검증: 77.1% | lr: 5.00e-04
  에폭  47/300 | 손실: 0.4227 | 학습: 80.2% | 검증: 77.6% | lr: 5.00e-04
  에폭  48/300 | 손실: 0.4093 | 학습: 81.1% | 검증: 77.9% | lr: 5.00e-04 ★
  에폭  49/300 | 손실: 0.4109 | 학습: 81.1% | 검증: 77.6% | lr: 5.00e-04
  에폭  50/300 | 손실: 0.4127 | 학습: 82.0% | 검증: 77.4% | lr: 5.00e-04
  에폭  51/300 | 손실: 0.3951 | 학습: 82.8% | 검증: 78.6% | lr: 5.00e-04 ★
  에폭  52/300 | 손실: 0.4148 | 학습: 80.7% | 검증: 75.3% | lr: 5.00e-04
  에폭  53/300 | 손실: 0.4089 | 학습: 81.6% | 검증: 76.3% | lr: 5.00e-04
  에폭  54/300 | 손실: 0.4023 | 학습: 82.1% | 검증: 77.9% | lr: 5.00e-04
  에폭  55/300 | 손실: 0.4113 | 학습: 81.3% | 검증: 77.6% | lr: 5.00e-04
  에폭  56/300 | 손실: 0.4099 | 학습: 82.0% | 검증: 77.1% | lr: 5.00e-04
  에폭  57/300 | 손실: 0.3996 | 학습: 80.4% | 검증: 79.1% | lr: 5.00e-04 ★
  에폭  58/300 | 손실: 0.4039 | 학습: 82.8% | 검증: 76.6% | lr: 5.00e-04
  에폭  59/300 | 손실: 0.4000 | 학습: 83.7% | 검증: 77.1% | lr: 5.00e-04
  에폭  60/300 | 손실: 0.4064 | 학습: 80.9% | 검증: 76.6% | lr: 5.00e-04
  에폭  61/300 | 손실: 0.4055 | 학습: 83.8% | 검증: 78.4% | lr: 5.00e-04
  에폭  62/300 | 손실: 0.3996 | 학습: 82.8% | 검증: 78.6% | lr: 2.50e-04
  에폭  63/300 | 손실: 0.4042 | 학습: 83.5% | 검증: 79.9% | lr: 2.50e-04 ★
  에폭  64/300 | 손실: 0.3841 | 학습: 83.5% | 검증: 79.4% | lr: 2.50e-04
  에폭  65/300 | 손실: 0.3881 | 학습: 82.8% | 검증: 78.1% | lr: 2.50e-04
  에폭  66/300 | 손실: 0.3951 | 학습: 84.3% | 검증: 77.4% | lr: 2.50e-04
  에폭  67/300 | 손실: 0.3845 | 학습: 83.4% | 검증: 77.9% | lr: 2.50e-04
  에폭  68/300 | 손실: 0.3898 | 학습: 83.4% | 검증: 78.4% | lr: 2.50e-04
  에폭  69/300 | 손실: 0.3863 | 학습: 83.0% | 검증: 78.9% | lr: 2.50e-04
  에폭  70/300 | 손실: 0.3819 | 학습: 83.3% | 검증: 78.4% | lr: 2.50e-04
  에폭  71/300 | 손실: 0.3657 | 학습: 84.1% | 검증: 78.4% | lr: 2.50e-04
  에폭  72/300 | 손실: 0.3835 | 학습: 83.3% | 검증: 78.4% | lr: 2.50e-04
  에폭  73/300 | 손실: 0.3971 | 학습: 84.8% | 검증: 76.6% | lr: 2.50e-04
  에폭  74/300 | 손실: 0.3713 | 학습: 84.4% | 검증: 77.4% | lr: 2.50e-04
  에폭  75/300 | 손실: 0.3776 | 학습: 84.1% | 검증: 77.9% | lr: 2.50e-04
  에폭  76/300 | 손실: 0.3806 | 학습: 84.3% | 검증: 76.8% | lr: 2.50e-04
  에폭  77/300 | 손실: 0.3923 | 학습: 84.5% | 검증: 77.9% | lr: 2.50e-04
  에폭  78/300 | 손실: 0.3691 | 학습: 85.7% | 검증: 78.4% | lr: 2.50e-04
  에폭  79/300 | 손실: 0.3766 | 학습: 83.9% | 검증: 77.4% | lr: 2.50e-04
  에폭  80/300 | 손실: 0.3743 | 학습: 84.8% | 검증: 77.6% | lr: 2.50e-04
  에폭  81/300 | 손실: 0.3659 | 학습: 84.9% | 검증: 77.6% | lr: 2.50e-04
  에폭  82/300 | 손실: 0.3632 | 학습: 85.7% | 검증: 78.6% | lr: 2.50e-04
  에폭  83/300 | 손실: 0.3810 | 학습: 85.0% | 검증: 77.9% | lr: 2.50e-04
  에폭  84/300 | 손실: 0.3894 | 학습: 83.2% | 검증: 77.6% | lr: 2.50e-04
  에폭  85/300 | 손실: 0.3653 | 학습: 85.8% | 검증: 79.4% | lr: 2.50e-04
  에폭  86/300 | 손실: 0.3664 | 학습: 83.6% | 검증: 78.9% | lr: 2.50e-04
  에폭  87/300 | 손실: 0.3661 | 학습: 86.0% | 검증: 78.4% | lr: 2.50e-04
  에폭  88/300 | 손실: 0.3736 | 학습: 85.6% | 검증: 79.1% | lr: 2.50e-04
  에폭  89/300 | 손실: 0.3696 | 학습: 84.3% | 검증: 78.4% | lr: 2.50e-04
  에폭  90/300 | 손실: 0.3717 | 학습: 85.8% | 검증: 79.6% | lr: 2.50e-04
  에폭  91/300 | 손실: 0.3550 | 학습: 85.8% | 검증: 79.6% | lr: 2.50e-04
  에폭  92/300 | 손실: 0.3745 | 학습: 85.8% | 검증: 78.4% | lr: 2.50e-04
  에폭  93/300 | 손실: 0.3541 | 학습: 86.5% | 검증: 79.6% | lr: 2.50e-04
  에폭  94/300 | 손실: 0.3586 | 학습: 85.1% | 검증: 78.4% | lr: 2.50e-04
  에폭  95/300 | 손실: 0.3742 | 학습: 86.9% | 검증: 79.9% | lr: 2.50e-04
  에폭  96/300 | 손실: 0.3667 | 학습: 87.0% | 검증: 80.7% | lr: 2.50e-04 ★
  에폭  97/300 | 손실: 0.3634 | 학습: 86.5% | 검증: 78.6% | lr: 2.50e-04
  에폭  98/300 | 손실: 0.3612 | 학습: 87.2% | 검증: 79.6% | lr: 2.50e-04
  에폭  99/300 | 손실: 0.3576 | 학습: 85.6% | 검증: 80.4% | lr: 2.50e-04
  에폭 100/300 | 손실: 0.3573 | 학습: 86.7% | 검증: 79.6% | lr: 2.50e-04
  에폭 101/300 | 손실: 0.3604 | 학습: 87.4% | 검증: 80.2% | lr: 2.50e-04
  에폭 102/300 | 손실: 0.3515 | 학습: 85.8% | 검증: 80.4% | lr: 2.50e-04
  에폭 103/300 | 손실: 0.3582 | 학습: 86.8% | 검증: 80.2% | lr: 2.50e-04
  에폭 104/300 | 손실: 0.3599 | 학습: 86.9% | 검증: 78.9% | lr: 2.50e-04
  에폭 105/300 | 손실: 0.3568 | 학습: 86.4% | 검증: 80.4% | lr: 2.50e-04
  에폭 106/300 | 손실: 0.3519 | 학습: 87.2% | 검증: 78.9% | lr: 2.50e-04
  에폭 107/300 | 손실: 0.3523 | 학습: 87.6% | 검증: 79.6% | lr: 2.50e-04
  에폭 108/300 | 손실: 0.3511 | 학습: 87.4% | 검증: 77.9% | lr: 2.50e-04
  에폭 109/300 | 손실: 0.3573 | 학습: 86.3% | 검증: 80.2% | lr: 2.50e-04
  에폭 110/300 | 손실: 0.3633 | 학습: 86.4% | 검증: 79.6% | lr: 2.50e-04
  에폭 111/300 | 손실: 0.3552 | 학습: 85.8% | 검증: 79.9% | lr: 2.50e-04
  에폭 112/300 | 손실: 0.3471 | 학습: 87.5% | 검증: 78.6% | lr: 2.50e-04
  에폭 113/300 | 손실: 0.3612 | 학습: 87.1% | 검증: 78.4% | lr: 2.50e-04
  에폭 114/300 | 손실: 0.3640 | 학습: 87.1% | 검증: 79.1% | lr: 2.50e-04
  에폭 115/300 | 손실: 0.3596 | 학습: 85.8% | 검증: 79.6% | lr: 2.50e-04
  에폭 116/300 | 손실: 0.3575 | 학습: 86.0% | 검증: 80.7% | lr: 2.50e-04
  에폭 117/300 | 손실: 0.3459 | 학습: 87.6% | 검증: 79.6% | lr: 2.50e-04
  에폭 118/300 | 손실: 0.3510 | 학습: 86.5% | 검증: 79.4% | lr: 2.50e-04
  에폭 119/300 | 손실: 0.3354 | 학습: 87.5% | 검증: 79.9% | lr: 2.50e-04
  에폭 120/300 | 손실: 0.3603 | 학습: 88.3% | 검증: 78.4% | lr: 2.50e-04
  에폭 121/300 | 손실: 0.3608 | 학습: 86.8% | 검증: 80.4% | lr: 2.50e-04
  에폭 122/300 | 손실: 0.3432 | 학습: 87.0% | 검증: 79.4% | lr: 2.50e-04
  에폭 123/300 | 손실: 0.3677 | 학습: 88.1% | 검증: 79.4% | lr: 2.50e-04
  에폭 124/300 | 손실: 0.3432 | 학습: 87.0% | 검증: 78.6% | lr: 2.50e-04
  에폭 125/300 | 손실: 0.3469 | 학습: 88.8% | 검증: 79.1% | lr: 2.50e-04
  에폭 126/300 | 손실: 0.3347 | 학습: 87.5% | 검증: 80.7% | lr: 2.50e-04
  에폭 127/300 | 손실: 0.3390 | 학습: 88.8% | 검증: 79.1% | lr: 2.50e-04
  에폭 128/300 | 손실: 0.3445 | 학습: 88.0% | 검증: 79.6% | lr: 2.50e-04
  에폭 129/300 | 손실: 0.3479 | 학습: 88.9% | 검증: 79.4% | lr: 2.50e-04
  에폭 130/300 | 손실: 0.3463 | 학습: 88.5% | 검증: 80.4% | lr: 2.50e-04
  에폭 131/300 | 손실: 0.3311 | 학습: 88.7% | 검증: 79.6% | lr: 2.50e-04
  에폭 132/300 | 손실: 0.3363 | 학습: 88.5% | 검증: 80.7% | lr: 2.50e-04
  에폭 133/300 | 손실: 0.3597 | 학습: 87.7% | 검증: 79.4% | lr: 2.50e-04
  에폭 134/300 | 손실: 0.3398 | 학습: 88.1% | 검증: 80.7% | lr: 2.50e-04
  에폭 135/300 | 손실: 0.3507 | 학습: 89.3% | 검증: 79.1% | lr: 2.50e-04
  에폭 136/300 | 손실: 0.3432 | 학습: 88.8% | 검증: 78.9% | lr: 2.50e-04
  에폭 137/300 | 손실: 0.3421 | 학습: 89.2% | 검증: 79.1% | lr: 2.50e-04
  에폭 138/300 | 손실: 0.3507 | 학습: 86.5% | 검증: 78.4% | lr: 2.50e-04
  에폭 139/300 | 손실: 0.3496 | 학습: 88.4% | 검증: 79.6% | lr: 2.50e-04
  에폭 140/300 | 손실: 0.3348 | 학습: 88.6% | 검증: 79.1% | lr: 2.50e-04
  에폭 141/300 | 손실: 0.3446 | 학습: 89.2% | 검증: 79.6% | lr: 2.50e-04
  에폭 142/300 | 손실: 0.3379 | 학습: 89.5% | 검증: 80.9% | lr: 1.25e-04 ★
  에폭 143/300 | 손실: 0.3361 | 학습: 88.5% | 검증: 79.1% | lr: 1.25e-04
  에폭 144/300 | 손실: 0.3286 | 학습: 89.1% | 검증: 81.2% | lr: 1.25e-04 ★
  에폭 145/300 | 손실: 0.3360 | 학습: 88.0% | 검증: 80.4% | lr: 1.25e-04
  에폭 146/300 | 손실: 0.3421 | 학습: 88.4% | 검증: 80.4% | lr: 1.25e-04
  에폭 147/300 | 손실: 0.3306 | 학습: 88.3% | 검증: 80.7% | lr: 1.25e-04
  에폭 148/300 | 손실: 0.3336 | 학습: 90.2% | 검증: 81.4% | lr: 1.25e-04 ★
  에폭 149/300 | 손실: 0.3365 | 학습: 89.2% | 검증: 81.7% | lr: 1.25e-04 ★
  에폭 150/300 | 손실: 0.3340 | 학습: 88.2% | 검증: 80.7% | lr: 1.25e-04
  에폭 151/300 | 손실: 0.3314 | 학습: 89.2% | 검증: 80.2% | lr: 1.25e-04
  에폭 152/300 | 손실: 0.3386 | 학습: 90.4% | 검증: 81.2% | lr: 1.25e-04
  에폭 153/300 | 손실: 0.3093 | 학습: 88.6% | 검증: 80.7% | lr: 1.25e-04
  에폭 154/300 | 손실: 0.3172 | 학습: 89.1% | 검증: 80.7% | lr: 1.25e-04
  에폭 155/300 | 손실: 0.3478 | 학습: 90.0% | 검증: 80.9% | lr: 1.25e-04
  에폭 156/300 | 손실: 0.3260 | 학습: 88.1% | 검증: 81.2% | lr: 1.25e-04
  에폭 157/300 | 손실: 0.3193 | 학습: 89.5% | 검증: 79.9% | lr: 1.25e-04
  에폭 158/300 | 손실: 0.3280 | 학습: 89.1% | 검증: 80.9% | lr: 1.25e-04
  에폭 159/300 | 손실: 0.3274 | 학습: 89.9% | 검증: 80.2% | lr: 1.25e-04
  에폭 160/300 | 손실: 0.3329 | 학습: 89.5% | 검증: 79.6% | lr: 1.25e-04
  에폭 161/300 | 손실: 0.3436 | 학습: 89.3% | 검증: 80.9% | lr: 1.25e-04
  에폭 162/300 | 손실: 0.3460 | 학습: 89.1% | 검증: 81.4% | lr: 1.25e-04
  에폭 163/300 | 손실: 0.3221 | 학습: 88.7% | 검증: 80.7% | lr: 1.25e-04
  에폭 164/300 | 손실: 0.3236 | 학습: 90.3% | 검증: 80.9% | lr: 6.25e-05
  에폭 165/300 | 손실: 0.3255 | 학습: 89.2% | 검증: 80.7% | lr: 6.25e-05
  에폭 166/300 | 손실: 0.3172 | 학습: 90.4% | 검증: 81.2% | lr: 6.25e-05
  에폭 167/300 | 손실: 0.3202 | 학습: 88.8% | 검증: 78.4% | lr: 6.25e-05
  에폭 168/300 | 손실: 0.3253 | 학습: 90.4% | 검증: 80.7% | lr: 6.25e-05
  에폭 169/300 | 손실: 0.3423 | 학습: 90.2% | 검증: 80.7% | lr: 6.25e-05
  에폭 170/300 | 손실: 0.3191 | 학습: 88.6% | 검증: 80.4% | lr: 6.25e-05
  에폭 171/300 | 손실: 0.3327 | 학습: 90.1% | 검증: 80.4% | lr: 6.25e-05
  에폭 172/300 | 손실: 0.3302 | 학습: 89.2% | 검증: 79.9% | lr: 6.25e-05
  에폭 173/300 | 손실: 0.3232 | 학습: 90.2% | 검증: 79.9% | lr: 6.25e-05
  에폭 174/300 | 손실: 0.3148 | 학습: 90.7% | 검증: 80.9% | lr: 6.25e-05
  에폭 175/300 | 손실: 0.3199 | 학습: 89.6% | 검증: 81.2% | lr: 3.13e-05
  에폭 176/300 | 손실: 0.3392 | 학습: 89.3% | 검증: 79.6% | lr: 3.13e-05
  에폭 177/300 | 손실: 0.3316 | 학습: 89.5% | 검증: 80.2% | lr: 3.13e-05
  에폭 178/300 | 손실: 0.3147 | 학습: 89.1% | 검증: 78.9% | lr: 3.13e-05
  에폭 179/300 | 손실: 0.3301 | 학습: 90.4% | 검증: 80.2% | lr: 3.13e-05
  에폭 180/300 | 손실: 0.3183 | 학습: 87.9% | 검증: 80.4% | lr: 3.13e-05
  에폭 181/300 | 손실: 0.3169 | 학습: 89.5% | 검증: 80.7% | lr: 3.13e-05
  에폭 182/300 | 손실: 0.3171 | 학습: 90.6% | 검증: 81.2% | lr: 3.13e-05
  에폭 183/300 | 손실: 0.3171 | 학습: 89.6% | 검증: 79.9% | lr: 3.13e-05
  에폭 184/300 | 손실: 0.3090 | 학습: 89.9% | 검증: 80.7% | lr: 3.13e-05
  에폭 185/300 | 손실: 0.3451 | 학습: 90.7% | 검증: 80.7% | lr: 3.13e-05
  에폭 186/300 | 손실: 0.3061 | 학습: 89.3% | 검증: 80.9% | lr: 3.13e-05
  에폭 187/300 | 손실: 0.3273 | 학습: 89.5% | 검증: 80.9% | lr: 3.13e-05
  에폭 188/300 | 손실: 0.3260 | 학습: 89.9% | 검증: 80.4% | lr: 3.13e-05
  에폭 189/300 | 손실: 0.3175 | 학습: 90.0% | 검증: 79.9% | lr: 3.13e-05
  에폭 190/300 | 손실: 0.3356 | 학습: 88.9% | 검증: 81.7% | lr: 3.13e-05
  에폭 191/300 | 손실: 0.3125 | 학습: 90.1% | 검증: 80.7% | lr: 3.13e-05
  에폭 192/300 | 손실: 0.3398 | 학습: 89.7% | 검증: 80.7% | lr: 3.13e-05
  에폭 193/300 | 손실: 0.3254 | 학습: 87.8% | 검증: 80.4% | lr: 3.13e-05
  에폭 194/300 | 손실: 0.3209 | 학습: 90.4% | 검증: 81.2% | lr: 3.13e-05
  에폭 195/300 | 손실: 0.3272 | 학습: 89.1% | 검증: 79.9% | lr: 3.13e-05
  에폭 196/300 | 손실: 0.3175 | 학습: 90.4% | 검증: 79.6% | lr: 3.13e-05
  에폭 197/300 | 손실: 0.3283 | 학습: 90.4% | 검증: 80.2% | lr: 1.56e-05
  에폭 198/300 | 손실: 0.3273 | 학습: 90.4% | 검증: 80.7% | lr: 1.56e-05
  에폭 199/300 | 손실: 0.3158 | 학습: 89.4% | 검증: 80.9% | lr: 1.56e-05
  에폭 200/300 | 손실: 0.3289 | 학습: 89.7% | 검증: 79.9% | lr: 1.56e-05
  에폭 201/300 | 손실: 0.3225 | 학습: 90.7% | 검증: 80.4% | lr: 1.56e-05
  에폭 202/300 | 손실: 0.3254 | 학습: 90.4% | 검증: 80.2% | lr: 1.56e-05
  에폭 203/300 | 손실: 0.3233 | 학습: 90.1% | 검증: 80.4% | lr: 1.56e-05
  에폭 204/300 | 손실: 0.3246 | 학습: 90.4% | 검증: 80.4% | lr: 1.56e-05
  에폭 205/300 | 손실: 0.3262 | 학습: 89.6% | 검증: 79.9% | lr: 1.56e-05
  에폭 206/300 | 손실: 0.3079 | 학습: 88.2% | 검증: 80.4% | lr: 1.56e-05
  에폭 207/300 | 손실: 0.3238 | 학습: 89.9% | 검증: 81.2% | lr: 1.56e-05
  에폭 208/300 | 손실: 0.3219 | 학습: 89.8% | 검증: 79.9% | lr: 7.81e-06
  에폭 209/300 | 손실: 0.3155 | 학습: 89.5% | 검증: 79.6% | lr: 7.81e-06
  에폭 210/300 | 손실: 0.3099 | 학습: 89.5% | 검증: 80.4% | lr: 7.81e-06
  에폭 211/300 | 손실: 0.3298 | 학습: 89.9% | 검증: 80.4% | lr: 7.81e-06
  에폭 212/300 | 손실: 0.3248 | 학습: 90.4% | 검증: 80.4% | lr: 7.81e-06
  에폭 213/300 | 손실: 0.3166 | 학습: 89.4% | 검증: 79.6% | lr: 7.81e-06
  에폭 214/300 | 손실: 0.3189 | 학습: 89.6% | 검증: 79.6% | lr: 7.81e-06
  에폭 215/300 | 손실: 0.3303 | 학습: 89.0% | 검증: 80.4% | lr: 7.81e-06
  에폭 216/300 | 손실: 0.3128 | 학습: 88.6% | 검증: 80.9% | lr: 7.81e-06
  에폭 217/300 | 손실: 0.3116 | 학습: 90.3% | 검증: 79.6% | lr: 7.81e-06
  에폭 218/300 | 손실: 0.3233 | 학습: 89.2% | 검증: 79.9% | lr: 7.81e-06
  에폭 219/300 | 손실: 0.3299 | 학습: 90.3% | 검증: 79.9% | lr: 3.91e-06
  에폭 220/300 | 손실: 0.3218 | 학습: 89.9% | 검증: 80.2% | lr: 3.91e-06
  에폭 221/300 | 손실: 0.3148 | 학습: 89.3% | 검증: 81.2% | lr: 3.91e-06
  에폭 222/300 | 손실: 0.3343 | 학습: 90.6% | 검증: 80.4% | lr: 3.91e-06
  에폭 223/300 | 손실: 0.3368 | 학습: 89.5% | 검증: 81.2% | lr: 3.91e-06
  에폭 224/300 | 손실: 0.3225 | 학습: 90.2% | 검증: 80.7% | lr: 3.91e-06
  에폭 225/300 | 손실: 0.3293 | 학습: 90.5% | 검증: 80.4% | lr: 3.91e-06
  에폭 226/300 | 손실: 0.3250 | 학습: 90.1% | 검증: 81.4% | lr: 3.91e-06
  에폭 227/300 | 손실: 0.3267 | 학습: 90.1% | 검증: 80.7% | lr: 3.91e-06
  에폭 228/300 | 손실: 0.3318 | 학습: 90.1% | 검증: 80.2% | lr: 3.91e-06
  에폭 229/300 | 손실: 0.3173 | 학습: 90.1% | 검증: 80.2% | lr: 3.91e-06
  에폭 230/300 | 손실: 0.3098 | 학습: 89.8% | 검증: 80.9% | lr: 1.95e-06
  에폭 231/300 | 손실: 0.3133 | 학습: 89.1% | 검증: 80.2% | lr: 1.95e-06
  에폭 232/300 | 손실: 0.3274 | 학습: 89.5% | 검증: 80.9% | lr: 1.95e-06
  에폭 233/300 | 손실: 0.3125 | 학습: 90.1% | 검증: 79.6% | lr: 1.95e-06
  에폭 234/300 | 손실: 0.3186 | 학습: 90.6% | 검증: 80.7% | lr: 1.95e-06
  에폭 235/300 | 손실: 0.3335 | 학습: 89.8% | 검증: 80.2% | lr: 1.95e-06
  에폭 236/300 | 손실: 0.3194 | 학습: 90.5% | 검증: 80.4% | lr: 1.95e-06
  에폭 237/300 | 손실: 0.3088 | 학습: 89.3% | 검증: 79.9% | lr: 1.95e-06
  에폭 238/300 | 손실: 0.3132 | 학습: 89.5% | 검증: 79.1% | lr: 1.95e-06
  에폭 239/300 | 손실: 0.3076 | 학습: 90.4% | 검증: 79.4% | lr: 1.95e-06
  에폭 240/300 | 손실: 0.3247 | 학습: 89.1% | 검증: 79.9% | lr: 1.95e-06
  에폭 241/300 | 손실: 0.3125 | 학습: 90.1% | 검증: 79.9% | lr: 1.00e-06
  에폭 242/300 | 손실: 0.3067 | 학습: 89.9% | 검증: 80.2% | lr: 1.00e-06
  에폭 243/300 | 손실: 0.3054 | 학습: 88.7% | 검증: 80.9% | lr: 1.00e-06
  에폭 244/300 | 손실: 0.3014 | 학습: 90.2% | 검증: 80.2% | lr: 1.00e-06
  에폭 245/300 | 손실: 0.3177 | 학습: 90.6% | 검증: 80.7% | lr: 1.00e-06
  에폭 246/300 | 손실: 0.3230 | 학습: 88.4% | 검증: 80.7% | lr: 1.00e-06
  에폭 247/300 | 손실: 0.3181 | 학습: 90.4% | 검증: 79.1% | lr: 1.00e-06
  에폭 248/300 | 손실: 0.3222 | 학습: 90.1% | 검증: 81.4% | lr: 1.00e-06
  에폭 249/300 | 손실: 0.3058 | 학습: 90.6% | 검증: 80.2% | lr: 1.00e-06
  에폭 250/300 | 손실: 0.3329 | 학습: 90.4% | 검증: 79.9% | lr: 1.00e-06
  에폭 251/300 | 손실: 0.3083 | 학습: 90.2% | 검증: 80.9% | lr: 1.00e-06
  에폭 252/300 | 손실: 0.3188 | 학습: 90.1% | 검증: 79.6% | lr: 1.00e-06
  에폭 253/300 | 손실: 0.3318 | 학습: 90.2% | 검증: 79.6% | lr: 1.00e-06
  에폭 254/300 | 손실: 0.3160 | 학습: 90.6% | 검증: 80.9% | lr: 1.00e-06
  에폭 255/300 | 손실: 0.3244 | 학습: 89.9% | 검증: 80.7% | lr: 1.00e-06
  에폭 256/300 | 손실: 0.3150 | 학습: 90.1% | 검증: 79.9% | lr: 1.00e-06
  에폭 257/300 | 손실: 0.3196 | 학습: 90.9% | 검증: 80.2% | lr: 1.00e-06
  에폭 258/300 | 손실: 0.3035 | 학습: 90.4% | 검증: 80.2% | lr: 1.00e-06
  에폭 259/300 | 손실: 0.3282 | 학습: 90.0% | 검증: 80.2% | lr: 1.00e-06
  에폭 260/300 | 손실: 0.3244 | 학습: 90.1% | 검증: 80.4% | lr: 1.00e-06
  에폭 261/300 | 손실: 0.3209 | 학습: 89.7% | 검증: 80.4% | lr: 1.00e-06
  에폭 262/300 | 손실: 0.3181 | 학습: 89.7% | 검증: 79.1% | lr: 1.00e-06
  에폭 263/300 | 손실: 0.3171 | 학습: 89.3% | 검증: 79.6% | lr: 1.00e-06
  에폭 264/300 | 손실: 0.3220 | 학습: 90.1% | 검증: 80.7% | lr: 1.00e-06
  에폭 265/300 | 손실: 0.3152 | 학습: 89.9% | 검증: 80.2% | lr: 1.00e-06
  에폭 266/300 | 손실: 0.3262 | 학습: 90.0% | 검증: 80.2% | lr: 1.00e-06
  에폭 267/300 | 손실: 0.3237 | 학습: 89.0% | 검증: 78.4% | lr: 1.00e-06
  에폭 268/300 | 손실: 0.3153 | 학습: 90.3% | 검증: 79.9% | lr: 1.00e-06
  에폭 269/300 | 손실: 0.3280 | 학습: 90.2% | 검증: 79.9% | lr: 1.00e-06
  에폭 270/300 | 손실: 0.3283 | 학습: 90.8% | 검증: 79.6% | lr: 1.00e-06
  에폭 271/300 | 손실: 0.3173 | 학습: 91.4% | 검증: 80.9% | lr: 1.00e-06
  에폭 272/300 | 손실: 0.3171 | 학습: 89.3% | 검증: 79.9% | lr: 1.00e-06
  에폭 273/300 | 손실: 0.3180 | 학습: 90.2% | 검증: 79.9% | lr: 1.00e-06
  에폭 274/300 | 손실: 0.3148 | 학습: 90.8% | 검증: 80.9% | lr: 1.00e-06
  에폭 275/300 | 손실: 0.3182 | 학습: 91.1% | 검증: 80.7% | lr: 1.00e-06
  에폭 276/300 | 손실: 0.3237 | 학습: 90.2% | 검증: 78.9% | lr: 1.00e-06
  에폭 277/300 | 손실: 0.3200 | 학습: 90.1% | 검증: 79.6% | lr: 1.00e-06
  에폭 278/300 | 손실: 0.3303 | 학습: 89.9% | 검증: 80.7% | lr: 1.00e-06
  에폭 279/300 | 손실: 0.3288 | 학습: 90.6% | 검증: 80.2% | lr: 1.00e-06
  에폭 280/300 | 손실: 0.3160 | 학습: 89.5% | 검증: 80.7% | lr: 1.00e-06
  에폭 281/300 | 손실: 0.3141 | 학습: 90.9% | 검증: 79.9% | lr: 1.00e-06
  에폭 282/300 | 손실: 0.3204 | 학습: 90.3% | 검증: 80.9% | lr: 1.00e-06
  에폭 283/300 | 손실: 0.3030 | 학습: 90.1% | 검증: 80.4% | lr: 1.00e-06
  에폭 284/300 | 손실: 0.3087 | 학습: 90.2% | 검증: 80.4% | lr: 1.00e-06
  에폭 285/300 | 손실: 0.3134 | 학습: 89.6% | 검증: 80.7% | lr: 1.00e-06
  에폭 286/300 | 손실: 0.3052 | 학습: 90.1% | 검증: 81.4% | lr: 1.00e-06
  에폭 287/300 | 손실: 0.3146 | 학습: 90.1% | 검증: 80.9% | lr: 1.00e-06
  에폭 288/300 | 손실: 0.3365 | 학습: 89.8% | 검증: 80.2% | lr: 1.00e-06
  에폭 289/300 | 손실: 0.3098 | 학습: 89.7% | 검증: 80.2% | lr: 1.00e-06
  에폭 290/300 | 손실: 0.3121 | 학습: 91.1% | 검증: 81.2% | lr: 1.00e-06
  에폭 291/300 | 손실: 0.3175 | 학습: 90.7% | 검증: 80.9% | lr: 1.00e-06
  에폭 292/300 | 손실: 0.3269 | 학습: 89.3% | 검증: 80.7% | lr: 1.00e-06
  에폭 293/300 | 손실: 0.3103 | 학습: 90.2% | 검증: 80.2% | lr: 1.00e-06
  에폭 294/300 | 손실: 0.3159 | 학습: 90.5% | 검증: 81.2% | lr: 1.00e-06
  에폭 295/300 | 손실: 0.3311 | 학습: 89.7% | 검증: 80.7% | lr: 1.00e-06
  에폭 296/300 | 손실: 0.3154 | 학습: 90.2% | 검증: 80.7% | lr: 1.00e-06
  에폭 297/300 | 손실: 0.3128 | 학습: 90.4% | 검증: 80.9% | lr: 1.00e-06
  에폭 298/300 | 손실: 0.3215 | 학습: 90.4% | 검증: 81.4% | lr: 1.00e-06
  에폭 299/300 | 손실: 0.3097 | 학습: 89.0% | 검증: 80.4% | lr: 1.00e-06
  에폭 300/300 | 손실: 0.3211 | 학습: 90.0% | 검증: 80.4% | lr: 1.00e-06
[MLP] ✅ 학습 완료 | [128 → 64 → 32] | 최고 검증 정확도: 81.7%  (베스트 체크포인트 복원됨)
[MLP] ── Permutation Importance (베이스라인 정확도: 81.7%) ─
   1. low_ratio                     Δacc=++0.1094  ██████████████████████
   2. peak_to_mean                  Δacc=++0.0830  █████████████████
   3. magnitudes_11                 Δacc=++0.0753  ███████████████
   4. centroid                      Δacc=++0.0738  ███████████████
   5. magnitudes_8                  Δacc=++0.0662  █████████████
   6. magnitudes_7                  Δacc=++0.0621  ████████████
   7. magnitudes_13                 Δacc=++0.0529  ███████████
   8. magnitudes_9                  Δacc=++0.0422  ████████
   9. magnitudes_15                 Δacc=++0.0407  ████████
  10. spectral_entropy              Δacc=++0.0321  ██████
  11. magnitudes_10                 Δacc=++0.0321  ██████
  12. magnitudes_12                 Δacc=++0.0310  ██████
  13. magnitudes_6                  Δacc=++0.0270  █████
  14. magnitudes_3                  Δacc=++0.0249  █████
  15. magnitudes_14                 Δacc=++0.0249  █████
  16. magnitudes_5                  Δacc=++0.0229  █████
  17. mid_energy                    Δacc=++0.0209  ████
  18. rms                           Δacc=++0.0209  ████
  19. magnitudes_4                  Δacc=++0.0183  ████
  20. peak_freq                     Δacc=++0.0142  ███
  21. magnitudes_1                  Δacc=++0.0107  ██
  22. magnitudes_2                  Δacc=++0.0092  ██
  23. std_mag                       Δacc=++0.0092  ██
  24. low_energy                    Δacc=++0.0076  ██
  25. peak_mag                      Δacc=++0.0066  █
[MLP] ─────────────────────────────────────────────
[MLP] 특징 중요도 저장 → c:\Users\iSEN\Desktop\project\iSENSOR_UART_DEBUGER\AI\mlp\models\mlp_L128-64-32_ep300_lr5e-04_pc_0429_1327_importance.json
[MLP] 저장 완료 → c:\Users\iSEN\Desktop\project\iSENSOR_UART_DEBUGER\AI\mlp\models\mlp_weights.pt  (추론용)
[MLP] 버전 보관 → c:\Users\iSEN\Desktop\project\iSENSOR_UART_DEBUGER\AI\mlp\models\mlp_L128-64-32_ep300_lr5e-04_pc_0429_1327.pt
[MLP] 📊 학습 이력 저장 → c:\Users\iSEN\Desktop\project\iSENSOR_UART_DEBUGER\AI\mlp\models\train_history.json

  ── 이전 학습과 비교 ──────────────────────────────────
  이전 최고 검증 정확도: 79.9%
  현재 최고 검증 정확도: 81.7%
  변화: +1.8%p  ↑ 개선

