[MLP]   svm_data_20260428_164908_W256_S32_I1.csv            529샘플
[MLP]   svm_data_20260428_171251_W256_S32_I1.csv             10샘플
[MLP]   svm_data_20260428_171310_W256_S32_I1.csv            964샘플
[MLP]   svm_data_20260429_104801_W256_S32_I1.csv            170샘플
[MLP]   svm_data_20260429_112044_W256_S1_I1.csv             287샘플
[MLP] CSV 5개 병합  →  총 1960샘플
[MLP] 로드 완료 | 전체: 1960개  (배경: 996, 사람: 964)
[MLP] 학습: 1568개 (80%)  검증: 392개 (20%)  [비율고정: 유지 | 분리시드: 랜덤]
[MLP] ━━━━━━━━━━━━━━━━━━━━━━━━━━━━━━━━━━━━━━━━━━━━━━━
[MLP]  구조: 21 → 128 → 64 → 32 → 2
[MLP]  에폭: 300  배치: 8  LR: 1e-03  Dropout: 0.3  Early Stop: 비활성화
[MLP]  사용 특징 (21개): SPECTRAL_ROLLOFF, SPECTRAL_BANDWIDTH, PEAK_COUNT, MID_RATIO, LOW_TO_HIGH_RATIO, SECOND_PEAK_FREQ, KURTOSIS, CENTROID, PEAK_FREQ, LOW_RATIO, RMS, AVG_ENERGY, PEAK_ENERGY, ENERGY_VARIANCE, PEAK_TO_AVG_E, HIGH_RATIO, PEAK1_TO_PEAK2_RATIO, SKEWNESS, DC_RATIO, DELTA_PEAK_FREQ, SPECTRAL_FLATNESS
[MLP] ━━━━━━━━━━━━━━━━━━━━━━━━━━━━━━━━━━━━━━━━━━━━━━━
  에폭   1/300 | 손실: 0.5686 | 학습: 70.3% | 검증: 73.7% | lr: 1.00e-03 ★
  에폭   2/300 | 손실: 0.5337 | 학습: 71.7% | 검증: 78.1% | lr: 1.00e-03 ★
  에폭   3/300 | 손실: 0.5215 | 학습: 74.7% | 검증: 75.0% | lr: 1.00e-03
  에폭   4/300 | 손실: 0.5096 | 학습: 74.9% | 검증: 75.3% | lr: 1.00e-03
  에폭   5/300 | 손실: 0.5125 | 학습: 74.2% | 검증: 74.0% | lr: 1.00e-03
  에폭   6/300 | 손실: 0.5152 | 학습: 73.8% | 검증: 75.8% | lr: 1.00e-03
  에폭   7/300 | 손실: 0.5005 | 학습: 73.0% | 검증: 72.2% | lr: 1.00e-03
  에폭   8/300 | 손실: 0.5011 | 학습: 74.2% | 검증: 73.5% | lr: 1.00e-03
  에폭   9/300 | 손실: 0.4962 | 학습: 72.5% | 검증: 71.9% | lr: 1.00e-03
  에폭  10/300 | 손실: 0.5064 | 학습: 74.0% | 검증: 72.7% | lr: 1.00e-03
  에폭  11/300 | 손실: 0.4931 | 학습: 74.6% | 검증: 74.0% | lr: 1.00e-03
  에폭  12/300 | 손실: 0.5030 | 학습: 75.9% | 검증: 76.8% | lr: 1.00e-03
  에폭  13/300 | 손실: 0.4850 | 학습: 73.6% | 검증: 72.4% | lr: 1.00e-03
  에폭  14/300 | 손실: 0.4844 | 학습: 74.9% | 검증: 73.2% | lr: 1.00e-03
  에폭  15/300 | 손실: 0.4926 | 학습: 76.0% | 검증: 74.7% | lr: 1.00e-03
  에폭  16/300 | 손실: 0.4885 | 학습: 75.8% | 검증: 77.6% | lr: 1.00e-03
  에폭  17/300 | 손실: 0.4816 | 학습: 76.2% | 검증: 74.0% | lr: 1.00e-03
  에폭  18/300 | 손실: 0.5015 | 학습: 76.4% | 검증: 77.0% | lr: 1.00e-03
  에폭  19/300 | 손실: 0.4829 | 학습: 76.5% | 검증: 78.1% | lr: 1.00e-03
  에폭  20/300 | 손실: 0.4817 | 학습: 77.3% | 검증: 78.8% | lr: 1.00e-03 ★
  에폭  21/300 | 손실: 0.4725 | 학습: 77.2% | 검증: 76.5% | lr: 1.00e-03
  에폭  22/300 | 손실: 0.4964 | 학습: 77.6% | 검증: 79.1% | lr: 1.00e-03 ★
  에폭  23/300 | 손실: 0.4881 | 학습: 77.6% | 검증: 75.5% | lr: 1.00e-03
  에폭  24/300 | 손실: 0.4709 | 학습: 76.4% | 검증: 77.8% | lr: 1.00e-03
  에폭  25/300 | 손실: 0.4735 | 학습: 75.8% | 검증: 73.2% | lr: 1.00e-03
  에폭  26/300 | 손실: 0.4724 | 학습: 76.0% | 검증: 74.2% | lr: 1.00e-03
  에폭  27/300 | 손실: 0.4719 | 학습: 77.0% | 검증: 75.8% | lr: 1.00e-03
  에폭  28/300 | 손실: 0.4758 | 학습: 77.9% | 검증: 78.8% | lr: 1.00e-03
  에폭  29/300 | 손실: 0.4675 | 학습: 77.6% | 검증: 76.0% | lr: 1.00e-03
  에폭  30/300 | 손실: 0.4760 | 학습: 77.7% | 검증: 78.1% | lr: 1.00e-03
  에폭  31/300 | 손실: 0.4670 | 학습: 78.3% | 검증: 79.6% | lr: 1.00e-03 ★
  에폭  32/300 | 손실: 0.4654 | 학습: 78.6% | 검증: 77.3% | lr: 1.00e-03
  에폭  33/300 | 손실: 0.4709 | 학습: 77.7% | 검증: 77.8% | lr: 1.00e-03
  에폭  34/300 | 손실: 0.4696 | 학습: 77.8% | 검증: 76.0% | lr: 1.00e-03
  에폭  35/300 | 손실: 0.4543 | 학습: 78.0% | 검증: 76.5% | lr: 1.00e-03
  에폭  36/300 | 손실: 0.4718 | 학습: 79.1% | 검증: 78.3% | lr: 1.00e-03
  에폭  37/300 | 손실: 0.4705 | 학습: 77.0% | 검증: 75.0% | lr: 1.00e-03
  에폭  38/300 | 손실: 0.4650 | 학습: 78.9% | 검증: 80.1% | lr: 1.00e-03 ★
  에폭  39/300 | 손실: 0.4713 | 학습: 77.8% | 검증: 76.3% | lr: 1.00e-03
  에폭  40/300 | 손실: 0.4652 | 학습: 77.3% | 검증: 76.8% | lr: 1.00e-03
  에폭  41/300 | 손실: 0.4706 | 학습: 79.0% | 검증: 77.3% | lr: 1.00e-03
  에폭  42/300 | 손실: 0.4728 | 학습: 79.1% | 검증: 78.8% | lr: 1.00e-03
  에폭  43/300 | 손실: 0.4556 | 학습: 78.4% | 검증: 76.8% | lr: 1.00e-03
  에폭  44/300 | 손실: 0.4570 | 학습: 79.3% | 검증: 78.3% | lr: 1.00e-03
  에폭  45/300 | 손실: 0.4669 | 학습: 78.9% | 검증: 76.8% | lr: 1.00e-03
  에폭  46/300 | 손실: 0.4597 | 학습: 79.1% | 검증: 79.8% | lr: 5.00e-04
  에폭  47/300 | 손실: 0.4579 | 학습: 78.5% | 검증: 75.5% | lr: 5.00e-04
  에폭  48/300 | 손실: 0.4504 | 학습: 79.4% | 검증: 76.0% | lr: 5.00e-04
  에폭  49/300 | 손실: 0.4487 | 학습: 79.3% | 검증: 77.6% | lr: 5.00e-04
  에폭  50/300 | 손실: 0.4554 | 학습: 78.3% | 검증: 77.3% | lr: 5.00e-04
  에폭  51/300 | 손실: 0.4461 | 학습: 80.1% | 검증: 78.3% | lr: 5.00e-04
  에폭  52/300 | 손실: 0.4518 | 학습: 79.0% | 검증: 76.3% | lr: 5.00e-04
  에폭  53/300 | 손실: 0.4509 | 학습: 78.6% | 검증: 77.3% | lr: 5.00e-04
  에폭  54/300 | 손실: 0.4577 | 학습: 79.9% | 검증: 77.6% | lr: 5.00e-04
  에폭  55/300 | 손실: 0.4439 | 학습: 80.1% | 검증: 79.3% | lr: 5.00e-04
  에폭  56/300 | 손실: 0.4348 | 학습: 79.8% | 검증: 77.6% | lr: 5.00e-04
  에폭  57/300 | 손실: 0.4517 | 학습: 79.7% | 검증: 77.3% | lr: 5.00e-04
  에폭  58/300 | 손실: 0.4437 | 학습: 80.1% | 검증: 78.8% | lr: 5.00e-04
  에폭  59/300 | 손실: 0.4467 | 학습: 81.1% | 검증: 78.6% | lr: 5.00e-04
  에폭  60/300 | 손실: 0.4417 | 학습: 80.0% | 검증: 78.6% | lr: 5.00e-04
  에폭  61/300 | 손실: 0.4377 | 학습: 80.5% | 검증: 76.8% | lr: 5.00e-04
  에폭  62/300 | 손실: 0.4457 | 학습: 79.0% | 검증: 76.0% | lr: 5.00e-04
  에폭  63/300 | 손실: 0.4456 | 학습: 80.3% | 검증: 78.8% | lr: 5.00e-04
  에폭  64/300 | 손실: 0.4412 | 학습: 80.4% | 검증: 79.1% | lr: 5.00e-04
  에폭  65/300 | 손실: 0.4377 | 학습: 81.1% | 검증: 79.8% | lr: 5.00e-04
  에폭  66/300 | 손실: 0.4353 | 학습: 81.2% | 검증: 79.8% | lr: 5.00e-04
  에폭  67/300 | 손실: 0.4360 | 학습: 80.8% | 검증: 80.6% | lr: 2.50e-04 ★
  에폭  68/300 | 손실: 0.4279 | 학습: 81.2% | 검증: 79.1% | lr: 2.50e-04
  에폭  69/300 | 손실: 0.4258 | 학습: 79.5% | 검증: 78.8% | lr: 2.50e-04
  에폭  70/300 | 손실: 0.4272 | 학습: 80.8% | 검증: 79.1% | lr: 2.50e-04
  에폭  71/300 | 손실: 0.4266 | 학습: 81.4% | 검증: 79.8% | lr: 2.50e-04
  에폭  72/300 | 손실: 0.4379 | 학습: 81.1% | 검증: 78.3% | lr: 2.50e-04
  에폭  73/300 | 손실: 0.4427 | 학습: 80.8% | 검증: 78.8% | lr: 2.50e-04
  에폭  74/300 | 손실: 0.4301 | 학습: 81.4% | 검증: 81.1% | lr: 2.50e-04 ★
  에폭  75/300 | 손실: 0.4415 | 학습: 81.0% | 검증: 78.6% | lr: 2.50e-04
  에폭  76/300 | 손실: 0.4324 | 학습: 81.2% | 검증: 78.8% | lr: 2.50e-04
  에폭  77/300 | 손실: 0.4335 | 학습: 80.5% | 검증: 76.5% | lr: 2.50e-04
  에폭  78/300 | 손실: 0.4369 | 학습: 80.7% | 검증: 77.8% | lr: 2.50e-04
  에폭  79/300 | 손실: 0.4190 | 학습: 80.9% | 검증: 79.1% | lr: 2.50e-04
  에폭  80/300 | 손실: 0.4386 | 학습: 80.6% | 검증: 78.8% | lr: 2.50e-04
  에폭  81/300 | 손실: 0.4347 | 학습: 81.3% | 검증: 78.8% | lr: 2.50e-04
  에폭  82/300 | 손실: 0.4250 | 학습: 80.9% | 검증: 79.6% | lr: 2.50e-04
  에폭  83/300 | 손실: 0.4272 | 학습: 81.4% | 검증: 79.6% | lr: 2.50e-04
  에폭  84/300 | 손실: 0.4206 | 학습: 81.5% | 검증: 79.8% | lr: 2.50e-04
  에폭  85/300 | 손실: 0.4247 | 학습: 80.7% | 검증: 79.8% | lr: 2.50e-04
  에폭  86/300 | 손실: 0.4285 | 학습: 80.9% | 검증: 79.1% | lr: 2.50e-04
  에폭  87/300 | 손실: 0.4319 | 학습: 79.7% | 검증: 77.0% | lr: 2.50e-04
  에폭  88/300 | 손실: 0.4212 | 학습: 81.8% | 검증: 79.8% | lr: 2.50e-04
  에폭  89/300 | 손실: 0.4296 | 학습: 81.0% | 검증: 78.6% | lr: 2.50e-04
  에폭  90/300 | 손실: 0.4260 | 학습: 81.2% | 검증: 80.6% | lr: 1.25e-04
  에폭  91/300 | 손실: 0.4248 | 학습: 81.1% | 검증: 79.8% | lr: 1.25e-04
  에폭  92/300 | 손실: 0.4224 | 학습: 81.5% | 검증: 79.6% | lr: 1.25e-04
  에폭  93/300 | 손실: 0.4303 | 학습: 81.4% | 검증: 79.1% | lr: 1.25e-04
  에폭  94/300 | 손실: 0.4127 | 학습: 80.6% | 검증: 78.8% | lr: 1.25e-04
  에폭  95/300 | 손실: 0.4220 | 학습: 81.3% | 검증: 79.1% | lr: 1.25e-04
  에폭  96/300 | 손실: 0.4242 | 학습: 81.7% | 검증: 79.6% | lr: 1.25e-04
  에폭  97/300 | 손실: 0.4167 | 학습: 82.0% | 검증: 79.6% | lr: 1.25e-04
  에폭  98/300 | 손실: 0.4278 | 학습: 81.4% | 검증: 78.6% | lr: 1.25e-04
  에폭  99/300 | 손실: 0.4186 | 학습: 81.8% | 검증: 78.6% | lr: 1.25e-04
  에폭 100/300 | 손실: 0.4216 | 학습: 82.1% | 검증: 79.1% | lr: 1.25e-04
  에폭 101/300 | 손실: 0.4266 | 학습: 81.9% | 검증: 79.6% | lr: 1.25e-04
  에폭 102/300 | 손실: 0.4230 | 학습: 81.1% | 검증: 79.1% | lr: 1.25e-04
  에폭 103/300 | 손실: 0.4134 | 학습: 81.8% | 검증: 79.1% | lr: 1.25e-04
  에폭 104/300 | 손실: 0.4188 | 학습: 81.5% | 검증: 79.1% | lr: 1.25e-04
  에폭 105/300 | 손실: 0.4164 | 학습: 82.1% | 검증: 79.1% | lr: 6.25e-05
  에폭 106/300 | 손실: 0.4311 | 학습: 82.3% | 검증: 79.3% | lr: 6.25e-05
  에폭 107/300 | 손실: 0.4365 | 학습: 81.3% | 검증: 79.8% | lr: 6.25e-05
  에폭 108/300 | 손실: 0.4174 | 학습: 80.8% | 검증: 77.0% | lr: 6.25e-05
  에폭 109/300 | 손실: 0.4255 | 학습: 82.4% | 검증: 78.8% | lr: 6.25e-05
  에폭 110/300 | 손실: 0.4163 | 학습: 82.2% | 검증: 79.1% | lr: 6.25e-05
  에폭 111/300 | 손실: 0.4136 | 학습: 81.1% | 검증: 79.1% | lr: 6.25e-05
  에폭 112/300 | 손실: 0.4114 | 학습: 82.0% | 검증: 79.8% | lr: 6.25e-05
  에폭 113/300 | 손실: 0.4305 | 학습: 81.6% | 검증: 79.3% | lr: 6.25e-05
  에폭 114/300 | 손실: 0.4308 | 학습: 81.4% | 검증: 77.8% | lr: 6.25e-05
  에폭 115/300 | 손실: 0.4138 | 학습: 80.7% | 검증: 79.6% | lr: 6.25e-05
  에폭 116/300 | 손실: 0.4309 | 학습: 81.9% | 검증: 80.1% | lr: 6.25e-05
  에폭 117/300 | 손실: 0.4385 | 학습: 81.7% | 검증: 79.6% | lr: 6.25e-05
  에폭 118/300 | 손실: 0.4151 | 학습: 82.1% | 검증: 80.4% | lr: 6.25e-05
  에폭 119/300 | 손실: 0.4265 | 학습: 82.0% | 검증: 79.3% | lr: 6.25e-05
  에폭 120/300 | 손실: 0.4235 | 학습: 82.1% | 검증: 78.8% | lr: 6.25e-05
  에폭 121/300 | 손실: 0.4177 | 학습: 81.6% | 검증: 78.8% | lr: 6.25e-05
  에폭 122/300 | 손실: 0.4136 | 학습: 82.0% | 검증: 79.1% | lr: 6.25e-05
  에폭 123/300 | 손실: 0.4147 | 학습: 81.7% | 검증: 79.1% | lr: 3.13e-05
  에폭 124/300 | 손실: 0.4082 | 학습: 81.4% | 검증: 78.3% | lr: 3.13e-05
  에폭 125/300 | 손실: 0.4144 | 학습: 81.6% | 검증: 79.3% | lr: 3.13e-05
  에폭 126/300 | 손실: 0.4163 | 학습: 82.0% | 검증: 79.6% | lr: 3.13e-05
  에폭 127/300 | 손실: 0.4229 | 학습: 82.2% | 검증: 79.8% | lr: 3.13e-05
  에폭 128/300 | 손실: 0.4118 | 학습: 81.8% | 검증: 79.1% | lr: 3.13e-05
  에폭 129/300 | 손실: 0.4243 | 학습: 81.4% | 검증: 78.8% | lr: 3.13e-05
  에폭 130/300 | 손실: 0.4130 | 학습: 82.2% | 검증: 79.8% | lr: 3.13e-05
  에폭 131/300 | 손실: 0.4210 | 학습: 81.7% | 검증: 79.3% | lr: 3.13e-05
  에폭 132/300 | 손실: 0.4104 | 학습: 82.0% | 검증: 80.1% | lr: 3.13e-05
  에폭 133/300 | 손실: 0.4092 | 학습: 81.7% | 검증: 78.8% | lr: 3.13e-05
  에폭 134/300 | 손실: 0.4217 | 학습: 82.7% | 검증: 79.8% | lr: 3.13e-05
  에폭 135/300 | 손실: 0.4056 | 학습: 82.1% | 검증: 79.1% | lr: 3.13e-05
  에폭 136/300 | 손실: 0.4278 | 학습: 80.6% | 검증: 77.3% | lr: 3.13e-05
  에폭 137/300 | 손실: 0.4004 | 학습: 81.1% | 검증: 77.8% | lr: 3.13e-05
  에폭 138/300 | 손실: 0.4152 | 학습: 82.4% | 검증: 79.6% | lr: 3.13e-05
  에폭 139/300 | 손실: 0.4080 | 학습: 82.3% | 검증: 78.8% | lr: 3.13e-05
  에폭 140/300 | 손실: 0.4090 | 학습: 81.9% | 검증: 79.3% | lr: 3.13e-05
  에폭 141/300 | 손실: 0.4231 | 학습: 81.6% | 검증: 79.6% | lr: 3.13e-05
  에폭 142/300 | 손실: 0.4140 | 학습: 81.6% | 검증: 79.6% | lr: 3.13e-05
  에폭 143/300 | 손실: 0.4219 | 학습: 82.5% | 검증: 79.3% | lr: 3.13e-05
  에폭 144/300 | 손실: 0.4077 | 학습: 81.4% | 검증: 79.3% | lr: 3.13e-05
  에폭 145/300 | 손실: 0.4231 | 학습: 80.7% | 검증: 77.8% | lr: 3.13e-05
  에폭 146/300 | 손실: 0.4165 | 학습: 82.3% | 검증: 80.9% | lr: 3.13e-05
  에폭 147/300 | 손실: 0.4261 | 학습: 82.4% | 검증: 79.3% | lr: 3.13e-05
  에폭 148/300 | 손실: 0.4220 | 학습: 81.8% | 검증: 79.1% | lr: 1.56e-05
  에폭 149/300 | 손실: 0.4238 | 학습: 81.1% | 검증: 79.3% | lr: 1.56e-05
  에폭 150/300 | 손실: 0.4132 | 학습: 81.6% | 검증: 79.6% | lr: 1.56e-05
  에폭 151/300 | 손실: 0.4156 | 학습: 82.3% | 검증: 80.9% | lr: 1.56e-05
  에폭 152/300 | 손실: 0.4216 | 학습: 82.2% | 검증: 78.3% | lr: 1.56e-05
  에폭 153/300 | 손실: 0.4245 | 학습: 81.7% | 검증: 79.8% | lr: 1.56e-05
  에폭 154/300 | 손실: 0.4266 | 학습: 82.2% | 검증: 80.4% | lr: 1.56e-05
  에폭 155/300 | 손실: 0.4206 | 학습: 81.6% | 검증: 79.3% | lr: 1.56e-05
  에폭 156/300 | 손실: 0.4110 | 학습: 82.3% | 검증: 79.8% | lr: 1.56e-05
  에폭 157/300 | 손실: 0.4026 | 학습: 81.8% | 검증: 77.8% | lr: 1.56e-05
  에폭 158/300 | 손실: 0.4148 | 학습: 81.8% | 검증: 78.3% | lr: 1.56e-05
  에폭 159/300 | 손실: 0.4108 | 학습: 82.4% | 검증: 79.6% | lr: 7.81e-06
  에폭 160/300 | 손실: 0.4137 | 학습: 82.1% | 검증: 79.6% | lr: 7.81e-06
  에폭 161/300 | 손실: 0.4078 | 학습: 82.7% | 검증: 79.3% | lr: 7.81e-06
  에폭 162/300 | 손실: 0.4163 | 학습: 82.9% | 검증: 79.1% | lr: 7.81e-06
  에폭 163/300 | 손실: 0.4110 | 학습: 82.0% | 검증: 78.6% | lr: 7.81e-06
  에폭 164/300 | 손실: 0.4083 | 학습: 82.6% | 검증: 79.1% | lr: 7.81e-06
  에폭 165/300 | 손실: 0.4168 | 학습: 81.6% | 검증: 79.6% | lr: 7.81e-06
  에폭 166/300 | 손실: 0.4170 | 학습: 81.8% | 검증: 78.1% | lr: 7.81e-06
  에폭 167/300 | 손실: 0.4155 | 학습: 81.3% | 검증: 79.8% | lr: 7.81e-06
  에폭 168/300 | 손실: 0.4161 | 학습: 81.7% | 검증: 80.1% | lr: 7.81e-06
  에폭 169/300 | 손실: 0.4230 | 학습: 82.2% | 검증: 79.6% | lr: 7.81e-06
  에폭 170/300 | 손실: 0.4122 | 학습: 81.9% | 검증: 77.3% | lr: 3.91e-06
  에폭 171/300 | 손실: 0.4221 | 학습: 82.0% | 검증: 79.6% | lr: 3.91e-06
  에폭 172/300 | 손실: 0.4295 | 학습: 82.3% | 검증: 79.1% | lr: 3.91e-06
  에폭 173/300 | 손실: 0.4207 | 학습: 81.4% | 검증: 76.8% | lr: 3.91e-06
  에폭 174/300 | 손실: 0.4208 | 학습: 81.8% | 검증: 77.6% | lr: 3.91e-06
  에폭 175/300 | 손실: 0.4149 | 학습: 82.0% | 검증: 78.8% | lr: 3.91e-06
  에폭 176/300 | 손실: 0.4204 | 학습: 82.1% | 검증: 80.4% | lr: 3.91e-06
  에폭 177/300 | 손실: 0.4208 | 학습: 82.0% | 검증: 78.8% | lr: 3.91e-06
  에폭 178/300 | 손실: 0.4189 | 학습: 82.8% | 검증: 79.6% | lr: 3.91e-06
  에폭 179/300 | 손실: 0.4159 | 학습: 82.8% | 검증: 79.8% | lr: 3.91e-06
  에폭 180/300 | 손실: 0.4088 | 학습: 81.8% | 검증: 78.8% | lr: 3.91e-06
  에폭 181/300 | 손실: 0.4120 | 학습: 82.8% | 검증: 80.9% | lr: 1.95e-06
  에폭 182/300 | 손실: 0.4127 | 학습: 82.2% | 검증: 78.1% | lr: 1.95e-06
  에폭 183/300 | 손실: 0.4202 | 학습: 82.9% | 검증: 79.3% | lr: 1.95e-06
  에폭 184/300 | 손실: 0.4132 | 학습: 82.5% | 검증: 77.3% | lr: 1.95e-06
  에폭 185/300 | 손실: 0.4122 | 학습: 82.2% | 검증: 78.3% | lr: 1.95e-06
  에폭 186/300 | 손실: 0.4187 | 학습: 80.7% | 검증: 78.1% | lr: 1.95e-06
  에폭 187/300 | 손실: 0.4206 | 학습: 82.5% | 검증: 78.3% | lr: 1.95e-06
  에폭 188/300 | 손실: 0.4235 | 학습: 82.2% | 검증: 80.1% | lr: 1.95e-06
  에폭 189/300 | 손실: 0.4137 | 학습: 82.6% | 검증: 80.6% | lr: 1.95e-06
  에폭 190/300 | 손실: 0.4237 | 학습: 81.1% | 검증: 77.6% | lr: 1.95e-06
  에폭 191/300 | 손실: 0.4245 | 학습: 82.0% | 검증: 80.1% | lr: 1.95e-06
  에폭 192/300 | 손실: 0.4157 | 학습: 81.8% | 검증: 78.8% | lr: 1.00e-06
  에폭 193/300 | 손실: 0.4138 | 학습: 81.9% | 검증: 80.6% | lr: 1.00e-06
  에폭 194/300 | 손실: 0.4169 | 학습: 82.0% | 검증: 79.8% | lr: 1.00e-06
  에폭 195/300 | 손실: 0.4088 | 학습: 81.7% | 검증: 80.4% | lr: 1.00e-06
  에폭 196/300 | 손실: 0.4160 | 학습: 82.7% | 검증: 79.6% | lr: 1.00e-06
  에폭 197/300 | 손실: 0.4179 | 학습: 81.8% | 검증: 78.8% | lr: 1.00e-06
  에폭 198/300 | 손실: 0.4203 | 학습: 82.1% | 검증: 79.1% | lr: 1.00e-06
  에폭 199/300 | 손실: 0.4073 | 학습: 81.2% | 검증: 77.8% | lr: 1.00e-06
  에폭 200/300 | 손실: 0.4075 | 학습: 81.6% | 검증: 79.1% | lr: 1.00e-06
  에폭 201/300 | 손실: 0.4172 | 학습: 82.1% | 검증: 79.1% | lr: 1.00e-06
  에폭 202/300 | 손실: 0.4213 | 학습: 82.3% | 검증: 79.1% | lr: 1.00e-06
  에폭 203/300 | 손실: 0.4292 | 학습: 81.3% | 검증: 78.8% | lr: 1.00e-06
  에폭 204/300 | 손실: 0.4145 | 학습: 82.2% | 검증: 79.6% | lr: 1.00e-06
  에폭 205/300 | 손실: 0.4067 | 학습: 82.5% | 검증: 79.1% | lr: 1.00e-06
  에폭 206/300 | 손실: 0.4196 | 학습: 81.9% | 검증: 78.3% | lr: 1.00e-06
  에폭 207/300 | 손실: 0.4106 | 학습: 81.9% | 검증: 80.1% | lr: 1.00e-06
  에폭 208/300 | 손실: 0.4107 | 학습: 82.4% | 검증: 79.8% | lr: 1.00e-06
  에폭 209/300 | 손실: 0.4246 | 학습: 82.0% | 검증: 79.3% | lr: 1.00e-06
  에폭 210/300 | 손실: 0.4187 | 학습: 81.7% | 검증: 79.3% | lr: 1.00e-06
  에폭 211/300 | 손실: 0.4074 | 학습: 82.5% | 검증: 80.1% | lr: 1.00e-06
  에폭 212/300 | 손실: 0.4100 | 학습: 81.2% | 검증: 77.6% | lr: 1.00e-06
  에폭 213/300 | 손실: 0.4091 | 학습: 82.3% | 검증: 79.1% | lr: 1.00e-06
  에폭 214/300 | 손실: 0.4308 | 학습: 81.2% | 검증: 79.1% | lr: 1.00e-06
  에폭 215/300 | 손실: 0.4218 | 학습: 82.1% | 검증: 79.8% | lr: 1.00e-06
  에폭 216/300 | 손실: 0.4161 | 학습: 81.6% | 검증: 77.8% | lr: 1.00e-06
  에폭 217/300 | 손실: 0.4054 | 학습: 82.3% | 검증: 79.1% | lr: 1.00e-06
  에폭 218/300 | 손실: 0.4195 | 학습: 81.9% | 검증: 78.3% | lr: 1.00e-06
  에폭 219/300 | 손실: 0.4004 | 학습: 82.0% | 검증: 79.8% | lr: 1.00e-06
  에폭 220/300 | 손실: 0.4225 | 학습: 82.3% | 검증: 78.1% | lr: 1.00e-06
  에폭 221/300 | 손실: 0.4119 | 학습: 81.5% | 검증: 78.8% | lr: 1.00e-06
  에폭 222/300 | 손실: 0.4130 | 학습: 81.7% | 검증: 78.6% | lr: 1.00e-06
  에폭 223/300 | 손실: 0.4116 | 학습: 82.2% | 검증: 80.9% | lr: 1.00e-06
  에폭 224/300 | 손실: 0.4099 | 학습: 81.0% | 검증: 78.6% | lr: 1.00e-06
  에폭 225/300 | 손실: 0.4136 | 학습: 81.2% | 검증: 78.3% | lr: 1.00e-06
  에폭 226/300 | 손실: 0.4123 | 학습: 81.2% | 검증: 77.8% | lr: 1.00e-06
  에폭 227/300 | 손실: 0.4207 | 학습: 82.4% | 검증: 79.6% | lr: 1.00e-06
  에폭 228/300 | 손실: 0.4131 | 학습: 82.5% | 검증: 79.8% | lr: 1.00e-06
  에폭 229/300 | 손실: 0.4246 | 학습: 81.6% | 검증: 78.6% | lr: 1.00e-06
  에폭 230/300 | 손실: 0.4194 | 학습: 81.6% | 검증: 77.3% | lr: 1.00e-06
  에폭 231/300 | 손실: 0.4076 | 학습: 82.4% | 검증: 79.6% | lr: 1.00e-06
  에폭 232/300 | 손실: 0.4142 | 학습: 82.5% | 검증: 79.8% | lr: 1.00e-06
  에폭 233/300 | 손실: 0.4236 | 학습: 82.5% | 검증: 80.4% | lr: 1.00e-06
  에폭 234/300 | 손실: 0.4056 | 학습: 82.2% | 검증: 79.3% | lr: 1.00e-06
  에폭 235/300 | 손실: 0.4091 | 학습: 81.7% | 검증: 79.1% | lr: 1.00e-06
  에폭 236/300 | 손실: 0.4092 | 학습: 82.7% | 검증: 79.3% | lr: 1.00e-06
  에폭 237/300 | 손실: 0.4168 | 학습: 81.9% | 검증: 79.6% | lr: 1.00e-06
  에폭 238/300 | 손실: 0.4205 | 학습: 81.4% | 검증: 79.6% | lr: 1.00e-06
  에폭 239/300 | 손실: 0.4098 | 학습: 82.1% | 검증: 77.8% | lr: 1.00e-06
  에폭 240/300 | 손실: 0.4204 | 학습: 81.6% | 검증: 80.1% | lr: 1.00e-06
  에폭 241/300 | 손실: 0.4167 | 학습: 82.0% | 검증: 78.8% | lr: 1.00e-06
  에폭 242/300 | 손실: 0.4140 | 학습: 81.8% | 검증: 78.1% | lr: 1.00e-06
  에폭 243/300 | 손실: 0.4146 | 학습: 82.3% | 검증: 77.3% | lr: 1.00e-06
  에폭 244/300 | 손실: 0.4263 | 학습: 82.1% | 검증: 78.8% | lr: 1.00e-06
  에폭 245/300 | 손실: 0.4217 | 학습: 81.8% | 검증: 79.8% | lr: 1.00e-06
  에폭 246/300 | 손실: 0.4097 | 학습: 81.9% | 검증: 79.3% | lr: 1.00e-06
  에폭 247/300 | 손실: 0.4110 | 학습: 82.1% | 검증: 79.6% | lr: 1.00e-06
  에폭 248/300 | 손실: 0.4187 | 학습: 82.4% | 검증: 79.1% | lr: 1.00e-06
  에폭 249/300 | 손실: 0.4108 | 학습: 82.0% | 검증: 79.6% | lr: 1.00e-06
  에폭 250/300 | 손실: 0.4257 | 학습: 82.0% | 검증: 79.6% | lr: 1.00e-06
  에폭 251/300 | 손실: 0.4151 | 학습: 82.1% | 검증: 80.1% | lr: 1.00e-06
  에폭 252/300 | 손실: 0.4270 | 학습: 82.0% | 검증: 78.8% | lr: 1.00e-06
  에폭 253/300 | 손실: 0.4140 | 학습: 82.0% | 검증: 79.8% | lr: 1.00e-06
  에폭 254/300 | 손실: 0.4129 | 학습: 82.5% | 검증: 79.1% | lr: 1.00e-06
  에폭 255/300 | 손실: 0.4330 | 학습: 81.7% | 검증: 78.1% | lr: 1.00e-06
  에폭 256/300 | 손실: 0.4195 | 학습: 82.0% | 검증: 79.1% | lr: 1.00e-06
  에폭 257/300 | 손실: 0.4133 | 학습: 82.1% | 검증: 77.8% | lr: 1.00e-06
  에폭 258/300 | 손실: 0.4093 | 학습: 82.5% | 검증: 79.3% | lr: 1.00e-06
  에폭 259/300 | 손실: 0.4208 | 학습: 82.5% | 검증: 78.6% | lr: 1.00e-06
  에폭 260/300 | 손실: 0.4073 | 학습: 82.3% | 검증: 79.8% | lr: 1.00e-06
  에폭 261/300 | 손실: 0.4118 | 학습: 82.4% | 검증: 79.1% | lr: 1.00e-06
  에폭 262/300 | 손실: 0.4213 | 학습: 81.2% | 검증: 79.3% | lr: 1.00e-06
  에폭 263/300 | 손실: 0.4112 | 학습: 82.7% | 검증: 78.3% | lr: 1.00e-06
  에폭 264/300 | 손실: 0.4151 | 학습: 81.0% | 검증: 78.1% | lr: 1.00e-06
  에폭 265/300 | 손실: 0.4135 | 학습: 82.2% | 검증: 80.6% | lr: 1.00e-06
  에폭 266/300 | 손실: 0.4135 | 학습: 82.3% | 검증: 80.1% | lr: 1.00e-06
  에폭 267/300 | 손실: 0.4233 | 학습: 81.7% | 검증: 78.6% | lr: 1.00e-06
  에폭 268/300 | 손실: 0.4081 | 학습: 81.6% | 검증: 78.3% | lr: 1.00e-06
  에폭 269/300 | 손실: 0.4186 | 학습: 82.5% | 검증: 79.3% | lr: 1.00e-06
  에폭 270/300 | 손실: 0.4157 | 학습: 81.4% | 검증: 79.3% | lr: 1.00e-06
  에폭 271/300 | 손실: 0.4234 | 학습: 81.9% | 검증: 80.1% | lr: 1.00e-06
  에폭 272/300 | 손실: 0.4181 | 학습: 82.5% | 검증: 78.8% | lr: 1.00e-06
  에폭 273/300 | 손실: 0.4223 | 학습: 81.5% | 검증: 79.1% | lr: 1.00e-06
  에폭 274/300 | 손실: 0.4096 | 학습: 82.3% | 검증: 79.6% | lr: 1.00e-06
  에폭 275/300 | 손실: 0.4071 | 학습: 81.8% | 검증: 79.8% | lr: 1.00e-06
  에폭 276/300 | 손실: 0.4291 | 학습: 81.8% | 검증: 79.3% | lr: 1.00e-06
  에폭 277/300 | 손실: 0.4005 | 학습: 82.0% | 검증: 79.1% | lr: 1.00e-06
  에폭 278/300 | 손실: 0.4151 | 학습: 81.9% | 검증: 79.6% | lr: 1.00e-06
  에폭 279/300 | 손실: 0.4134 | 학습: 82.1% | 검증: 78.6% | lr: 1.00e-06
  에폭 280/300 | 손실: 0.4169 | 학습: 82.2% | 검증: 79.1% | lr: 1.00e-06
  에폭 281/300 | 손실: 0.4153 | 학습: 82.8% | 검증: 79.8% | lr: 1.00e-06
  에폭 282/300 | 손실: 0.4112 | 학습: 81.9% | 검증: 78.1% | lr: 1.00e-06
  에폭 283/300 | 손실: 0.4149 | 학습: 82.0% | 검증: 79.1% | lr: 1.00e-06
  에폭 284/300 | 손실: 0.4181 | 학습: 82.2% | 검증: 79.3% | lr: 1.00e-06
  에폭 285/300 | 손실: 0.4191 | 학습: 82.5% | 검증: 79.8% | lr: 1.00e-06
  에폭 286/300 | 손실: 0.4071 | 학습: 82.2% | 검증: 79.3% | lr: 1.00e-06
  에폭 287/300 | 손실: 0.4091 | 학습: 82.3% | 검증: 79.1% | lr: 1.00e-06
  에폭 288/300 | 손실: 0.4210 | 학습: 82.0% | 검증: 79.1% | lr: 1.00e-06
  에폭 289/300 | 손실: 0.4104 | 학습: 82.1% | 검증: 79.6% | lr: 1.00e-06
  에폭 290/300 | 손실: 0.4206 | 학습: 82.3% | 검증: 79.1% | lr: 1.00e-06
  에폭 291/300 | 손실: 0.3966 | 학습: 81.6% | 검증: 78.6% | lr: 1.00e-06
  에폭 292/300 | 손실: 0.4048 | 학습: 81.6% | 검증: 79.1% | lr: 1.00e-06
  에폭 293/300 | 손실: 0.4131 | 학습: 82.5% | 검증: 79.3% | lr: 1.00e-06
  에폭 294/300 | 손실: 0.4218 | 학습: 82.0% | 검증: 79.8% | lr: 1.00e-06
  에폭 295/300 | 손실: 0.4149 | 학습: 82.5% | 검증: 78.8% | lr: 1.00e-06
  에폭 296/300 | 손실: 0.4128 | 학습: 82.1% | 검증: 79.3% | lr: 1.00e-06
  에폭 297/300 | 손실: 0.4236 | 학습: 82.3% | 검증: 80.1% | lr: 1.00e-06
  에폭 298/300 | 손실: 0.4189 | 학습: 82.1% | 검증: 80.9% | lr: 1.00e-06
  에폭 299/300 | 손실: 0.4141 | 학습: 82.6% | 검증: 78.8% | lr: 1.00e-06
  에폭 300/300 | 손실: 0.4074 | 학습: 81.3% | 검증: 77.0% | lr: 1.00e-06
[MLP] ✅ 학습 완료 | [128 → 64 → 32] | 최고 검증 정확도: 81.1%  (베스트 체크포인트 복원됨)
[MLP] 저장 완료 → c:\Users\iSEN\Desktop\project\iSENSOR_UART_DEBUGER\AI\mlp\models\mlp_weights.pt  (추론용)
[MLP] 버전 보관 → c:\Users\iSEN\Desktop\project\iSENSOR_UART_DEBUGER\AI\mlp\models\mlp_L128-64-32_ep300_lr5e-04_0429_1217.pt
[MLP] 📊 학습 이력 저장 → c:\Users\iSEN\Desktop\project\iSENSOR_UART_DEBUGER\AI\mlp\models\train_history.json

  ── 이전 학습과 비교 ──────────────────────────────────
  이전 최고 검증 정확도: 77.8%
  현재 최고 검증 정확도: 81.1%
  변화: +3.3%p  ↑ 개선

