[MLP]   svm_data_20260428_164908_W256_S32_I1.csv            529샘플
[MLP]   svm_data_20260428_171251_W256_S32_I1.csv             10샘플
[MLP]   svm_data_20260428_171310_W256_S32_I1.csv            964샘플
[MLP]   svm_data_20260429_104801_W256_S32_I1.csv            170샘플
[MLP]   svm_data_20260429_112044_W256_S1_I1.csv             287샘플
[MLP]   svm_data_20260429_121425.csv                          1샘플
[MLP]   svm_data_20260504_104600_W256_S2_I1.csv            1502샘플
[MLP]   svm_data_20260507_110627.csv                          1샘플
[MLP]   svm_data_20260507_110739_W256_S1_I1.csv             125샘플
[MLP]   svm_data_20260507_110824_W256_S1_I1.csv             956샘플
[MLP]   svm_data_20260507_111128_W256_S2_I1.csv            1128샘플
[MLP]   svm_data_20260507_111854.csv                       2908샘플
[MLP] CSV 12개 병합  →  총 8581샘플
[MLP] 로드 완료 | 전체: 8581개  (배경: 4709, 사람: 3872)
[MLP] 특징 모드: ESP32 (18개)
[MLP] 학습: 6864개 (80%)  검증: 1717개 (20%)  [비율고정: 유지 | 분리시드: 42]
[MLP] ━━━━━━━━━━━━━━━━━━━━━━━━━━━━━━━━━━━━━━━━━━━━━━━
[MLP]  디바이스: cuda (NVIDIA GeForce GTX 1660 SUPER)
[MLP]  구조: 18 → 128 → 64 → 32 → 2
[MLP]  에폭: 300  배치: 16  LR: 5e-04  Dropout: 0.3  Early Stop: patience=30
[MLP]  사용 특징 (18개): SPECTRAL_ROLLOFF, SPECTRAL_BANDWIDTH, PEAK_COUNT, MID_RATIO, LOW_TO_HIGH_RATIO, SECOND_PEAK_FREQ, KURTOSIS, CENTROID, PEAK_FREQ, LOW_RATIO, RMS, PEAK_ENERGY, PEAK_TO_AVG_E, HIGH_RATIO, PEAK1_TO_PEAK2_RATIO, SKEWNESS, DC_RATIO, DELTA_PEAK_FREQ
[MLP] ━━━━━━━━━━━━━━━━━━━━━━━━━━━━━━━━━━━━━━━━━━━━━━━
  에폭   1/300 | 손실: 0.4460 | 학습: 82.1% | 검증: 81.7% | lr: 5.00e-04 ★
  에폭   2/300 | 손실: 0.4160 | 학습: 83.2% | 검증: 83.3% | lr: 5.00e-04 ★
  에폭   3/300 | 손실: 0.4015 | 학습: 82.1% | 검증: 81.8% | lr: 5.00e-04
  에폭   4/300 | 손실: 0.3993 | 학습: 84.4% | 검증: 85.0% | lr: 5.00e-04 ★
  에폭   5/300 | 손실: 0.3931 | 학습: 84.4% | 검증: 84.7% | lr: 5.00e-04
  에폭   6/300 | 손실: 0.3903 | 학습: 84.9% | 검증: 85.4% | lr: 5.00e-04 ★
  에폭   7/300 | 손실: 0.3816 | 학습: 85.1% | 검증: 85.2% | lr: 5.00e-04
  에폭   8/300 | 손실: 0.3747 | 학습: 85.2% | 검증: 85.0% | lr: 5.00e-04
  에폭   9/300 | 손실: 0.3757 | 학습: 84.8% | 검증: 85.7% | lr: 5.00e-04 ★
  에폭  10/300 | 손실: 0.3700 | 학습: 84.5% | 검증: 84.1% | lr: 5.00e-04
  에폭  11/300 | 손실: 0.3743 | 학습: 84.9% | 검증: 85.6% | lr: 5.00e-04
  에폭  12/300 | 손실: 0.3643 | 학습: 84.9% | 검증: 85.3% | lr: 5.00e-04
  에폭  13/300 | 손실: 0.3648 | 학습: 85.1% | 검증: 85.4% | lr: 5.00e-04
  에폭  14/300 | 손실: 0.3566 | 학습: 85.0% | 검증: 84.9% | lr: 5.00e-04
  에폭  15/300 | 손실: 0.3594 | 학습: 84.9% | 검증: 84.9% | lr: 5.00e-04
  에폭  16/300 | 손실: 0.3622 | 학습: 85.0% | 검증: 85.0% | lr: 5.00e-04
  에폭  17/300 | 손실: 0.3557 | 학습: 85.2% | 검증: 84.7% | lr: 5.00e-04
  에폭  18/300 | 손실: 0.3551 | 학습: 85.5% | 검증: 84.2% | lr: 5.00e-04
  에폭  19/300 | 손실: 0.3564 | 학습: 85.5% | 검증: 85.7% | lr: 5.00e-04
  에폭  20/300 | 손실: 0.3506 | 학습: 85.8% | 검증: 85.2% | lr: 5.00e-04
  에폭  21/300 | 손실: 0.3523 | 학습: 86.0% | 검증: 85.1% | lr: 5.00e-04
  에폭  22/300 | 손실: 0.3555 | 학습: 86.0% | 검증: 85.3% | lr: 5.00e-04
  에폭  23/300 | 손실: 0.3488 | 학습: 86.3% | 검증: 85.2% | lr: 5.00e-04
  에폭  24/300 | 손실: 0.3523 | 학습: 86.2% | 검증: 85.2% | lr: 5.00e-04
  에폭  25/300 | 손실: 0.3491 | 학습: 85.9% | 검증: 85.4% | lr: 5.00e-04
  에폭  26/300 | 손실: 0.3498 | 학습: 86.5% | 검증: 85.3% | lr: 5.00e-04
  에폭  27/300 | 손실: 0.3469 | 학습: 86.2% | 검증: 85.3% | lr: 5.00e-04
  에폭  28/300 | 손실: 0.3468 | 학습: 86.7% | 검증: 85.0% | lr: 5.00e-04
  에폭  29/300 | 손실: 0.3458 | 학습: 86.7% | 검증: 85.1% | lr: 5.00e-04
  에폭  30/300 | 손실: 0.3467 | 학습: 86.6% | 검증: 85.3% | lr: 5.00e-04
  에폭  31/300 | 손실: 0.3353 | 학습: 86.9% | 검증: 85.8% | lr: 5.00e-04 ★
  에폭  32/300 | 손실: 0.3411 | 학습: 87.2% | 검증: 85.5% | lr: 5.00e-04
  에폭  33/300 | 손실: 0.3373 | 학습: 86.7% | 검증: 85.0% | lr: 5.00e-04
  에폭  34/300 | 손실: 0.3393 | 학습: 87.1% | 검증: 85.6% | lr: 5.00e-04
  에폭  35/300 | 손실: 0.3367 | 학습: 87.2% | 검증: 85.7% | lr: 5.00e-04
  에폭  36/300 | 손실: 0.3404 | 학습: 87.4% | 검증: 86.0% | lr: 5.00e-04 ★
  에폭  37/300 | 손실: 0.3390 | 학습: 87.5% | 검증: 86.1% | lr: 5.00e-04 ★
  에폭  38/300 | 손실: 0.3327 | 학습: 87.3% | 검증: 85.3% | lr: 5.00e-04
  에폭  39/300 | 손실: 0.3311 | 학습: 87.4% | 검증: 85.7% | lr: 5.00e-04
  에폭  40/300 | 손실: 0.3310 | 학습: 87.5% | 검증: 86.4% | lr: 5.00e-04 ★
  에폭  41/300 | 손실: 0.3345 | 학습: 87.5% | 검증: 86.0% | lr: 5.00e-04
  에폭  42/300 | 손실: 0.3329 | 학습: 87.7% | 검증: 86.1% | lr: 5.00e-04
  에폭  43/300 | 손실: 0.3304 | 학습: 87.5% | 검증: 86.3% | lr: 5.00e-04
  에폭  44/300 | 손실: 0.3340 | 학습: 87.5% | 검증: 86.0% | lr: 5.00e-04
  에폭  45/300 | 손실: 0.3309 | 학습: 87.8% | 검증: 85.9% | lr: 5.00e-04
  에폭  46/300 | 손실: 0.3289 | 학습: 87.7% | 검증: 86.0% | lr: 5.00e-04
  에폭  47/300 | 손실: 0.3253 | 학습: 87.8% | 검증: 86.4% | lr: 5.00e-04 ★
  에폭  48/300 | 손실: 0.3286 | 학습: 87.3% | 검증: 86.0% | lr: 5.00e-04
  에폭  49/300 | 손실: 0.3303 | 학습: 87.7% | 검증: 86.0% | lr: 5.00e-04
  에폭  50/300 | 손실: 0.3305 | 학습: 87.7% | 검증: 86.1% | lr: 5.00e-04
  에폭  51/300 | 손실: 0.3241 | 학습: 87.9% | 검증: 86.1% | lr: 5.00e-04
  에폭  52/300 | 손실: 0.3297 | 학습: 87.7% | 검증: 86.3% | lr: 5.00e-04
  에폭  53/300 | 손실: 0.3236 | 학습: 87.8% | 검증: 86.0% | lr: 5.00e-04
  에폭  54/300 | 손실: 0.3317 | 학습: 88.1% | 검증: 86.2% | lr: 5.00e-04
  에폭  55/300 | 손실: 0.3281 | 학습: 88.0% | 검증: 86.8% | lr: 5.00e-04 ★
  에폭  56/300 | 손실: 0.3207 | 학습: 88.1% | 검증: 86.1% | lr: 5.00e-04
  에폭  57/300 | 손실: 0.3256 | 학습: 87.8% | 검증: 86.4% | lr: 5.00e-04
  에폭  58/300 | 손실: 0.3223 | 학습: 88.4% | 검증: 86.4% | lr: 5.00e-04
  에폭  59/300 | 손실: 0.3196 | 학습: 88.1% | 검증: 86.1% | lr: 5.00e-04
  에폭  60/300 | 손실: 0.3225 | 학습: 88.1% | 검증: 86.3% | lr: 5.00e-04
  에폭  61/300 | 손실: 0.3220 | 학습: 88.4% | 검증: 86.2% | lr: 5.00e-04
  에폭  62/300 | 손실: 0.3197 | 학습: 88.1% | 검증: 86.6% | lr: 5.00e-04
  에폭  63/300 | 손실: 0.3143 | 학습: 88.6% | 검증: 86.5% | lr: 5.00e-04
  에폭  64/300 | 손실: 0.3200 | 학습: 88.5% | 검증: 86.7% | lr: 5.00e-04
  에폭  65/300 | 손실: 0.3160 | 학습: 88.4% | 검증: 86.7% | lr: 5.00e-04
  에폭  66/300 | 손실: 0.3209 | 학습: 88.7% | 검증: 86.8% | lr: 5.00e-04
  에폭  67/300 | 손실: 0.3158 | 학습: 88.6% | 검증: 87.1% | lr: 5.00e-04 ★
  에폭  68/300 | 손실: 0.3199 | 학습: 88.5% | 검증: 86.7% | lr: 5.00e-04
  에폭  69/300 | 손실: 0.3171 | 학습: 88.2% | 검증: 86.4% | lr: 5.00e-04
  에폭  70/300 | 손실: 0.3197 | 학습: 88.5% | 검증: 86.8% | lr: 5.00e-04
  에폭  71/300 | 손실: 0.3135 | 학습: 88.8% | 검증: 87.4% | lr: 5.00e-04 ★
  에폭  72/300 | 손실: 0.3181 | 학습: 88.6% | 검증: 87.2% | lr: 5.00e-04
  에폭  73/300 | 손실: 0.3162 | 학습: 88.7% | 검증: 86.5% | lr: 5.00e-04
  에폭  74/300 | 손실: 0.3193 | 학습: 88.5% | 검증: 86.8% | lr: 5.00e-04
  에폭  75/300 | 손실: 0.3148 | 학습: 88.4% | 검증: 85.8% | lr: 5.00e-04
  에폭  76/300 | 손실: 0.3145 | 학습: 88.9% | 검증: 87.5% | lr: 5.00e-04 ★
  에폭  77/300 | 손실: 0.3165 | 학습: 89.0% | 검증: 87.2% | lr: 5.00e-04
  에폭  78/300 | 손실: 0.3094 | 학습: 88.5% | 검증: 87.1% | lr: 5.00e-04
  에폭  79/300 | 손실: 0.3131 | 학습: 89.1% | 검증: 87.4% | lr: 5.00e-04
  에폭  80/300 | 손실: 0.3088 | 학습: 88.8% | 검증: 86.6% | lr: 5.00e-04
  에폭  81/300 | 손실: 0.3109 | 학습: 88.7% | 검증: 87.1% | lr: 5.00e-04
  에폭  82/300 | 손실: 0.3103 | 학습: 88.9% | 검증: 87.4% | lr: 5.00e-04
  에폭  83/300 | 손실: 0.3075 | 학습: 88.7% | 검증: 86.8% | lr: 5.00e-04
  에폭  84/300 | 손실: 0.3101 | 학습: 88.7% | 검증: 86.7% | lr: 5.00e-04
  에폭  85/300 | 손실: 0.3073 | 학습: 89.0% | 검증: 87.0% | lr: 5.00e-04
  에폭  86/300 | 손실: 0.3062 | 학습: 88.9% | 검증: 86.9% | lr: 5.00e-04
  에폭  87/300 | 손실: 0.3054 | 학습: 88.8% | 검증: 87.1% | lr: 5.00e-04
  에폭  88/300 | 손실: 0.3112 | 학습: 88.9% | 검증: 87.0% | lr: 5.00e-04
  에폭  89/300 | 손실: 0.3092 | 학습: 89.1% | 검증: 87.1% | lr: 5.00e-04
  에폭  90/300 | 손실: 0.3046 | 학습: 88.8% | 검증: 86.4% | lr: 5.00e-04
  에폭  91/300 | 손실: 0.3103 | 학습: 88.9% | 검증: 87.1% | lr: 5.00e-04
  에폭  92/300 | 손실: 0.3084 | 학습: 88.7% | 검증: 86.3% | lr: 5.00e-04
  에폭  93/300 | 손실: 0.3054 | 학습: 89.1% | 검증: 87.7% | lr: 5.00e-04 ★
  에폭  94/300 | 손실: 0.3014 | 학습: 89.4% | 검증: 87.0% | lr: 5.00e-04
  에폭  95/300 | 손실: 0.3096 | 학습: 89.2% | 검증: 86.7% | lr: 5.00e-04
  에폭  96/300 | 손실: 0.3048 | 학습: 88.9% | 검증: 86.8% | lr: 5.00e-04
  에폭  97/300 | 손실: 0.3035 | 학습: 89.0% | 검증: 86.7% | lr: 5.00e-04
  에폭  98/300 | 손실: 0.3059 | 학습: 89.1% | 검증: 87.1% | lr: 5.00e-04
  에폭  99/300 | 손실: 0.3037 | 학습: 89.0% | 검증: 86.9% | lr: 5.00e-04
  에폭 100/300 | 손실: 0.3009 | 학습: 89.6% | 검증: 87.9% | lr: 5.00e-04 ★
  에폭 101/300 | 손실: 0.3057 | 학습: 89.4% | 검증: 87.1% | lr: 5.00e-04
  에폭 102/300 | 손실: 0.3133 | 학습: 89.2% | 검증: 86.5% | lr: 5.00e-04
  에폭 103/300 | 손실: 0.3043 | 학습: 89.2% | 검증: 87.1% | lr: 5.00e-04
  에폭 104/300 | 손실: 0.3034 | 학습: 89.2% | 검증: 86.3% | lr: 5.00e-04
  에폭 105/300 | 손실: 0.3016 | 학습: 89.3% | 검증: 86.4% | lr: 5.00e-04
  에폭 106/300 | 손실: 0.3021 | 학습: 89.2% | 검증: 86.8% | lr: 5.00e-04
  에폭 107/300 | 손실: 0.2976 | 학습: 89.5% | 검증: 86.7% | lr: 5.00e-04
  에폭 108/300 | 손실: 0.3025 | 학습: 89.4% | 검증: 86.8% | lr: 5.00e-04
  에폭 109/300 | 손실: 0.3017 | 학습: 89.6% | 검증: 87.7% | lr: 5.00e-04
  에폭 110/300 | 손실: 0.3001 | 학습: 89.6% | 검증: 87.8% | lr: 5.00e-04
  에폭 111/300 | 손실: 0.2933 | 학습: 89.4% | 검증: 87.6% | lr: 5.00e-04
  에폭 112/300 | 손실: 0.2974 | 학습: 90.1% | 검증: 87.9% | lr: 5.00e-04
  에폭 113/300 | 손실: 0.3022 | 학습: 89.2% | 검증: 86.7% | lr: 5.00e-04
  에폭 114/300 | 손실: 0.3003 | 학습: 90.0% | 검증: 87.4% | lr: 5.00e-04
  에폭 115/300 | 손실: 0.3011 | 학습: 89.5% | 검증: 86.5% | lr: 5.00e-04
  에폭 116/300 | 손실: 0.2999 | 학습: 89.3% | 검증: 86.8% | lr: 5.00e-04
  에폭 117/300 | 손실: 0.2981 | 학습: 89.6% | 검증: 87.0% | lr: 5.00e-04
  에폭 118/300 | 손실: 0.2995 | 학습: 89.4% | 검증: 86.6% | lr: 5.00e-04
  에폭 119/300 | 손실: 0.2966 | 학습: 89.4% | 검증: 87.4% | lr: 5.00e-04
  에폭 120/300 | 손실: 0.2961 | 학습: 89.8% | 검증: 86.6% | lr: 5.00e-04
  에폭 121/300 | 손실: 0.2959 | 학습: 89.4% | 검증: 87.1% | lr: 5.00e-04
  에폭 122/300 | 손실: 0.2981 | 학습: 89.5% | 검증: 86.8% | lr: 2.50e-04
  에폭 123/300 | 손실: 0.2939 | 학습: 89.8% | 검증: 87.1% | lr: 2.50e-04
  에폭 124/300 | 손실: 0.2886 | 학습: 90.0% | 검증: 87.2% | lr: 2.50e-04
  에폭 125/300 | 손실: 0.2891 | 학습: 90.0% | 검증: 87.2% | lr: 2.50e-04
  에폭 126/300 | 손실: 0.2827 | 학습: 89.8% | 검증: 87.5% | lr: 2.50e-04
  에폭 127/300 | 손실: 0.2915 | 학습: 89.9% | 검증: 86.8% | lr: 2.50e-04
  에폭 128/300 | 손실: 0.2852 | 학습: 90.0% | 검증: 87.4% | lr: 2.50e-04
  에폭 129/300 | 손실: 0.2820 | 학습: 90.1% | 검증: 86.5% | lr: 2.50e-04
  에폭 130/300 | 손실: 0.2857 | 학습: 90.3% | 검증: 87.2% | lr: 2.50e-04
[MLP] ⏹ Early stopping — 130에폭 (검증 정확도 30에폭간 개선 없음)
[MLP] ✅ 학습 완료 | [128 → 64 → 32] | 최고 검증 정확도: 87.9%  (베스트 체크포인트 복원됨)
[MLP] ── Permutation Importance (베이스라인 정확도: 87.9%) ─
   1. CENTROID                      Δacc=++0.2458  █████████████████████████████████████████████████  (스펙트럼 무게중심)
   2. SKEWNESS                      Δacc=++0.1760  ███████████████████████████████████  (스펙트럼 비대칭도)
   3. HIGH_RATIO                    Δacc=++0.0777  ████████████████  (고주파 비율 (10Hz↑))
   4. SPECTRAL_BANDWIDTH            Δacc=++0.0762  ███████████████  (스펙트럼 대역폭)
   5. DC_RATIO                      Δacc=++0.0514  ██████████  (DC 성분 비율)
   6. SPECTRAL_ROLLOFF              Δacc=++0.0478  ██████████  (스펙트럼 롤오프)
   7. MID_RATIO                     Δacc=++0.0433  █████████  (중주파 비율 (5~10Hz))
   8. LOW_RATIO                     Δacc=++0.0416  ████████  (저주파 비율 (0~5Hz))
   9. PEAK_TO_AVG_E                 Δacc=++0.0339  ███████  (피크/평균 에너지 비)
  10. PEAK_COUNT                    Δacc=++0.0297  ██████  (피크 빈 개수)
  11. PEAK_FREQ                     Δacc=++0.0294  ██████  (1위 피크 주파수)
  12. SECOND_PEAK_FREQ              Δacc=++0.0211  ████  (2번째 피크 주파수)
  13. KURTOSIS                      Δacc=++0.0203  ████  (에너지 분포 첨도)
  14. RMS                           Δacc=++0.0103  ██  (RMS 에너지)
  15. PEAK1_TO_PEAK2_RATIO          Δacc=++0.0085  ██  (1·2위 피크 비율)
  16. DELTA_PEAK_FREQ               Δacc=++0.0042  █  (피크 주파수 변화량)
  17. PEAK_ENERGY                   Δacc=++0.0041  █  (피크 에너지)
  18. LOW_TO_HIGH_RATIO             Δacc=++0.0022    (저/고주파 에너지 비율)
[MLP] ─────────────────────────────────────────────
[MLP] 특징 중요도 저장 → c:\Users\iSEN\Desktop\project\iSENSOR_UART_DEBUGER\AI\mlp\models\mlp_L128-64-32_ep300_lr5e-04_d3_b16_f18_0507_1236_importance.json
[MLP] 저장 완료 → c:\Users\iSEN\Desktop\project\iSENSOR_UART_DEBUGER\AI\mlp\models\mlp_weights.pt  (추론용)
[MLP] 버전 보관 → c:\Users\iSEN\Desktop\project\iSENSOR_UART_DEBUGER\AI\mlp\models\mlp_L128-64-32_ep300_lr5e-04_d3_b16_f18_0507_1236.pt
[MLP] 📊 학습 이력 저장 → c:\Users\iSEN\Desktop\project\iSENSOR_UART_DEBUGER\AI\mlp\models\train_history.json

  ── 이전 학습과 비교 ──────────────────────────────────
  이전 최고 검증 정확도: 88.4%
  현재 최고 검증 정확도: 87.9%
  변화: -0.5%p  ↓ 하락

