[MLP]   svm_data_20260428_164908_W256_S32_I1.csv            529샘플
[MLP]   svm_data_20260428_171251_W256_S32_I1.csv             10샘플
[MLP]   svm_data_20260428_171310_W256_S32_I1.csv            964샘플
[MLP]   svm_data_20260429_104801_W256_S32_I1.csv            170샘플
[MLP]   svm_data_20260429_112044_W256_S1_I1.csv             287샘플
[MLP]   svm_data_20260429_121425.csv                          1샘플
[MLP]   svm_data_20260504_104600_W256_S2_I1.csv            1502샘플
[MLP]   svm_data_20260507_110627.csv                          1샘플
[MLP]   svm_data_20260507_110739_W256_S1_I1.csv             125샘플
[MLP]   svm_data_20260507_110824_W256_S1_I1.csv             956샘플
[MLP]   svm_data_20260507_111128_W256_S2_I1.csv            1128샘플
[MLP]   svm_data_20260507_111854.csv                       2908샘플
[MLP] CSV 12개 병합  →  총 8581샘플
[MLP] 로드 완료 | 전체: 8581개  (배경: 4709, 사람: 3872)
[MLP] 특징 모드: ESP32 (21개)
[MLP] 학습: 6864개 (80%)  검증: 1717개 (20%)  [비율고정: 유지 | 분리시드: 42]
[MLP] ━━━━━━━━━━━━━━━━━━━━━━━━━━━━━━━━━━━━━━━━━━━━━━━
[MLP]  디바이스: cuda (NVIDIA GeForce GTX 1660 SUPER)
[MLP]  구조: 21 → 128 → 64 → 32 → 2
[MLP]  에폭: 300  배치: 8  LR: 5e-05  Dropout: 0.3  Early Stop: 비활성화
[MLP]  사용 특징 (21개): SPECTRAL_ROLLOFF, SPECTRAL_BANDWIDTH, PEAK_COUNT, MID_RATIO, LOW_TO_HIGH_RATIO, SECOND_PEAK_FREQ, KURTOSIS, CENTROID, PEAK_FREQ, LOW_RATIO, RMS, AVG_ENERGY, PEAK_ENERGY, ENERGY_VARIANCE, PEAK_TO_AVG_E, HIGH_RATIO, PEAK1_TO_PEAK2_RATIO, SKEWNESS, DC_RATIO, DELTA_PEAK_FREQ, SPECTRAL_FLATNESS
[MLP] ━━━━━━━━━━━━━━━━━━━━━━━━━━━━━━━━━━━━━━━━━━━━━━━
  에폭   1/300 | 손실: 0.5572 | 학습: 80.3% | 검증: 80.1% | lr: 5.00e-05 ★
  에폭   2/300 | 손실: 0.4439 | 학습: 80.5% | 검증: 79.9% | lr: 5.00e-05
  에폭   3/300 | 손실: 0.4330 | 학습: 81.5% | 검증: 81.2% | lr: 5.00e-05 ★
  에폭   4/300 | 손실: 0.4258 | 학습: 82.1% | 검증: 81.7% | lr: 5.00e-05 ★
  에폭   5/300 | 손실: 0.4206 | 학습: 82.5% | 검증: 81.7% | lr: 5.00e-05 ★
  에폭   6/300 | 손실: 0.4211 | 학습: 82.6% | 검증: 82.6% | lr: 5.00e-05 ★
  에폭   7/300 | 손실: 0.4135 | 학습: 83.5% | 검증: 83.3% | lr: 5.00e-05 ★
  에폭   8/300 | 손실: 0.4146 | 학습: 83.2% | 검증: 83.3% | lr: 5.00e-05
  에폭   9/300 | 손실: 0.4118 | 학습: 82.0% | 검증: 81.5% | lr: 5.00e-05
  에폭  10/300 | 손실: 0.4082 | 학습: 83.5% | 검증: 82.9% | lr: 5.00e-05
  에폭  11/300 | 손실: 0.4066 | 학습: 83.5% | 검증: 83.6% | lr: 5.00e-05 ★
  에폭  12/300 | 손실: 0.4069 | 학습: 83.9% | 검증: 83.2% | lr: 5.00e-05
  에폭  13/300 | 손실: 0.4060 | 학습: 83.5% | 검증: 83.2% | lr: 5.00e-05
  에폭  14/300 | 손실: 0.4039 | 학습: 83.7% | 검증: 83.8% | lr: 5.00e-05 ★
  에폭  15/300 | 손실: 0.4038 | 학습: 84.0% | 검증: 83.4% | lr: 5.00e-05
  에폭  16/300 | 손실: 0.4010 | 학습: 83.6% | 검증: 83.5% | lr: 5.00e-05
  에폭  17/300 | 손실: 0.3934 | 학습: 83.9% | 검증: 83.5% | lr: 5.00e-05
  에폭  18/300 | 손실: 0.3983 | 학습: 83.8% | 검증: 83.8% | lr: 5.00e-05
  에폭  19/300 | 손실: 0.3947 | 학습: 84.3% | 검증: 83.9% | lr: 5.00e-05 ★
  에폭  20/300 | 손실: 0.3962 | 학습: 84.0% | 검증: 83.6% | lr: 5.00e-05
  에폭  21/300 | 손실: 0.3922 | 학습: 84.6% | 검증: 84.0% | lr: 5.00e-05 ★
  에폭  22/300 | 손실: 0.3888 | 학습: 84.2% | 검증: 83.9% | lr: 5.00e-05
  에폭  23/300 | 손실: 0.3982 | 학습: 84.1% | 검증: 83.8% | lr: 5.00e-05
  에폭  24/300 | 손실: 0.3853 | 학습: 84.1% | 검증: 84.0% | lr: 5.00e-05
  에폭  25/300 | 손실: 0.3918 | 학습: 84.4% | 검증: 84.1% | lr: 5.00e-05 ★
  에폭  26/300 | 손실: 0.3873 | 학습: 84.2% | 검증: 84.0% | lr: 5.00e-05
  에폭  27/300 | 손실: 0.3866 | 학습: 84.2% | 검증: 84.3% | lr: 5.00e-05 ★
  에폭  28/300 | 손실: 0.3894 | 학습: 84.2% | 검증: 84.2% | lr: 5.00e-05
  에폭  29/300 | 손실: 0.3889 | 학습: 84.6% | 검증: 84.3% | lr: 5.00e-05
  에폭  30/300 | 손실: 0.3883 | 학습: 84.6% | 검증: 84.3% | lr: 5.00e-05
  에폭  31/300 | 손실: 0.3790 | 학습: 84.9% | 검증: 84.9% | lr: 5.00e-05 ★
  에폭  32/300 | 손실: 0.3851 | 학습: 84.8% | 검증: 84.9% | lr: 5.00e-05
  에폭  33/300 | 손실: 0.3836 | 학습: 84.6% | 검증: 84.4% | lr: 5.00e-05
  에폭  34/300 | 손실: 0.3783 | 학습: 84.9% | 검증: 84.3% | lr: 5.00e-05
  에폭  35/300 | 손실: 0.3841 | 학습: 84.3% | 검증: 84.3% | lr: 5.00e-05
  에폭  36/300 | 손실: 0.3821 | 학습: 84.8% | 검증: 84.6% | lr: 5.00e-05
  에폭  37/300 | 손실: 0.3817 | 학습: 84.8% | 검증: 84.6% | lr: 5.00e-05
  에폭  38/300 | 손실: 0.3789 | 학습: 85.4% | 검증: 84.9% | lr: 5.00e-05 ★
  에폭  39/300 | 손실: 0.3812 | 학습: 85.0% | 검증: 84.6% | lr: 5.00e-05
  에폭  40/300 | 손실: 0.3773 | 학습: 85.1% | 검증: 85.0% | lr: 5.00e-05 ★
  에폭  41/300 | 손실: 0.3786 | 학습: 85.0% | 검증: 85.0% | lr: 5.00e-05
  에폭  42/300 | 손실: 0.3744 | 학습: 85.2% | 검증: 84.8% | lr: 5.00e-05
  에폭  43/300 | 손실: 0.3783 | 학습: 85.3% | 검증: 84.3% | lr: 5.00e-05
  에폭  44/300 | 손실: 0.3691 | 학습: 85.1% | 검증: 85.1% | lr: 5.00e-05 ★
  에폭  45/300 | 손실: 0.3767 | 학습: 85.2% | 검증: 84.6% | lr: 5.00e-05
  에폭  46/300 | 손실: 0.3735 | 학습: 84.9% | 검증: 84.6% | lr: 5.00e-05
  에폭  47/300 | 손실: 0.3712 | 학습: 85.6% | 검증: 84.9% | lr: 5.00e-05
  에폭  48/300 | 손실: 0.3699 | 학습: 84.9% | 검증: 84.5% | lr: 5.00e-05
  에폭  49/300 | 손실: 0.3773 | 학습: 84.6% | 검증: 85.0% | lr: 5.00e-05
  에폭  50/300 | 손실: 0.3730 | 학습: 84.9% | 검증: 84.9% | lr: 5.00e-05
  에폭  51/300 | 손실: 0.3665 | 학습: 85.1% | 검증: 85.2% | lr: 5.00e-05 ★
  에폭  52/300 | 손실: 0.3669 | 학습: 85.5% | 검증: 85.0% | lr: 5.00e-05
  에폭  53/300 | 손실: 0.3684 | 학습: 85.2% | 검증: 85.0% | lr: 5.00e-05
  에폭  54/300 | 손실: 0.3695 | 학습: 85.6% | 검증: 84.9% | lr: 5.00e-05
  에폭  55/300 | 손실: 0.3742 | 학습: 85.1% | 검증: 84.8% | lr: 5.00e-05
  에폭  56/300 | 손실: 0.3740 | 학습: 85.4% | 검증: 84.7% | lr: 5.00e-05
  에폭  57/300 | 손실: 0.3665 | 학습: 84.6% | 검증: 84.7% | lr: 5.00e-05
  에폭  58/300 | 손실: 0.3678 | 학습: 85.6% | 검증: 84.6% | lr: 5.00e-05
  에폭  59/300 | 손실: 0.3762 | 학습: 85.9% | 검증: 84.9% | lr: 5.00e-05
  에폭  60/300 | 손실: 0.3676 | 학습: 85.7% | 검증: 84.8% | lr: 5.00e-05
  에폭  61/300 | 손실: 0.3677 | 학습: 85.7% | 검증: 85.2% | lr: 5.00e-05
  에폭  62/300 | 손실: 0.3690 | 학습: 85.9% | 검증: 85.1% | lr: 2.50e-05
  에폭  63/300 | 손실: 0.3625 | 학습: 85.7% | 검증: 85.1% | lr: 2.50e-05
  에폭  64/300 | 손실: 0.3642 | 학습: 85.1% | 검증: 85.0% | lr: 2.50e-05
  에폭  65/300 | 손실: 0.3664 | 학습: 85.5% | 검증: 84.8% | lr: 2.50e-05
  에폭  66/300 | 손실: 0.3687 | 학습: 85.9% | 검증: 85.1% | lr: 2.50e-05
  에폭  67/300 | 손실: 0.3712 | 학습: 85.9% | 검증: 84.8% | lr: 2.50e-05
  에폭  68/300 | 손실: 0.3607 | 학습: 85.7% | 검증: 85.2% | lr: 2.50e-05
  에폭  69/300 | 손실: 0.3676 | 학습: 85.6% | 검증: 84.9% | lr: 2.50e-05
  에폭  70/300 | 손실: 0.3649 | 학습: 85.8% | 검증: 85.5% | lr: 2.50e-05 ★
  에폭  71/300 | 손실: 0.3640 | 학습: 85.8% | 검증: 85.3% | lr: 2.50e-05
  에폭  72/300 | 손실: 0.3617 | 학습: 85.8% | 검증: 85.3% | lr: 2.50e-05
  에폭  73/300 | 손실: 0.3646 | 학습: 85.8% | 검증: 84.8% | lr: 2.50e-05
  에폭  74/300 | 손실: 0.3635 | 학습: 85.8% | 검증: 85.2% | lr: 2.50e-05
  에폭  75/300 | 손실: 0.3639 | 학습: 86.1% | 검증: 85.3% | lr: 2.50e-05
  에폭  76/300 | 손실: 0.3697 | 학습: 85.3% | 검증: 85.2% | lr: 2.50e-05
  에폭  77/300 | 손실: 0.3652 | 학습: 86.1% | 검증: 85.3% | lr: 2.50e-05
  에폭  78/300 | 손실: 0.3651 | 학습: 85.7% | 검증: 85.9% | lr: 2.50e-05 ★
  에폭  79/300 | 손실: 0.3663 | 학습: 85.6% | 검증: 85.0% | lr: 1.25e-05
  에폭  80/300 | 손실: 0.3641 | 학습: 85.9% | 검증: 85.4% | lr: 1.25e-05
  에폭  81/300 | 손실: 0.3625 | 학습: 85.7% | 검증: 85.0% | lr: 1.25e-05
  에폭  82/300 | 손실: 0.3663 | 학습: 85.9% | 검증: 85.6% | lr: 1.25e-05
  에폭  83/300 | 손실: 0.3660 | 학습: 85.9% | 검증: 85.2% | lr: 1.25e-05
  에폭  84/300 | 손실: 0.3663 | 학습: 85.7% | 검증: 85.0% | lr: 1.25e-05
  에폭  85/300 | 손실: 0.3628 | 학습: 86.1% | 검증: 85.4% | lr: 1.25e-05
  에폭  86/300 | 손실: 0.3618 | 학습: 85.8% | 검증: 85.3% | lr: 1.25e-05
  에폭  87/300 | 손실: 0.3583 | 학습: 86.0% | 검증: 85.4% | lr: 1.25e-05
  에폭  88/300 | 손실: 0.3636 | 학습: 86.2% | 검증: 85.6% | lr: 1.25e-05
  에폭  89/300 | 손실: 0.3608 | 학습: 86.0% | 검증: 85.6% | lr: 1.25e-05
  에폭  90/300 | 손실: 0.3634 | 학습: 86.1% | 검증: 85.4% | lr: 1.25e-05
  에폭  91/300 | 손실: 0.3635 | 학습: 86.1% | 검증: 85.7% | lr: 1.25e-05
  에폭  92/300 | 손실: 0.3597 | 학습: 85.8% | 검증: 85.3% | lr: 1.25e-05
  에폭  93/300 | 손실: 0.3622 | 학습: 86.2% | 검증: 85.7% | lr: 1.25e-05
  에폭  94/300 | 손실: 0.3597 | 학습: 85.9% | 검증: 85.5% | lr: 1.25e-05
  에폭  95/300 | 손실: 0.3571 | 학습: 86.0% | 검증: 85.6% | lr: 1.25e-05
  에폭  96/300 | 손실: 0.3623 | 학습: 86.0% | 검증: 85.3% | lr: 1.25e-05
  에폭  97/300 | 손실: 0.3645 | 학습: 86.2% | 검증: 85.4% | lr: 1.25e-05
  에폭  98/300 | 손실: 0.3650 | 학습: 86.1% | 검증: 85.7% | lr: 1.25e-05
  에폭  99/300 | 손실: 0.3568 | 학습: 86.1% | 검증: 85.4% | lr: 1.25e-05
  에폭 100/300 | 손실: 0.3572 | 학습: 85.6% | 검증: 85.1% | lr: 1.25e-05
  에폭 101/300 | 손실: 0.3655 | 학습: 86.1% | 검증: 85.4% | lr: 1.25e-05
  에폭 102/300 | 손실: 0.3608 | 학습: 86.1% | 검증: 85.9% | lr: 1.25e-05
  에폭 103/300 | 손실: 0.3608 | 학습: 85.8% | 검증: 85.3% | lr: 1.25e-05
  에폭 104/300 | 손실: 0.3632 | 학습: 85.9% | 검증: 85.6% | lr: 1.25e-05
  에폭 105/300 | 손실: 0.3587 | 학습: 85.6% | 검증: 85.4% | lr: 1.25e-05
  에폭 106/300 | 손실: 0.3616 | 학습: 86.0% | 검증: 85.6% | lr: 1.25e-05
  에폭 107/300 | 손실: 0.3601 | 학습: 86.0% | 검증: 85.3% | lr: 1.25e-05
  에폭 108/300 | 손실: 0.3606 | 학습: 85.7% | 검증: 85.3% | lr: 1.25e-05
  에폭 109/300 | 손실: 0.3601 | 학습: 86.1% | 검증: 85.3% | lr: 1.25e-05
  에폭 110/300 | 손실: 0.3602 | 학습: 86.0% | 검증: 85.4% | lr: 6.25e-06
  에폭 111/300 | 손실: 0.3592 | 학습: 85.8% | 검증: 85.6% | lr: 6.25e-06
  에폭 112/300 | 손실: 0.3631 | 학습: 85.8% | 검증: 85.3% | lr: 6.25e-06
  에폭 113/300 | 손실: 0.3629 | 학습: 86.2% | 검증: 85.5% | lr: 6.25e-06
  에폭 114/300 | 손실: 0.3579 | 학습: 86.0% | 검증: 85.4% | lr: 6.25e-06
  에폭 115/300 | 손실: 0.3552 | 학습: 85.7% | 검증: 85.2% | lr: 6.25e-06
  에폭 116/300 | 손실: 0.3649 | 학습: 86.0% | 검증: 85.1% | lr: 6.25e-06
  에폭 117/300 | 손실: 0.3598 | 학습: 86.0% | 검증: 86.0% | lr: 6.25e-06 ★
  에폭 118/300 | 손실: 0.3668 | 학습: 86.1% | 검증: 85.7% | lr: 6.25e-06
  에폭 119/300 | 손실: 0.3630 | 학습: 85.9% | 검증: 85.4% | lr: 6.25e-06
  에폭 120/300 | 손실: 0.3579 | 학습: 86.0% | 검증: 85.1% | lr: 6.25e-06
  에폭 121/300 | 손실: 0.3585 | 학습: 86.0% | 검증: 85.4% | lr: 6.25e-06
  에폭 122/300 | 손실: 0.3624 | 학습: 86.1% | 검증: 85.1% | lr: 6.25e-06
  에폭 123/300 | 손실: 0.3655 | 학습: 86.3% | 검증: 85.4% | lr: 6.25e-06
  에폭 124/300 | 손실: 0.3608 | 학습: 86.0% | 검증: 85.3% | lr: 6.25e-06
  에폭 125/300 | 손실: 0.3570 | 학습: 86.0% | 검증: 85.2% | lr: 6.25e-06
  에폭 126/300 | 손실: 0.3583 | 학습: 86.0% | 검증: 85.8% | lr: 3.13e-06
  에폭 127/300 | 손실: 0.3656 | 학습: 86.1% | 검증: 85.1% | lr: 3.13e-06
  에폭 128/300 | 손실: 0.3631 | 학습: 86.1% | 검증: 85.6% | lr: 3.13e-06
  에폭 129/300 | 손실: 0.3601 | 학습: 86.0% | 검증: 85.4% | lr: 3.13e-06
  에폭 130/300 | 손실: 0.3565 | 학습: 86.1% | 검증: 85.6% | lr: 3.13e-06
  에폭 131/300 | 손실: 0.3550 | 학습: 86.1% | 검증: 85.4% | lr: 3.13e-06
  에폭 132/300 | 손실: 0.3611 | 학습: 85.9% | 검증: 85.3% | lr: 3.13e-06
  에폭 133/300 | 손실: 0.3574 | 학습: 86.1% | 검증: 85.7% | lr: 3.13e-06
  에폭 134/300 | 손실: 0.3578 | 학습: 86.2% | 검증: 85.7% | lr: 3.13e-06
  에폭 135/300 | 손실: 0.3611 | 학습: 86.0% | 검증: 85.7% | lr: 3.13e-06
  에폭 136/300 | 손실: 0.3612 | 학습: 86.3% | 검증: 85.5% | lr: 3.13e-06
  에폭 137/300 | 손실: 0.3604 | 학습: 86.1% | 검증: 85.3% | lr: 3.13e-06
  에폭 138/300 | 손실: 0.3608 | 학습: 86.0% | 검증: 85.4% | lr: 3.13e-06
  에폭 139/300 | 손실: 0.3620 | 학습: 86.1% | 검증: 85.3% | lr: 3.13e-06
  에폭 140/300 | 손실: 0.3558 | 학습: 85.9% | 검증: 85.5% | lr: 3.13e-06
  에폭 141/300 | 손실: 0.3588 | 학습: 86.0% | 검증: 85.4% | lr: 3.13e-06
  에폭 142/300 | 손실: 0.3621 | 학습: 85.8% | 검증: 85.0% | lr: 1.56e-06
  에폭 143/300 | 손실: 0.3528 | 학습: 86.2% | 검증: 85.4% | lr: 1.56e-06
  에폭 144/300 | 손실: 0.3582 | 학습: 86.1% | 검증: 85.8% | lr: 1.56e-06
  에폭 145/300 | 손실: 0.3616 | 학습: 86.3% | 검증: 85.8% | lr: 1.56e-06
  에폭 146/300 | 손실: 0.3599 | 학습: 86.0% | 검증: 85.6% | lr: 1.56e-06
  에폭 147/300 | 손실: 0.3624 | 학습: 86.0% | 검증: 85.6% | lr: 1.56e-06
  에폭 148/300 | 손실: 0.3654 | 학습: 86.2% | 검증: 85.4% | lr: 1.56e-06
  에폭 149/300 | 손실: 0.3646 | 학습: 86.2% | 검증: 85.6% | lr: 1.56e-06
  에폭 150/300 | 손실: 0.3600 | 학습: 86.0% | 검증: 84.9% | lr: 1.56e-06
  에폭 151/300 | 손실: 0.3602 | 학습: 86.1% | 검증: 85.7% | lr: 1.56e-06
  에폭 152/300 | 손실: 0.3589 | 학습: 86.0% | 검증: 85.4% | lr: 1.56e-06
  에폭 153/300 | 손실: 0.3560 | 학습: 86.2% | 검증: 85.7% | lr: 1.56e-06
  에폭 154/300 | 손실: 0.3608 | 학습: 86.0% | 검증: 85.1% | lr: 1.00e-06
  에폭 155/300 | 손실: 0.3569 | 학습: 86.1% | 검증: 85.3% | lr: 1.00e-06
  에폭 156/300 | 손실: 0.3587 | 학습: 85.9% | 검증: 85.3% | lr: 1.00e-06
  에폭 157/300 | 손실: 0.3595 | 학습: 85.9% | 검증: 85.6% | lr: 1.00e-06
  에폭 158/300 | 손실: 0.3566 | 학습: 86.3% | 검증: 85.3% | lr: 1.00e-06
  에폭 159/300 | 손실: 0.3608 | 학습: 86.1% | 검증: 85.4% | lr: 1.00e-06
  에폭 160/300 | 손실: 0.3585 | 학습: 86.1% | 검증: 85.6% | lr: 1.00e-06
  에폭 161/300 | 손실: 0.3562 | 학습: 86.2% | 검증: 85.7% | lr: 1.00e-06
  에폭 162/300 | 손실: 0.3578 | 학습: 86.2% | 검증: 85.4% | lr: 1.00e-06
  에폭 163/300 | 손실: 0.3590 | 학습: 86.1% | 검증: 85.4% | lr: 1.00e-06
  에폭 164/300 | 손실: 0.3608 | 학습: 85.5% | 검증: 85.3% | lr: 1.00e-06
  에폭 165/300 | 손실: 0.3571 | 학습: 86.1% | 검증: 85.4% | lr: 1.00e-06
  에폭 166/300 | 손실: 0.3607 | 학습: 86.2% | 검증: 85.6% | lr: 1.00e-06
  에폭 167/300 | 손실: 0.3629 | 학습: 86.1% | 검증: 85.4% | lr: 1.00e-06
  에폭 168/300 | 손실: 0.3620 | 학습: 86.1% | 검증: 85.7% | lr: 1.00e-06
  에폭 169/300 | 손실: 0.3610 | 학습: 86.0% | 검증: 85.6% | lr: 1.00e-06
  에폭 170/300 | 손실: 0.3598 | 학습: 85.8% | 검증: 85.2% | lr: 1.00e-06
  에폭 171/300 | 손실: 0.3617 | 학습: 86.2% | 검증: 85.1% | lr: 1.00e-06
  에폭 172/300 | 손실: 0.3616 | 학습: 85.8% | 검증: 85.2% | lr: 1.00e-06
  에폭 173/300 | 손실: 0.3680 | 학습: 86.3% | 검증: 85.4% | lr: 1.00e-06
  에폭 174/300 | 손실: 0.3600 | 학습: 85.6% | 검증: 85.6% | lr: 1.00e-06
  에폭 175/300 | 손실: 0.3675 | 학습: 86.1% | 검증: 85.3% | lr: 1.00e-06
  에폭 176/300 | 손실: 0.3619 | 학습: 86.2% | 검증: 85.8% | lr: 1.00e-06
  에폭 177/300 | 손실: 0.3588 | 학습: 86.3% | 검증: 85.4% | lr: 1.00e-06
  에폭 178/300 | 손실: 0.3553 | 학습: 86.2% | 검증: 85.6% | lr: 1.00e-06
  에폭 179/300 | 손실: 0.3619 | 학습: 85.7% | 검증: 85.2% | lr: 1.00e-06
  에폭 180/300 | 손실: 0.3604 | 학습: 85.7% | 검증: 85.3% | lr: 1.00e-06
  에폭 181/300 | 손실: 0.3583 | 학습: 86.2% | 검증: 85.7% | lr: 1.00e-06
  에폭 182/300 | 손실: 0.3565 | 학습: 86.4% | 검증: 85.3% | lr: 1.00e-06
  에폭 183/300 | 손실: 0.3582 | 학습: 85.9% | 검증: 85.3% | lr: 1.00e-06
  에폭 184/300 | 손실: 0.3543 | 학습: 86.1% | 검증: 85.4% | lr: 1.00e-06
  에폭 185/300 | 손실: 0.3631 | 학습: 86.0% | 검증: 85.3% | lr: 1.00e-06
  에폭 186/300 | 손실: 0.3570 | 학습: 86.2% | 검증: 85.7% | lr: 1.00e-06
  에폭 187/300 | 손실: 0.3641 | 학습: 85.9% | 검증: 85.1% | lr: 1.00e-06
  에폭 188/300 | 손실: 0.3565 | 학습: 85.9% | 검증: 85.4% | lr: 1.00e-06
  에폭 189/300 | 손실: 0.3606 | 학습: 86.3% | 검증: 85.5% | lr: 1.00e-06
  에폭 190/300 | 손실: 0.3602 | 학습: 86.0% | 검증: 85.7% | lr: 1.00e-06
  에폭 191/300 | 손실: 0.3549 | 학습: 86.0% | 검증: 85.8% | lr: 1.00e-06
  에폭 192/300 | 손실: 0.3609 | 학습: 85.7% | 검증: 85.2% | lr: 1.00e-06
  에폭 193/300 | 손실: 0.3607 | 학습: 85.9% | 검증: 85.6% | lr: 1.00e-06
  에폭 194/300 | 손실: 0.3593 | 학습: 86.1% | 검증: 85.6% | lr: 1.00e-06
  에폭 195/300 | 손실: 0.3592 | 학습: 86.0% | 검증: 85.5% | lr: 1.00e-06
  에폭 196/300 | 손실: 0.3573 | 학습: 86.0% | 검증: 85.7% | lr: 1.00e-06
  에폭 197/300 | 손실: 0.3544 | 학습: 86.0% | 검증: 85.8% | lr: 1.00e-06
  에폭 198/300 | 손실: 0.3604 | 학습: 85.8% | 검증: 85.2% | lr: 1.00e-06
  에폭 199/300 | 손실: 0.3547 | 학습: 86.2% | 검증: 85.1% | lr: 1.00e-06
  에폭 200/300 | 손실: 0.3612 | 학습: 86.1% | 검증: 85.4% | lr: 1.00e-06
  에폭 201/300 | 손실: 0.3579 | 학습: 86.2% | 검증: 85.4% | lr: 1.00e-06
  에폭 202/300 | 손실: 0.3580 | 학습: 86.2% | 검증: 85.4% | lr: 1.00e-06
  에폭 203/300 | 손실: 0.3657 | 학습: 86.0% | 검증: 84.9% | lr: 1.00e-06
  에폭 204/300 | 손실: 0.3590 | 학습: 86.3% | 검증: 85.8% | lr: 1.00e-06
  에폭 205/300 | 손실: 0.3596 | 학습: 86.2% | 검증: 86.0% | lr: 1.00e-06
  에폭 206/300 | 손실: 0.3559 | 학습: 86.1% | 검증: 85.4% | lr: 1.00e-06
  에폭 207/300 | 손실: 0.3595 | 학습: 86.2% | 검증: 85.6% | lr: 1.00e-06
  에폭 208/300 | 손실: 0.3610 | 학습: 86.2% | 검증: 85.1% | lr: 1.00e-06
  에폭 209/300 | 손실: 0.3589 | 학습: 86.1% | 검증: 85.3% | lr: 1.00e-06
  에폭 210/300 | 손실: 0.3597 | 학습: 86.2% | 검증: 85.3% | lr: 1.00e-06
  에폭 211/300 | 손실: 0.3596 | 학습: 86.1% | 검증: 85.5% | lr: 1.00e-06
  에폭 212/300 | 손실: 0.3578 | 학습: 85.8% | 검증: 85.2% | lr: 1.00e-06
  에폭 213/300 | 손실: 0.3578 | 학습: 85.8% | 검증: 85.2% | lr: 1.00e-06
  에폭 214/300 | 손실: 0.3632 | 학습: 86.2% | 검증: 85.6% | lr: 1.00e-06
  에폭 215/300 | 손실: 0.3619 | 학습: 86.2% | 검증: 85.4% | lr: 1.00e-06
  에폭 216/300 | 손실: 0.3599 | 학습: 86.0% | 검증: 85.3% | lr: 1.00e-06
  에폭 217/300 | 손실: 0.3575 | 학습: 86.1% | 검증: 85.1% | lr: 1.00e-06
  에폭 218/300 | 손실: 0.3587 | 학습: 85.8% | 검증: 85.3% | lr: 1.00e-06
  에폭 219/300 | 손실: 0.3572 | 학습: 86.3% | 검증: 85.3% | lr: 1.00e-06
  에폭 220/300 | 손실: 0.3565 | 학습: 86.1% | 검증: 85.5% | lr: 1.00e-06
  에폭 221/300 | 손실: 0.3619 | 학습: 86.0% | 검증: 85.1% | lr: 1.00e-06
  에폭 222/300 | 손실: 0.3668 | 학습: 86.3% | 검증: 85.7% | lr: 1.00e-06
  에폭 223/300 | 손실: 0.3550 | 학습: 86.0% | 검증: 85.6% | lr: 1.00e-06
  에폭 224/300 | 손실: 0.3552 | 학습: 85.7% | 검증: 85.4% | lr: 1.00e-06
  에폭 225/300 | 손실: 0.3558 | 학습: 86.1% | 검증: 85.7% | lr: 1.00e-06
  에폭 226/300 | 손실: 0.3593 | 학습: 86.2% | 검증: 85.4% | lr: 1.00e-06
  에폭 227/300 | 손실: 0.3600 | 학습: 85.8% | 검증: 85.1% | lr: 1.00e-06
  에폭 228/300 | 손실: 0.3604 | 학습: 86.0% | 검증: 85.3% | lr: 1.00e-06
  에폭 229/300 | 손실: 0.3632 | 학습: 86.2% | 검증: 85.5% | lr: 1.00e-06
  에폭 230/300 | 손실: 0.3600 | 학습: 86.1% | 검증: 85.3% | lr: 1.00e-06
  에폭 231/300 | 손실: 0.3569 | 학습: 86.0% | 검증: 85.4% | lr: 1.00e-06
  에폭 232/300 | 손실: 0.3577 | 학습: 86.1% | 검증: 84.9% | lr: 1.00e-06
  에폭 233/300 | 손실: 0.3590 | 학습: 86.0% | 검증: 85.3% | lr: 1.00e-06
  에폭 234/300 | 손실: 0.3625 | 학습: 86.0% | 검증: 85.4% | lr: 1.00e-06
  에폭 235/300 | 손실: 0.3552 | 학습: 86.1% | 검증: 85.6% | lr: 1.00e-06
  에폭 236/300 | 손실: 0.3587 | 학습: 86.0% | 검증: 85.4% | lr: 1.00e-06
  에폭 237/300 | 손실: 0.3602 | 학습: 86.0% | 검증: 85.3% | lr: 1.00e-06
  에폭 238/300 | 손실: 0.3628 | 학습: 86.0% | 검증: 85.3% | lr: 1.00e-06
  에폭 239/300 | 손실: 0.3609 | 학습: 86.0% | 검증: 85.4% | lr: 1.00e-06
  에폭 240/300 | 손실: 0.3611 | 학습: 86.1% | 검증: 85.6% | lr: 1.00e-06
  에폭 241/300 | 손실: 0.3606 | 학습: 85.6% | 검증: 85.3% | lr: 1.00e-06
  에폭 242/300 | 손실: 0.3590 | 학습: 86.3% | 검증: 85.6% | lr: 1.00e-06
  에폭 243/300 | 손실: 0.3595 | 학습: 85.8% | 검증: 85.3% | lr: 1.00e-06
  에폭 244/300 | 손실: 0.3604 | 학습: 86.3% | 검증: 85.4% | lr: 1.00e-06
  에폭 245/300 | 손실: 0.3638 | 학습: 86.1% | 검증: 85.7% | lr: 1.00e-06
  에폭 246/300 | 손실: 0.3624 | 학습: 86.0% | 검증: 85.9% | lr: 1.00e-06
  에폭 247/300 | 손실: 0.3583 | 학습: 86.2% | 검증: 85.3% | lr: 1.00e-06
  에폭 248/300 | 손실: 0.3592 | 학습: 86.0% | 검증: 85.6% | lr: 1.00e-06
  에폭 249/300 | 손실: 0.3578 | 학습: 85.5% | 검증: 85.0% | lr: 1.00e-06
  에폭 250/300 | 손실: 0.3553 | 학습: 85.7% | 검증: 85.3% | lr: 1.00e-06
  에폭 251/300 | 손실: 0.3581 | 학습: 86.1% | 검증: 85.4% | lr: 1.00e-06
  에폭 252/300 | 손실: 0.3604 | 학습: 85.7% | 검증: 85.2% | lr: 1.00e-06
  에폭 253/300 | 손실: 0.3570 | 학습: 86.3% | 검증: 85.7% | lr: 1.00e-06
  에폭 254/300 | 손실: 0.3642 | 학습: 86.3% | 검증: 85.4% | lr: 1.00e-06
  에폭 255/300 | 손실: 0.3628 | 학습: 86.0% | 검증: 85.0% | lr: 1.00e-06
  에폭 256/300 | 손실: 0.3594 | 학습: 86.3% | 검증: 85.3% | lr: 1.00e-06
  에폭 257/300 | 손실: 0.3558 | 학습: 86.0% | 검증: 85.1% | lr: 1.00e-06
  에폭 258/300 | 손실: 0.3577 | 학습: 85.8% | 검증: 85.1% | lr: 1.00e-06
  에폭 259/300 | 손실: 0.3576 | 학습: 86.3% | 검증: 85.3% | lr: 1.00e-06
  에폭 260/300 | 손실: 0.3574 | 학습: 86.2% | 검증: 85.6% | lr: 1.00e-06
  에폭 261/300 | 손실: 0.3561 | 학습: 86.1% | 검증: 85.5% | lr: 1.00e-06
  에폭 262/300 | 손실: 0.3571 | 학습: 86.0% | 검증: 85.4% | lr: 1.00e-06
  에폭 263/300 | 손실: 0.3553 | 학습: 85.9% | 검증: 85.4% | lr: 1.00e-06
  에폭 264/300 | 손실: 0.3579 | 학습: 86.2% | 검증: 85.3% | lr: 1.00e-06
  에폭 265/300 | 손실: 0.3611 | 학습: 86.1% | 검증: 85.4% | lr: 1.00e-06
  에폭 266/300 | 손실: 0.3628 | 학습: 86.2% | 검증: 85.2% | lr: 1.00e-06
  에폭 267/300 | 손실: 0.3614 | 학습: 86.1% | 검증: 85.4% | lr: 1.00e-06
  에폭 268/300 | 손실: 0.3570 | 학습: 86.1% | 검증: 85.7% | lr: 1.00e-06
  에폭 269/300 | 손실: 0.3588 | 학습: 86.1% | 검증: 85.3% | lr: 1.00e-06
  에폭 270/300 | 손실: 0.3587 | 학습: 86.0% | 검증: 85.6% | lr: 1.00e-06
  에폭 271/300 | 손실: 0.3596 | 학습: 86.3% | 검증: 85.7% | lr: 1.00e-06
  에폭 272/300 | 손실: 0.3609 | 학습: 86.0% | 검증: 85.3% | lr: 1.00e-06
  에폭 273/300 | 손실: 0.3577 | 학습: 86.0% | 검증: 85.1% | lr: 1.00e-06
  에폭 274/300 | 손실: 0.3607 | 학습: 86.3% | 검증: 85.5% | lr: 1.00e-06
  에폭 275/300 | 손실: 0.3570 | 학습: 86.0% | 검증: 85.8% | lr: 1.00e-06
  에폭 276/300 | 손실: 0.3592 | 학습: 86.3% | 검증: 85.4% | lr: 1.00e-06
  에폭 277/300 | 손실: 0.3592 | 학습: 85.8% | 검증: 85.4% | lr: 1.00e-06
  에폭 278/300 | 손실: 0.3554 | 학습: 86.0% | 검증: 85.4% | lr: 1.00e-06
  에폭 279/300 | 손실: 0.3597 | 학습: 85.7% | 검증: 85.2% | lr: 1.00e-06
  에폭 280/300 | 손실: 0.3579 | 학습: 86.1% | 검증: 85.4% | lr: 1.00e-06
  에폭 281/300 | 손실: 0.3614 | 학습: 86.0% | 검증: 85.5% | lr: 1.00e-06
  에폭 282/300 | 손실: 0.3593 | 학습: 86.0% | 검증: 85.2% | lr: 1.00e-06
  에폭 283/300 | 손실: 0.3625 | 학습: 86.2% | 검증: 85.3% | lr: 1.00e-06
  에폭 284/300 | 손실: 0.3618 | 학습: 86.1% | 검증: 85.3% | lr: 1.00e-06
  에폭 285/300 | 손실: 0.3578 | 학습: 86.3% | 검증: 85.8% | lr: 1.00e-06
  에폭 286/300 | 손실: 0.3610 | 학습: 86.3% | 검증: 85.1% | lr: 1.00e-06
  에폭 287/300 | 손실: 0.3574 | 학습: 86.1% | 검증: 85.3% | lr: 1.00e-06
  에폭 288/300 | 손실: 0.3581 | 학습: 86.1% | 검증: 85.1% | lr: 1.00e-06
  에폭 289/300 | 손실: 0.3542 | 학습: 86.4% | 검증: 85.7% | lr: 1.00e-06
  에폭 290/300 | 손실: 0.3554 | 학습: 86.2% | 검증: 85.6% | lr: 1.00e-06
  에폭 291/300 | 손실: 0.3553 | 학습: 86.0% | 검증: 85.0% | lr: 1.00e-06
  에폭 292/300 | 손실: 0.3583 | 학습: 86.2% | 검증: 85.3% | lr: 1.00e-06
  에폭 293/300 | 손실: 0.3623 | 학습: 85.7% | 검증: 84.9% | lr: 1.00e-06
  에폭 294/300 | 손실: 0.3630 | 학습: 86.2% | 검증: 85.1% | lr: 1.00e-06
  에폭 295/300 | 손실: 0.3567 | 학습: 86.1% | 검증: 84.9% | lr: 1.00e-06
  에폭 296/300 | 손실: 0.3613 | 학습: 86.1% | 검증: 85.2% | lr: 1.00e-06
  에폭 297/300 | 손실: 0.3604 | 학습: 86.3% | 검증: 84.9% | lr: 1.00e-06
  에폭 298/300 | 손실: 0.3600 | 학습: 85.9% | 검증: 85.4% | lr: 1.00e-06
  에폭 299/300 | 손실: 0.3556 | 학습: 86.1% | 검증: 85.1% | lr: 1.00e-06
  에폭 300/300 | 손실: 0.3602 | 학습: 86.4% | 검증: 85.5% | lr: 1.00e-06
[MLP] ✅ 학습 완료 | [128 → 64 → 32] | 최고 검증 정확도: 86.0%  (베스트 체크포인트 복원됨)
[MLP] ── Permutation Importance (베이스라인 정확도: 86.0%) ─
   1. SPECTRAL_FLATNESS             Δacc=++0.1832  █████████████████████████████████████
   2. SKEWNESS                      Δacc=++0.0397  ████████
   3. LOW_RATIO                     Δacc=++0.0259  █████
   4. DC_RATIO                      Δacc=++0.0257  █████
   5. PEAK_FREQ                     Δacc=++0.0256  █████
   6. MID_RATIO                     Δacc=++0.0238  █████
   7. SPECTRAL_ROLLOFF              Δacc=++0.0225  ████
   8. CENTROID                      Δacc=++0.0204  ████
   9. SPECTRAL_BANDWIDTH            Δacc=++0.0186  ████
  10. HIGH_RATIO                    Δacc=++0.0182  ████
  11. SECOND_PEAK_FREQ              Δacc=++0.0170  ███
  12. PEAK_COUNT                    Δacc=++0.0156  ███
  13. PEAK_TO_AVG_E                 Δacc=++0.0111  ██
  14. KURTOSIS                      Δacc=++0.0104  ██
  15. RMS                           Δacc=++0.0044  █
  16. PEAK1_TO_PEAK2_RATIO          Δacc=++0.0038  █
  17. LOW_TO_HIGH_RATIO             Δacc=++0.0024  
  18. DELTA_PEAK_FREQ               Δacc=++0.0023  
  19. PEAK_ENERGY                   Δacc=++0.0021  
  20. AVG_ENERGY                    Δacc=++0.0005  
  21. ENERGY_VARIANCE               Δacc=++0.0003  
[MLP] ─────────────────────────────────────────────
[MLP] 특징 중요도 저장 → c:\Users\iSEN\Desktop\project\iSENSOR_UART_DEBUGER\AI\mlp\models\mlp_L128-64-32_ep300_lr5e-04_d3_b16_f21_0507_1158_importance.json
[MLP] 저장 완료 → c:\Users\iSEN\Desktop\project\iSENSOR_UART_DEBUGER\AI\mlp\models\mlp_weights.pt  (추론용)
[MLP] 버전 보관 → c:\Users\iSEN\Desktop\project\iSENSOR_UART_DEBUGER\AI\mlp\models\mlp_L128-64-32_ep300_lr5e-04_d3_b16_f21_0507_1158.pt
[MLP] 📊 학습 이력 저장 → c:\Users\iSEN\Desktop\project\iSENSOR_UART_DEBUGER\AI\mlp\models\train_history.json

  ── 이전 학습과 비교 ──────────────────────────────────
  이전 최고 검증 정확도: 88.1%
  현재 최고 검증 정확도: 86.0%
  변화: -2.2%p  ↓ 하락

