[MLP]   svm_data_20260428_164908_W256_S32_I1.csv            529샘플
[MLP]   svm_data_20260428_171251_W256_S32_I1.csv             10샘플
[MLP]   svm_data_20260428_171310_W256_S32_I1.csv            964샘플
[MLP] CSV 3개 병합  →  총 1503샘플
[MLP] 로드 완료 | 전체: 1503개  (배경: 539, 사람: 964)
[MLP] 학습: 1202개 (80%)  검증: 301개 (20%)
[MLP] ━━━━━━━━━━━━━━━━━━━━━━━━━━━━━━━━━━━━━━━━━━━━━━━
[MLP]  구조: 21 → 128 → 64 → 32 → 2
[MLP]  에폭: 300  배치: 16  LR: 5e-04  Dropout: 0.3
[MLP] ━━━━━━━━━━━━━━━━━━━━━━━━━━━━━━━━━━━━━━━━━━━━━━━
  에폭  10/300 | 손실: 0.5794 | 학습: 72.0% | 검증: 64.1% | lr: 5.00e-04
  에폭  20/300 | 손실: 0.5468 | 학습: 73.2% | 검증: 66.1% | lr: 5.00e-04
  에폭  30/300 | 손실: 0.5326 | 학습: 75.1% | 검증: 66.1% | lr: 5.00e-04
  에폭  40/300 | 손실: 0.5294 | 학습: 75.0% | 검증: 68.1% | lr: 5.00e-04
  에폭  50/300 | 손실: 0.5033 | 학습: 77.3% | 검증: 67.1% | lr: 5.00e-04
  에폭  60/300 | 손실: 0.5024 | 학습: 79.4% | 검증: 66.1% | lr: 5.00e-04
  에폭  70/300 | 손실: 0.4794 | 학습: 79.6% | 검증: 68.8% | lr: 5.00e-04
  에폭  80/300 | 손실: 0.4873 | 학습: 80.5% | 검증: 69.1% | lr: 5.00e-04
  에폭  90/300 | 손실: 0.4593 | 학습: 81.2% | 검증: 67.8% | lr: 5.00e-04
  에폭 100/300 | 손실: 0.4504 | 학습: 82.4% | 검증: 68.4% | lr: 5.00e-04
  에폭 110/300 | 손실: 0.4537 | 학습: 83.7% | 검증: 69.4% | lr: 5.00e-04
  에폭 120/300 | 손실: 0.4385 | 학습: 85.3% | 검증: 67.4% | lr: 5.00e-04
  에폭 130/300 | 손실: 0.4436 | 학습: 85.9% | 검증: 68.8% | lr: 5.00e-04
  에폭 140/300 | 손실: 0.4298 | 학습: 84.8% | 검증: 70.4% | lr: 5.00e-04
  에폭 150/300 | 손실: 0.4147 | 학습: 87.9% | 검증: 66.8% | lr: 5.00e-04
  에폭 160/300 | 손실: 0.3931 | 학습: 87.1% | 검증: 67.8% | lr: 5.00e-04
  에폭 170/300 | 손실: 0.3810 | 학습: 88.2% | 검증: 67.8% | lr: 5.00e-04
  에폭 180/300 | 손실: 0.4073 | 학습: 89.4% | 검증: 68.8% | lr: 5.00e-04
  에폭 190/300 | 손실: 0.3903 | 학습: 89.8% | 검증: 67.4% | lr: 2.50e-04
  에폭 200/300 | 손실: 0.3758 | 학습: 90.7% | 검증: 68.4% | lr: 2.50e-04
  에폭 210/300 | 손실: 0.3740 | 학습: 91.3% | 검증: 66.8% | lr: 2.50e-04
  에폭 220/300 | 손실: 0.3666 | 학습: 91.8% | 검증: 66.1% | lr: 1.25e-04
  에폭 230/300 | 손실: 0.3515 | 학습: 91.0% | 검증: 68.8% | lr: 1.25e-04
  에폭 240/300 | 손실: 0.3518 | 학습: 92.0% | 검증: 67.8% | lr: 6.25e-05
  에폭 250/300 | 손실: 0.3939 | 학습: 91.9% | 검증: 66.8% | lr: 3.13e-05
  에폭 260/300 | 손실: 0.3493 | 학습: 92.4% | 검증: 69.4% | lr: 3.13e-05
  에폭 270/300 | 손실: 0.3588 | 학습: 92.7% | 검증: 67.4% | lr: 1.56e-05
  에폭 280/300 | 손실: 0.3399 | 학습: 92.1% | 검증: 68.4% | lr: 1.56e-05
  에폭 290/300 | 손실: 0.3516 | 학습: 91.3% | 검증: 67.4% | lr: 7.81e-06
  에폭 300/300 | 손실: 0.3349 | 학습: 91.7% | 검증: 68.4% | lr: 3.91e-06
[MLP] ✅ 학습 완료 | [128 → 64 → 32] | 최고 검증 정확도: 70.4%
[MLP] 저장 완료 → c:\Users\iSEN\Desktop\project\iSENSOR_UART_DEBUGER\AI\mlp\models\mlp_weights.pt  (추론용)
[MLP] 버전 보관 → c:\Users\iSEN\Desktop\project\iSENSOR_UART_DEBUGER\AI\mlp\models\mlp_L128-64-32_ep300_lr5e-04_0428_1750.pt
[MLP] 📊 학습 이력 저장 → c:\Users\iSEN\Desktop\project\iSENSOR_UART_DEBUGER\AI\mlp\models\train_history.json

  ── 이전 학습과 비교 ──────────────────────────────────
  이전 최고 검증 정확도: 70.1%
  현재 최고 검증 정확도: 71.8%
  변화: +1.7%p  ↑ 개선

