[MLP]   svm_data_20260428_164908_W256_S32_I1.csv            529샘플
[MLP]   svm_data_20260428_171251_W256_S32_I1.csv             10샘플
[MLP]   svm_data_20260428_171310_W256_S32_I1.csv            964샘플
[MLP]   svm_data_20260429_104801_W256_S32_I1.csv            170샘플
[MLP]   svm_data_20260429_112044_W256_S1_I1.csv             287샘플
[MLP]   svm_data_20260429_121425.csv                          1샘플
[MLP]   svm_data_20260504_104600_W256_S2_I1.csv            1502샘플
[MLP]   svm_data_20260507_110627.csv                          1샘플
[MLP]   svm_data_20260507_110739_W256_S1_I1.csv             125샘플
[MLP]   svm_data_20260507_110824_W256_S1_I1.csv             956샘플
[MLP]   svm_data_20260507_111128_W256_S2_I1.csv            1128샘플
[MLP]   svm_data_20260507_111854.csv                       2908샘플
[MLP] CSV 12개 병합  →  총 8581샘플
[MLP] 로드 완료 | 전체: 8581개  (배경: 4709, 사람: 3872)
[MLP] 특징 모드: ESP32 (21개)
[MLP] 학습: 6864개 (80%)  검증: 1717개 (20%)  [비율고정: 유지 | 분리시드: 42]
[MLP] ━━━━━━━━━━━━━━━━━━━━━━━━━━━━━━━━━━━━━━━━━━━━━━━
[MLP]  디바이스: cuda (NVIDIA GeForce GTX 1660 SUPER)
[MLP]  구조: 21 → 128 → 64 → 32 → 2
[MLP]  에폭: 500  배치: 16  LR: 5e-04  Dropout: 0.4  Early Stop: patience=30
[MLP]  사용 특징 (21개): SPECTRAL_ROLLOFF, SPECTRAL_BANDWIDTH, PEAK_COUNT, MID_RATIO, LOW_TO_HIGH_RATIO, SECOND_PEAK_FREQ, KURTOSIS, CENTROID, PEAK_FREQ, LOW_RATIO, RMS, AVG_ENERGY, PEAK_ENERGY, ENERGY_VARIANCE, PEAK_TO_AVG_E, HIGH_RATIO, PEAK1_TO_PEAK2_RATIO, SKEWNESS, DC_RATIO, DELTA_PEAK_FREQ, SPECTRAL_FLATNESS
[MLP] ━━━━━━━━━━━━━━━━━━━━━━━━━━━━━━━━━━━━━━━━━━━━━━━
  에폭   1/500 | 손실: 0.4454 | 학습: 82.6% | 검증: 81.7% | lr: 5.00e-04 ★
  에폭   2/500 | 손실: 0.4036 | 학습: 83.2% | 검증: 82.9% | lr: 5.00e-04 ★
  에폭   3/500 | 손실: 0.3982 | 학습: 83.7% | 검증: 83.8% | lr: 5.00e-04 ★
  에폭   4/500 | 손실: 0.3963 | 학습: 84.4% | 검증: 84.0% | lr: 5.00e-04 ★
  에폭   5/500 | 손실: 0.3847 | 학습: 84.5% | 검증: 84.6% | lr: 5.00e-04 ★
  에폭   6/500 | 손실: 0.3798 | 학습: 84.4% | 검증: 84.3% | lr: 5.00e-04
  에폭   7/500 | 손실: 0.3724 | 학습: 85.1% | 검증: 85.0% | lr: 5.00e-04 ★
  에폭   8/500 | 손실: 0.3734 | 학습: 85.0% | 검증: 85.0% | lr: 5.00e-04
  에폭   9/500 | 손실: 0.3725 | 학습: 85.2% | 검증: 85.1% | lr: 5.00e-04 ★
  에폭  10/500 | 손실: 0.3642 | 학습: 85.3% | 검증: 85.4% | lr: 5.00e-04 ★
  에폭  11/500 | 손실: 0.3623 | 학습: 85.5% | 검증: 85.3% | lr: 5.00e-04
  에폭  12/500 | 손실: 0.3659 | 학습: 85.5% | 검증: 85.0% | lr: 5.00e-04
  에폭  13/500 | 손실: 0.3553 | 학습: 85.7% | 검증: 84.9% | lr: 5.00e-04
  에폭  14/500 | 손실: 0.3557 | 학습: 86.0% | 검증: 84.8% | lr: 5.00e-04
  에폭  15/500 | 손실: 0.3537 | 학습: 86.0% | 검증: 85.4% | lr: 5.00e-04
  에폭  16/500 | 손실: 0.3494 | 학습: 86.6% | 검증: 85.1% | lr: 5.00e-04
  에폭  17/500 | 손실: 0.3519 | 학습: 85.8% | 검증: 85.1% | lr: 5.00e-04
  에폭  18/500 | 손실: 0.3518 | 학습: 86.4% | 검증: 85.4% | lr: 5.00e-04
  에폭  19/500 | 손실: 0.3504 | 학습: 86.1% | 검증: 85.4% | lr: 5.00e-04
  에폭  20/500 | 손실: 0.3481 | 학습: 86.3% | 검증: 85.8% | lr: 5.00e-04 ★
  에폭  21/500 | 손실: 0.3461 | 학습: 86.3% | 검증: 85.2% | lr: 5.00e-04
  에폭  22/500 | 손실: 0.3471 | 학습: 86.8% | 검증: 85.1% | lr: 5.00e-04
  에폭  23/500 | 손실: 0.3465 | 학습: 86.6% | 검증: 86.5% | lr: 5.00e-04 ★
  에폭  24/500 | 손실: 0.3426 | 학습: 86.7% | 검증: 85.4% | lr: 5.00e-04
  에폭  25/500 | 손실: 0.3445 | 학습: 87.2% | 검증: 85.8% | lr: 5.00e-04
  에폭  26/500 | 손실: 0.3386 | 학습: 86.8% | 검증: 85.8% | lr: 5.00e-04
  에폭  27/500 | 손실: 0.3360 | 학습: 87.1% | 검증: 86.0% | lr: 5.00e-04
  에폭  28/500 | 손실: 0.3410 | 학습: 86.5% | 검증: 85.8% | lr: 5.00e-04
  에폭  29/500 | 손실: 0.3406 | 학습: 87.6% | 검증: 86.0% | lr: 5.00e-04
  에폭  30/500 | 손실: 0.3357 | 학습: 87.7% | 검증: 86.3% | lr: 5.00e-04
  에폭  31/500 | 손실: 0.3374 | 학습: 87.5% | 검증: 85.6% | lr: 5.00e-04
  에폭  32/500 | 손실: 0.3354 | 학습: 86.9% | 검증: 85.7% | lr: 5.00e-04
  에폭  33/500 | 손실: 0.3345 | 학습: 87.3% | 검증: 86.4% | lr: 5.00e-04
  에폭  34/500 | 손실: 0.3327 | 학습: 87.7% | 검증: 86.5% | lr: 5.00e-04
  에폭  35/500 | 손실: 0.3353 | 학습: 87.6% | 검증: 86.3% | lr: 5.00e-04
  에폭  36/500 | 손실: 0.3332 | 학습: 87.6% | 검증: 87.0% | lr: 5.00e-04 ★
  에폭  37/500 | 손실: 0.3346 | 학습: 87.9% | 검증: 86.8% | lr: 5.00e-04
  에폭  38/500 | 손실: 0.3344 | 학습: 87.4% | 검증: 86.3% | lr: 5.00e-04
  에폭  39/500 | 손실: 0.3348 | 학습: 87.6% | 검증: 86.1% | lr: 5.00e-04
  에폭  40/500 | 손실: 0.3311 | 학습: 87.5% | 검증: 86.4% | lr: 5.00e-04
  에폭  41/500 | 손실: 0.3306 | 학습: 87.9% | 검증: 86.3% | lr: 5.00e-04
  에폭  42/500 | 손실: 0.3304 | 학습: 87.6% | 검증: 85.6% | lr: 5.00e-04
  에폭  43/500 | 손실: 0.3327 | 학습: 87.9% | 검증: 86.0% | lr: 5.00e-04
  에폭  44/500 | 손실: 0.3287 | 학습: 87.9% | 검증: 86.0% | lr: 5.00e-04
  에폭  45/500 | 손실: 0.3266 | 학습: 88.1% | 검증: 86.5% | lr: 5.00e-04
  에폭  46/500 | 손실: 0.3267 | 학습: 87.8% | 검증: 86.8% | lr: 5.00e-04
  에폭  47/500 | 손실: 0.3264 | 학습: 87.5% | 검증: 86.7% | lr: 5.00e-04
  에폭  48/500 | 손실: 0.3279 | 학습: 88.2% | 검증: 86.7% | lr: 5.00e-04
  에폭  49/500 | 손실: 0.3267 | 학습: 87.5% | 검증: 86.0% | lr: 5.00e-04
  에폭  50/500 | 손실: 0.3270 | 학습: 88.1% | 검증: 86.8% | lr: 5.00e-04
  에폭  51/500 | 손실: 0.3241 | 학습: 87.9% | 검증: 86.7% | lr: 5.00e-04
  에폭  52/500 | 손실: 0.3258 | 학습: 88.1% | 검증: 87.0% | lr: 5.00e-04 ★
  에폭  53/500 | 손실: 0.3228 | 학습: 88.1% | 검증: 87.0% | lr: 5.00e-04
  에폭  54/500 | 손실: 0.3180 | 학습: 88.3% | 검증: 86.9% | lr: 5.00e-04
  에폭  55/500 | 손실: 0.3193 | 학습: 88.3% | 검증: 87.5% | lr: 5.00e-04 ★
  에폭  56/500 | 손실: 0.3255 | 학습: 88.3% | 검증: 87.4% | lr: 5.00e-04
  에폭  57/500 | 손실: 0.3212 | 학습: 88.4% | 검증: 86.8% | lr: 5.00e-04
  에폭  58/500 | 손실: 0.3249 | 학습: 88.6% | 검증: 86.8% | lr: 5.00e-04
  에폭  59/500 | 손실: 0.3217 | 학습: 88.5% | 검증: 86.8% | lr: 5.00e-04
  에폭  60/500 | 손실: 0.3207 | 학습: 87.9% | 검증: 86.3% | lr: 5.00e-04
  에폭  61/500 | 손실: 0.3231 | 학습: 88.3% | 검증: 86.7% | lr: 5.00e-04
  에폭  62/500 | 손실: 0.3256 | 학습: 88.3% | 검증: 87.2% | lr: 5.00e-04
  에폭  63/500 | 손실: 0.3185 | 학습: 88.4% | 검증: 86.9% | lr: 5.00e-04
  에폭  64/500 | 손실: 0.3174 | 학습: 88.4% | 검증: 86.7% | lr: 5.00e-04
  에폭  65/500 | 손실: 0.3209 | 학습: 88.4% | 검증: 86.9% | lr: 5.00e-04
  에폭  66/500 | 손실: 0.3208 | 학습: 88.7% | 검증: 87.1% | lr: 5.00e-04
  에폭  67/500 | 손실: 0.3140 | 학습: 88.4% | 검증: 87.1% | lr: 5.00e-04
  에폭  68/500 | 손실: 0.3194 | 학습: 88.5% | 검증: 87.3% | lr: 5.00e-04
  에폭  69/500 | 손실: 0.3137 | 학습: 88.0% | 검증: 86.6% | lr: 5.00e-04
  에폭  70/500 | 손실: 0.3179 | 학습: 88.3% | 검증: 86.3% | lr: 5.00e-04
  에폭  71/500 | 손실: 0.3204 | 학습: 88.9% | 검증: 87.1% | lr: 5.00e-04
  에폭  72/500 | 손실: 0.3104 | 학습: 88.8% | 검증: 88.1% | lr: 5.00e-04 ★
  에폭  73/500 | 손실: 0.3137 | 학습: 88.7% | 검증: 87.5% | lr: 5.00e-04
  에폭  74/500 | 손실: 0.3143 | 학습: 88.7% | 검증: 86.7% | lr: 5.00e-04
  에폭  75/500 | 손실: 0.3093 | 학습: 88.5% | 검증: 87.0% | lr: 5.00e-04
  에폭  76/500 | 손실: 0.3135 | 학습: 88.8% | 검증: 86.8% | lr: 5.00e-04
  에폭  77/500 | 손실: 0.3158 | 학습: 88.5% | 검증: 87.1% | lr: 5.00e-04
  에폭  78/500 | 손실: 0.3136 | 학습: 88.5% | 검증: 87.4% | lr: 5.00e-04
  에폭  79/500 | 손실: 0.3124 | 학습: 88.9% | 검증: 87.5% | lr: 5.00e-04
  에폭  80/500 | 손실: 0.3114 | 학습: 88.9% | 검증: 88.1% | lr: 5.00e-04 ★
  에폭  81/500 | 손실: 0.3123 | 학습: 88.9% | 검증: 87.1% | lr: 5.00e-04
  에폭  82/500 | 손실: 0.3114 | 학습: 88.9% | 검증: 87.8% | lr: 5.00e-04
  에폭  83/500 | 손실: 0.3062 | 학습: 88.4% | 검증: 86.1% | lr: 5.00e-04
  에폭  84/500 | 손실: 0.3090 | 학습: 89.3% | 검증: 87.7% | lr: 5.00e-04
  에폭  85/500 | 손실: 0.3099 | 학습: 89.2% | 검증: 87.2% | lr: 5.00e-04
  에폭  86/500 | 손실: 0.3059 | 학습: 89.0% | 검증: 87.3% | lr: 5.00e-04
  에폭  87/500 | 손실: 0.3088 | 학습: 89.5% | 검증: 87.6% | lr: 5.00e-04
  에폭  88/500 | 손실: 0.3102 | 학습: 89.1% | 검증: 87.5% | lr: 5.00e-04
  에폭  89/500 | 손실: 0.3056 | 학습: 89.3% | 검증: 87.6% | lr: 5.00e-04
  에폭  90/500 | 손실: 0.3084 | 학습: 89.1% | 검증: 87.0% | lr: 5.00e-04
  에폭  91/500 | 손실: 0.3112 | 학습: 89.2% | 검증: 87.8% | lr: 5.00e-04
  에폭  92/500 | 손실: 0.3055 | 학습: 89.0% | 검증: 87.2% | lr: 5.00e-04
  에폭  93/500 | 손실: 0.3098 | 학습: 89.2% | 검증: 87.8% | lr: 5.00e-04
  에폭  94/500 | 손실: 0.3074 | 학습: 89.1% | 검증: 87.2% | lr: 5.00e-04
  에폭  95/500 | 손실: 0.3051 | 학습: 89.2% | 검증: 87.2% | lr: 5.00e-04
  에폭  96/500 | 손실: 0.3049 | 학습: 89.1% | 검증: 87.1% | lr: 5.00e-04
  에폭  97/500 | 손실: 0.3019 | 학습: 89.4% | 검증: 87.3% | lr: 5.00e-04
  에폭  98/500 | 손실: 0.3019 | 학습: 89.4% | 검증: 87.9% | lr: 5.00e-04
  에폭  99/500 | 손실: 0.3075 | 학습: 89.0% | 검증: 86.9% | lr: 5.00e-04
  에폭 100/500 | 손실: 0.3046 | 학습: 89.2% | 검증: 87.4% | lr: 5.00e-04
  에폭 101/500 | 손실: 0.3060 | 학습: 89.5% | 검증: 87.9% | lr: 5.00e-04
  에폭 102/500 | 손실: 0.3035 | 학습: 89.4% | 검증: 87.7% | lr: 5.00e-04
  에폭 103/500 | 손실: 0.3035 | 학습: 89.4% | 검증: 87.7% | lr: 5.00e-04
  에폭 104/500 | 손실: 0.3100 | 학습: 89.4% | 검증: 87.8% | lr: 5.00e-04
  에폭 105/500 | 손실: 0.3005 | 학습: 89.4% | 검증: 87.7% | lr: 5.00e-04
  에폭 106/500 | 손실: 0.3046 | 학습: 89.5% | 검증: 88.0% | lr: 5.00e-04
  에폭 107/500 | 손실: 0.3040 | 학습: 89.2% | 검증: 87.0% | lr: 5.00e-04
  에폭 108/500 | 손실: 0.2992 | 학습: 89.4% | 검증: 87.8% | lr: 5.00e-04
  에폭 109/500 | 손실: 0.2997 | 학습: 89.5% | 검증: 87.5% | lr: 5.00e-04
  에폭 110/500 | 손실: 0.3075 | 학습: 89.5% | 검증: 88.1% | lr: 5.00e-04
[MLP] ⏹ Early stopping — 110에폭 (검증 정확도 30에폭간 개선 없음)
[MLP] ✅ 학습 완료 | [128 → 64 → 32] | 최고 검증 정확도: 88.1%  (베스트 체크포인트 복원됨)
[MLP] ── Permutation Importance (베이스라인 정확도: 88.1%) ─
   1. SPECTRAL_FLATNESS             Δacc=++0.1425  ████████████████████████████
   2. LOW_RATIO                     Δacc=++0.0833  █████████████████
   3. CENTROID                      Δacc=++0.0787  ████████████████
   4. SKEWNESS                      Δacc=++0.0612  ████████████
   5. HIGH_RATIO                    Δacc=++0.0496  ██████████
   6. SPECTRAL_ROLLOFF              Δacc=++0.0461  █████████
   7. SPECTRAL_BANDWIDTH            Δacc=++0.0445  █████████
   8. MID_RATIO                     Δacc=++0.0431  █████████
   9. DC_RATIO                      Δacc=++0.0337  ███████
  10. PEAK_TO_AVG_E                 Δacc=++0.0289  ██████
  11. PEAK_FREQ                     Δacc=++0.0275  █████
  12. KURTOSIS                      Δacc=++0.0271  █████
  13. PEAK_COUNT                    Δacc=++0.0196  ████
  14. SECOND_PEAK_FREQ              Δacc=++0.0177  ████
  15. RMS                           Δacc=++0.0071  █
  16. DELTA_PEAK_FREQ               Δacc=++0.0048  █
  17. PEAK1_TO_PEAK2_RATIO          Δacc=++0.0047  █
  18. AVG_ENERGY                    Δacc=++0.0041  █
  19. PEAK_ENERGY                   Δacc=++0.0031  █
  20. ENERGY_VARIANCE               Δacc=++0.0014  
  21. LOW_TO_HIGH_RATIO             Δacc=++0.0012  
[MLP] ─────────────────────────────────────────────
[MLP] 특징 중요도 저장 → c:\Users\iSEN\Desktop\project\iSENSOR_UART_DEBUGER\AI\mlp\models\mlp_L128-64-32_ep300_lr5e-04_f21_0507_1137_importance.json
[MLP] 저장 완료 → c:\Users\iSEN\Desktop\project\iSENSOR_UART_DEBUGER\AI\mlp\models\mlp_weights.pt  (추론용)
[MLP] 버전 보관 → c:\Users\iSEN\Desktop\project\iSENSOR_UART_DEBUGER\AI\mlp\models\mlp_L128-64-32_ep300_lr5e-04_f21_0507_1137.pt
[MLP] 📊 학습 이력 저장 → c:\Users\iSEN\Desktop\project\iSENSOR_UART_DEBUGER\AI\mlp\models\train_history.json

  ── 이전 학습과 비교 ──────────────────────────────────
  이전 최고 검증 정확도: 83.5%
  현재 최고 검증 정확도: 88.1%
  변화: +4.7%p  ↑ 개선

