[MLP] CSV 3개 병합 로드  총 1503샘플
[MLP] 로드 완료 | 전체: 1503개  (배경: 539, 사람: 964)
[MLP] ━━━━━━━━━━━━━━━━━━━━━━━━━━━━━━━━━━━━━━━━━━━━━━━
[MLP]  구조: 10 → 128 → 64 → 32 → 2
[MLP]  에폭: 300  배치: 16  LR: 5e-04  Dropout: 0.3
[MLP] ━━━━━━━━━━━━━━━━━━━━━━━━━━━━━━━━━━━━━━━━━━━━━━━
  에폭  10/300 | 손실: 0.5988 | 학습: 64.1% | 검증: 64.8% | lr: 5.00e-04
  에폭  20/300 | 손실: 0.5703 | 학습: 65.5% | 검증: 64.5% | lr: 5.00e-04
  에폭  30/300 | 손실: 0.5830 | 학습: 67.3% | 검증: 65.4% | lr: 5.00e-04
  에폭  40/300 | 손실: 0.5538 | 학습: 68.5% | 검증: 68.4% | lr: 2.50e-04
  에폭  50/300 | 손실: 0.5648 | 학습: 67.8% | 검증: 67.8% | lr: 2.50e-04
  에폭  60/300 | 손실: 0.5560 | 학습: 69.6% | 검증: 67.8% | lr: 1.25e-04
  에폭  70/300 | 손실: 0.5704 | 학습: 68.5% | 검증: 66.1% | lr: 1.25e-04
  에폭  80/300 | 손실: 0.5615 | 학습: 69.1% | 검증: 68.1% | lr: 6.25e-05
  에폭  90/300 | 손실: 0.5563 | 학습: 69.7% | 검증: 67.4% | lr: 3.13e-05
  에폭 100/300 | 손실: 0.5469 | 학습: 69.6% | 검증: 68.4% | lr: 1.56e-05
  에폭 110/300 | 손실: 0.5577 | 학습: 70.4% | 검증: 69.1% | lr: 1.56e-05
  에폭 120/300 | 손실: 0.5516 | 학습: 69.8% | 검증: 68.4% | lr: 7.81e-06
  에폭 130/300 | 손실: 0.5593 | 학습: 70.7% | 검증: 68.8% | lr: 3.91e-06
  에폭 140/300 | 손실: 0.5578 | 학습: 70.6% | 검증: 67.4% | lr: 1.95e-06
  에폭 150/300 | 손실: 0.5718 | 학습: 68.6% | 검증: 67.1% | lr: 1.00e-06
  에폭 160/300 | 손실: 0.5531 | 학습: 69.2% | 검증: 67.8% | lr: 1.00e-06
  에폭 170/300 | 손실: 0.5524 | 학습: 70.0% | 검증: 68.4% | lr: 1.00e-06
  에폭 180/300 | 손실: 0.5561 | 학습: 69.7% | 검증: 66.8% | lr: 1.00e-06
  에폭 190/300 | 손실: 0.5475 | 학습: 69.5% | 검증: 67.1% | lr: 1.00e-06
  에폭 200/300 | 손실: 0.5559 | 학습: 70.0% | 검증: 68.4% | lr: 1.00e-06
  에폭 210/300 | 손실: 0.5552 | 학습: 70.5% | 검증: 68.4% | lr: 1.00e-06
  에폭 220/300 | 손실: 0.5541 | 학습: 69.9% | 검증: 67.4% | lr: 1.00e-06
  에폭 230/300 | 손실: 0.5570 | 학습: 70.3% | 검증: 67.8% | lr: 1.00e-06
  에폭 240/300 | 손실: 0.5527 | 학습: 70.1% | 검증: 69.1% | lr: 1.00e-06
  에폭 250/300 | 손실: 0.5577 | 학습: 69.8% | 검증: 68.1% | lr: 1.00e-06
  에폭 260/300 | 손실: 0.5550 | 학습: 70.0% | 검증: 68.8% | lr: 1.00e-06
  에폭 270/300 | 손실: 0.5501 | 학습: 69.8% | 검증: 68.1% | lr: 1.00e-06
  에폭 280/300 | 손실: 0.5602 | 학습: 70.2% | 검증: 66.1% | lr: 1.00e-06
  에폭 290/300 | 손실: 0.5587 | 학습: 68.5% | 검증: 68.8% | lr: 1.00e-06
  에폭 300/300 | 손실: 0.5647 | 학습: 70.2% | 검증: 66.8% | lr: 1.00e-06
[MLP] ✅ 학습 완료 | [128 → 64 → 32] | 최고 검증 정확도: 69.1%
[MLP] 저장 완료 → c:\Users\iSEN\Desktop\project\iSENSOR_UART_DEBUGER\AI\mlp\models\mlp_weights.pt  (추론용)
[MLP] 버전 보관 → c:\Users\iSEN\Desktop\project\iSENSOR_UART_DEBUGER\AI\mlp\models\mlp_L128-64-32_ep300_lr5e-04_0428_1734.pt
[MLP] 📊 학습 이력 저장 → c:\Users\iSEN\Desktop\project\iSENSOR_UART_DEBUGER\AI\mlp\models\train_history.json

  ── 이전 학습과 비교 ──────────────────────────────────
  이전 최고 검증 정확도: 99.8%
  현재 최고 검증 정확도: 69.8%
  변화: -30.0%p  ↓ 하락

