[MLP]   svm_data_20260428_164908_W256_S32_I1.csv            529샘플
[MLP]   svm_data_20260428_171251_W256_S32_I1.csv             10샘플
[MLP]   svm_data_20260428_171310_W256_S32_I1.csv            964샘플
[MLP]   svm_data_20260429_104801_W256_S32_I1.csv            170샘플
[MLP]   svm_data_20260429_112044_W256_S1_I1.csv             287샘플
[MLP]   svm_data_20260429_121425.csv                          1샘플
[MLP] CSV 6개 병합  →  총 1961샘플
[MLP] 로드 완료 | 전체: 1961개  (배경: 997, 사람: 964)
[MLP] 특징 모드: ESP32 (21개)
[MLP] 학습: 1568개 (80%)  검증: 393개 (20%)  [비율고정: 유지 | 분리시드: 42]
[MLP] ━━━━━━━━━━━━━━━━━━━━━━━━━━━━━━━━━━━━━━━━━━━━━━━
[MLP]  디바이스: cpu
[MLP]  구조: 21 → 128 → 64 → 32 → 2
[MLP]  에폭: 300  배치: 16  LR: 5e-04  Dropout: 0.3  Early Stop: 비활성화
[MLP]  사용 특징 (21개): SPECTRAL_ROLLOFF, SPECTRAL_BANDWIDTH, PEAK_COUNT, MID_RATIO, LOW_TO_HIGH_RATIO, SECOND_PEAK_FREQ, KURTOSIS, CENTROID, PEAK_FREQ, LOW_RATIO, RMS, AVG_ENERGY, PEAK_ENERGY, ENERGY_VARIANCE, PEAK_TO_AVG_E, HIGH_RATIO, PEAK1_TO_PEAK2_RATIO, SKEWNESS, DC_RATIO, DELTA_PEAK_FREQ, SPECTRAL_FLATNESS
[MLP] ━━━━━━━━━━━━━━━━━━━━━━━━━━━━━━━━━━━━━━━━━━━━━━━
  에폭   1/300 | 손실: 0.5947 | 학습: 69.6% | 검증: 71.5% | lr: 5.00e-04 ★
  에폭   2/300 | 손실: 0.5248 | 학습: 72.0% | 검증: 76.8% | lr: 5.00e-04 ★
  에폭   3/300 | 손실: 0.5049 | 학습: 71.6% | 검증: 74.3% | lr: 5.00e-04
  에폭   4/300 | 손실: 0.5025 | 학습: 73.0% | 검증: 75.1% | lr: 5.00e-04
  에폭   5/300 | 손실: 0.4923 | 학습: 73.0% | 검증: 74.6% | lr: 5.00e-04
  에폭   6/300 | 손실: 0.4910 | 학습: 75.1% | 검증: 74.3% | lr: 5.00e-04
  에폭   7/300 | 손실: 0.4886 | 학습: 74.6% | 검증: 74.3% | lr: 5.00e-04
  에폭   8/300 | 손실: 0.4871 | 학습: 77.0% | 검증: 75.6% | lr: 5.00e-04
  에폭   9/300 | 손실: 0.4873 | 학습: 75.7% | 검증: 75.6% | lr: 5.00e-04
  에폭  10/300 | 손실: 0.4796 | 학습: 76.4% | 검증: 75.3% | lr: 5.00e-04
  에폭  11/300 | 손실: 0.4877 | 학습: 76.7% | 검증: 76.1% | lr: 5.00e-04
  에폭  12/300 | 손실: 0.4874 | 학습: 75.5% | 검증: 76.8% | lr: 5.00e-04
  에폭  13/300 | 손실: 0.4810 | 학습: 76.0% | 검증: 75.6% | lr: 5.00e-04
  에폭  14/300 | 손실: 0.4693 | 학습: 76.8% | 검증: 76.8% | lr: 5.00e-04
  에폭  15/300 | 손실: 0.4622 | 학습: 77.6% | 검증: 76.8% | lr: 5.00e-04
  에폭  16/300 | 손실: 0.4684 | 학습: 76.9% | 검증: 76.8% | lr: 5.00e-04
  에폭  17/300 | 손실: 0.4677 | 학습: 77.4% | 검증: 75.6% | lr: 5.00e-04
  에폭  18/300 | 손실: 0.4647 | 학습: 78.0% | 검증: 77.6% | lr: 5.00e-04 ★
  에폭  19/300 | 손실: 0.4695 | 학습: 78.2% | 검증: 76.3% | lr: 5.00e-04
  에폭  20/300 | 손실: 0.4626 | 학습: 76.9% | 검증: 75.3% | lr: 5.00e-04
  에폭  21/300 | 손실: 0.4614 | 학습: 78.3% | 검증: 77.1% | lr: 5.00e-04
  에폭  22/300 | 손실: 0.4613 | 학습: 78.4% | 검증: 76.8% | lr: 5.00e-04
  에폭  23/300 | 손실: 0.4555 | 학습: 78.1% | 검증: 77.1% | lr: 5.00e-04
  에폭  24/300 | 손실: 0.4696 | 학습: 77.8% | 검증: 77.1% | lr: 5.00e-04
  에폭  25/300 | 손실: 0.4587 | 학습: 78.8% | 검증: 77.6% | lr: 5.00e-04
  에폭  26/300 | 손실: 0.4525 | 학습: 78.1% | 검증: 76.6% | lr: 5.00e-04
  에폭  27/300 | 손실: 0.4539 | 학습: 78.8% | 검증: 77.9% | lr: 5.00e-04 ★
  에폭  28/300 | 손실: 0.4522 | 학습: 79.7% | 검증: 77.6% | lr: 5.00e-04
  에폭  29/300 | 손실: 0.4501 | 학습: 78.1% | 검증: 75.6% | lr: 5.00e-04
  에폭  30/300 | 손실: 0.4443 | 학습: 78.8% | 검증: 78.1% | lr: 5.00e-04 ★
  에폭  31/300 | 손실: 0.4486 | 학습: 79.2% | 검증: 76.3% | lr: 5.00e-04
  에폭  32/300 | 손실: 0.4455 | 학습: 79.5% | 검증: 78.1% | lr: 5.00e-04
  에폭  33/300 | 손실: 0.4516 | 학습: 79.6% | 검증: 78.9% | lr: 5.00e-04 ★
  에폭  34/300 | 손실: 0.4474 | 학습: 78.3% | 검증: 77.1% | lr: 5.00e-04
  에폭  35/300 | 손실: 0.4413 | 학습: 79.9% | 검증: 77.6% | lr: 5.00e-04
  에폭  36/300 | 손실: 0.4406 | 학습: 80.2% | 검증: 77.4% | lr: 5.00e-04
  에폭  37/300 | 손실: 0.4392 | 학습: 79.3% | 검증: 76.3% | lr: 5.00e-04
  에폭  38/300 | 손실: 0.4331 | 학습: 79.8% | 검증: 76.8% | lr: 5.00e-04
  에폭  39/300 | 손실: 0.4444 | 학습: 80.4% | 검증: 76.6% | lr: 5.00e-04
  에폭  40/300 | 손실: 0.4359 | 학습: 80.2% | 검증: 77.4% | lr: 5.00e-04
  에폭  41/300 | 손실: 0.4462 | 학습: 80.4% | 검증: 77.1% | lr: 5.00e-04
  에폭  42/300 | 손실: 0.4399 | 학습: 81.2% | 검증: 76.3% | lr: 5.00e-04
  에폭  43/300 | 손실: 0.4359 | 학습: 80.7% | 검증: 76.8% | lr: 5.00e-04
  에폭  44/300 | 손실: 0.4229 | 학습: 80.5% | 검증: 77.9% | lr: 5.00e-04
  에폭  45/300 | 손실: 0.4451 | 학습: 79.7% | 검증: 77.9% | lr: 5.00e-04
  에폭  46/300 | 손실: 0.4271 | 학습: 80.3% | 검증: 76.6% | lr: 5.00e-04
  에폭  47/300 | 손실: 0.4300 | 학습: 81.1% | 검증: 75.6% | lr: 5.00e-04
  에폭  48/300 | 손실: 0.4219 | 학습: 81.2% | 검증: 76.3% | lr: 5.00e-04
  에폭  49/300 | 손실: 0.4395 | 학습: 80.9% | 검증: 77.4% | lr: 5.00e-04
  에폭  50/300 | 손실: 0.4367 | 학습: 82.4% | 검증: 79.1% | lr: 5.00e-04 ★
  에폭  51/300 | 손실: 0.4251 | 학습: 81.8% | 검증: 76.3% | lr: 5.00e-04
  에폭  52/300 | 손실: 0.4328 | 학습: 81.4% | 검증: 77.6% | lr: 5.00e-04
  에폭  53/300 | 손실: 0.4292 | 학습: 80.7% | 검증: 76.3% | lr: 5.00e-04
  에폭  54/300 | 손실: 0.4342 | 학습: 81.4% | 검증: 76.6% | lr: 5.00e-04
  에폭  55/300 | 손실: 0.4370 | 학습: 81.2% | 검증: 76.3% | lr: 5.00e-04
  에폭  56/300 | 손실: 0.4230 | 학습: 81.5% | 검증: 77.4% | lr: 5.00e-04
  에폭  57/300 | 손실: 0.4282 | 학습: 81.4% | 검증: 77.1% | lr: 5.00e-04
  에폭  58/300 | 손실: 0.4134 | 학습: 82.6% | 검증: 78.4% | lr: 5.00e-04
  에폭  59/300 | 손실: 0.4394 | 학습: 81.5% | 검증: 77.6% | lr: 5.00e-04
  에폭  60/300 | 손실: 0.4120 | 학습: 82.7% | 검증: 77.9% | lr: 5.00e-04
  에폭  61/300 | 손실: 0.4297 | 학습: 82.5% | 검증: 78.4% | lr: 5.00e-04
  에폭  62/300 | 손실: 0.4227 | 학습: 82.5% | 검증: 79.1% | lr: 5.00e-04
  에폭  63/300 | 손실: 0.4218 | 학습: 82.7% | 검증: 78.9% | lr: 5.00e-04
  에폭  64/300 | 손실: 0.4167 | 학습: 83.5% | 검증: 77.6% | lr: 5.00e-04
  에폭  65/300 | 손실: 0.4198 | 학습: 82.9% | 검증: 76.6% | lr: 5.00e-04
  에폭  66/300 | 손실: 0.4140 | 학습: 84.0% | 검증: 79.4% | lr: 5.00e-04 ★
  에폭  67/300 | 손실: 0.4122 | 학습: 82.5% | 검증: 77.1% | lr: 5.00e-04
  에폭  68/300 | 손실: 0.4200 | 학습: 82.1% | 검증: 76.6% | lr: 5.00e-04
  에폭  69/300 | 손실: 0.4063 | 학습: 82.5% | 검증: 78.1% | lr: 5.00e-04
  에폭  70/300 | 손실: 0.4129 | 학습: 82.9% | 검증: 77.4% | lr: 5.00e-04
  에폭  71/300 | 손실: 0.4241 | 학습: 82.9% | 검증: 77.6% | lr: 5.00e-04
  에폭  72/300 | 손실: 0.4183 | 학습: 83.0% | 검증: 77.9% | lr: 5.00e-04
  에폭  73/300 | 손실: 0.4193 | 학습: 83.1% | 검증: 79.1% | lr: 5.00e-04
  에폭  74/300 | 손실: 0.4142 | 학습: 82.2% | 검증: 76.3% | lr: 5.00e-04
  에폭  75/300 | 손실: 0.4092 | 학습: 83.3% | 검증: 78.6% | lr: 5.00e-04
  에폭  76/300 | 손실: 0.4094 | 학습: 83.5% | 검증: 76.3% | lr: 5.00e-04
  에폭  77/300 | 손실: 0.4140 | 학습: 83.9% | 검증: 77.6% | lr: 5.00e-04
  에폭  78/300 | 손실: 0.4117 | 학습: 83.2% | 검증: 76.3% | lr: 5.00e-04
  에폭  79/300 | 손실: 0.4135 | 학습: 83.6% | 검증: 75.8% | lr: 5.00e-04
  에폭  80/300 | 손실: 0.4088 | 학습: 84.3% | 검증: 76.8% | lr: 2.50e-04
  에폭  81/300 | 손실: 0.4118 | 학습: 84.0% | 검증: 78.6% | lr: 2.50e-04
  에폭  82/300 | 손실: 0.4044 | 학습: 84.4% | 검증: 76.6% | lr: 2.50e-04
  에폭  83/300 | 손실: 0.4103 | 학습: 83.7% | 검증: 77.9% | lr: 2.50e-04
  에폭  84/300 | 손실: 0.3884 | 학습: 84.4% | 검증: 78.9% | lr: 2.50e-04
  에폭  85/300 | 손실: 0.4064 | 학습: 85.0% | 검증: 77.9% | lr: 2.50e-04
  에폭  86/300 | 손실: 0.4087 | 학습: 84.3% | 검증: 78.4% | lr: 2.50e-04
  에폭  87/300 | 손실: 0.3948 | 학습: 84.4% | 검증: 78.4% | lr: 2.50e-04
  에폭  88/300 | 손실: 0.3945 | 학습: 84.8% | 검증: 78.4% | lr: 2.50e-04
  에폭  89/300 | 손실: 0.3924 | 학습: 84.3% | 검증: 76.8% | lr: 2.50e-04
  에폭  90/300 | 손실: 0.4055 | 학습: 84.6% | 검증: 78.4% | lr: 2.50e-04
  에폭  91/300 | 손실: 0.4022 | 학습: 84.2% | 검증: 77.4% | lr: 2.50e-04
  에폭  92/300 | 손실: 0.3854 | 학습: 84.8% | 검증: 79.1% | lr: 2.50e-04
  에폭  93/300 | 손실: 0.4034 | 학습: 84.8% | 검증: 77.9% | lr: 2.50e-04
  에폭  94/300 | 손실: 0.3968 | 학습: 84.8% | 검증: 77.1% | lr: 2.50e-04
  에폭  95/300 | 손실: 0.3953 | 학습: 84.2% | 검증: 76.3% | lr: 2.50e-04
  에폭  96/300 | 손실: 0.3912 | 학습: 85.1% | 검증: 77.4% | lr: 2.50e-04
  에폭  97/300 | 손실: 0.3888 | 학습: 84.3% | 검증: 75.8% | lr: 2.50e-04
  에폭  98/300 | 손실: 0.3917 | 학습: 84.5% | 검증: 76.1% | lr: 2.50e-04
  에폭  99/300 | 손실: 0.3932 | 학습: 85.6% | 검증: 77.4% | lr: 2.50e-04
  에폭 100/300 | 손실: 0.3973 | 학습: 84.6% | 검증: 77.6% | lr: 2.50e-04
  에폭 101/300 | 손실: 0.4025 | 학습: 85.6% | 검증: 76.8% | lr: 2.50e-04
  에폭 102/300 | 손실: 0.4030 | 학습: 84.8% | 검증: 74.8% | lr: 2.50e-04
  에폭 103/300 | 손실: 0.3935 | 학습: 85.5% | 검증: 76.6% | lr: 1.25e-04
  에폭 104/300 | 손실: 0.3813 | 학습: 85.2% | 검증: 76.8% | lr: 1.25e-04
  에폭 105/300 | 손실: 0.3794 | 학습: 85.6% | 검증: 76.6% | lr: 1.25e-04
  에폭 106/300 | 손실: 0.3716 | 학습: 85.2% | 검증: 76.1% | lr: 1.25e-04
  에폭 107/300 | 손실: 0.3973 | 학습: 85.8% | 검증: 76.3% | lr: 1.25e-04
  에폭 108/300 | 손실: 0.4000 | 학습: 85.8% | 검증: 76.6% | lr: 1.25e-04
  에폭 109/300 | 손실: 0.3858 | 학습: 86.2% | 검증: 77.6% | lr: 1.25e-04
  에폭 110/300 | 손실: 0.3731 | 학습: 85.1% | 검증: 77.1% | lr: 1.25e-04
  에폭 111/300 | 손실: 0.3969 | 학습: 85.9% | 검증: 77.9% | lr: 1.25e-04
  에폭 112/300 | 손실: 0.3837 | 학습: 85.2% | 검증: 75.8% | lr: 1.25e-04
  에폭 113/300 | 손실: 0.3847 | 학습: 86.0% | 검증: 77.6% | lr: 1.25e-04
  에폭 114/300 | 손실: 0.4003 | 학습: 86.0% | 검증: 77.9% | lr: 1.25e-04
  에폭 115/300 | 손실: 0.3867 | 학습: 85.7% | 검증: 76.3% | lr: 1.25e-04
  에폭 116/300 | 손실: 0.3891 | 학습: 85.4% | 검증: 76.6% | lr: 1.25e-04
  에폭 117/300 | 손실: 0.3820 | 학습: 85.8% | 검증: 76.3% | lr: 6.25e-05
  에폭 118/300 | 손실: 0.3783 | 학습: 85.9% | 검증: 77.1% | lr: 6.25e-05
  에폭 119/300 | 손실: 0.3719 | 학습: 85.4% | 검증: 76.8% | lr: 6.25e-05
  에폭 120/300 | 손실: 0.3892 | 학습: 86.1% | 검증: 77.4% | lr: 6.25e-05
  에폭 121/300 | 손실: 0.3898 | 학습: 86.6% | 검증: 76.8% | lr: 6.25e-05
  에폭 122/300 | 손실: 0.3772 | 학습: 85.9% | 검증: 77.9% | lr: 6.25e-05
  에폭 123/300 | 손실: 0.3885 | 학습: 85.7% | 검증: 75.8% | lr: 6.25e-05
  에폭 124/300 | 손실: 0.3686 | 학습: 85.2% | 검증: 76.6% | lr: 6.25e-05
  에폭 125/300 | 손실: 0.3724 | 학습: 86.0% | 검증: 76.3% | lr: 6.25e-05
  에폭 126/300 | 손실: 0.3858 | 학습: 86.0% | 검증: 77.6% | lr: 6.25e-05
  에폭 127/300 | 손실: 0.3762 | 학습: 85.1% | 검증: 76.1% | lr: 6.25e-05
  에폭 128/300 | 손실: 0.3801 | 학습: 86.2% | 검증: 77.1% | lr: 6.25e-05
  에폭 129/300 | 손실: 0.3711 | 학습: 85.8% | 검증: 77.6% | lr: 6.25e-05
  에폭 130/300 | 손실: 0.3734 | 학습: 85.4% | 검증: 76.8% | lr: 6.25e-05
  에폭 131/300 | 손실: 0.3705 | 학습: 86.0% | 검증: 76.6% | lr: 6.25e-05
  에폭 132/300 | 손실: 0.3911 | 학습: 85.9% | 검증: 76.3% | lr: 6.25e-05
  에폭 133/300 | 손실: 0.3831 | 학습: 86.0% | 검증: 77.4% | lr: 6.25e-05
  에폭 134/300 | 손실: 0.3775 | 학습: 86.0% | 검증: 77.1% | lr: 6.25e-05
  에폭 135/300 | 손실: 0.3825 | 학습: 86.0% | 검증: 76.6% | lr: 3.13e-05
  에폭 136/300 | 손실: 0.3746 | 학습: 85.8% | 검증: 76.3% | lr: 3.13e-05
  에폭 137/300 | 손실: 0.3699 | 학습: 86.2% | 검증: 77.9% | lr: 3.13e-05
  에폭 138/300 | 손실: 0.3853 | 학습: 85.8% | 검증: 76.1% | lr: 3.13e-05
  에폭 139/300 | 손실: 0.3858 | 학습: 86.0% | 검증: 76.8% | lr: 3.13e-05
  에폭 140/300 | 손실: 0.3851 | 학습: 86.0% | 검증: 77.9% | lr: 3.13e-05
  에폭 141/300 | 손실: 0.3746 | 학습: 86.5% | 검증: 77.4% | lr: 3.13e-05
  에폭 142/300 | 손실: 0.3660 | 학습: 86.2% | 검증: 76.1% | lr: 3.13e-05
  에폭 143/300 | 손실: 0.3674 | 학습: 86.3% | 검증: 77.4% | lr: 3.13e-05
  에폭 144/300 | 손실: 0.3804 | 학습: 85.5% | 검증: 78.6% | lr: 3.13e-05
  에폭 145/300 | 손실: 0.3759 | 학습: 86.5% | 검증: 78.4% | lr: 3.13e-05
  에폭 146/300 | 손실: 0.3922 | 학습: 86.1% | 검증: 77.4% | lr: 3.13e-05
  에폭 147/300 | 손실: 0.3843 | 학습: 86.0% | 검증: 77.6% | lr: 3.13e-05
  에폭 148/300 | 손실: 0.3770 | 학습: 86.2% | 검증: 76.8% | lr: 3.13e-05
  에폭 149/300 | 손실: 0.3819 | 학습: 86.0% | 검증: 75.8% | lr: 3.13e-05
  에폭 150/300 | 손실: 0.3656 | 학습: 86.5% | 검증: 77.4% | lr: 3.13e-05
  에폭 151/300 | 손실: 0.3810 | 학습: 85.6% | 검증: 77.4% | lr: 3.13e-05
  에폭 152/300 | 손실: 0.3780 | 학습: 86.1% | 검증: 76.8% | lr: 3.13e-05
  에폭 153/300 | 손실: 0.3750 | 학습: 86.0% | 검증: 76.1% | lr: 3.13e-05
  에폭 154/300 | 손실: 0.3850 | 학습: 86.2% | 검증: 77.4% | lr: 3.13e-05
  에폭 155/300 | 손실: 0.3649 | 학습: 86.7% | 검증: 76.8% | lr: 3.13e-05
  에폭 156/300 | 손실: 0.3936 | 학습: 86.7% | 검증: 77.4% | lr: 3.13e-05
  에폭 157/300 | 손실: 0.3826 | 학습: 86.4% | 검증: 78.6% | lr: 3.13e-05
  에폭 158/300 | 손실: 0.3717 | 학습: 86.7% | 검증: 78.1% | lr: 3.13e-05
  에폭 159/300 | 손실: 0.3820 | 학습: 87.0% | 검증: 77.6% | lr: 3.13e-05
  에폭 160/300 | 손실: 0.3747 | 학습: 86.7% | 검증: 76.6% | lr: 3.13e-05
  에폭 161/300 | 손실: 0.3764 | 학습: 86.1% | 검증: 77.6% | lr: 3.13e-05
  에폭 162/300 | 손실: 0.3820 | 학습: 86.6% | 검증: 77.4% | lr: 3.13e-05
  에폭 163/300 | 손실: 0.3801 | 학습: 86.5% | 검증: 76.6% | lr: 3.13e-05
  에폭 164/300 | 손실: 0.3747 | 학습: 86.4% | 검증: 77.4% | lr: 3.13e-05
  에폭 165/300 | 손실: 0.3873 | 학습: 86.7% | 검증: 77.1% | lr: 3.13e-05
  에폭 166/300 | 손실: 0.3860 | 학습: 86.4% | 검증: 76.6% | lr: 1.56e-05
  에폭 167/300 | 손실: 0.3740 | 학습: 86.0% | 검증: 76.6% | lr: 1.56e-05
  에폭 168/300 | 손실: 0.3829 | 학습: 86.7% | 검증: 76.8% | lr: 1.56e-05
  에폭 169/300 | 손실: 0.3856 | 학습: 86.5% | 검증: 77.4% | lr: 1.56e-05
  에폭 170/300 | 손실: 0.3797 | 학습: 85.7% | 검증: 76.6% | lr: 1.56e-05
  에폭 171/300 | 손실: 0.3662 | 학습: 86.0% | 검증: 77.1% | lr: 1.56e-05
  에폭 172/300 | 손실: 0.3743 | 학습: 86.2% | 검증: 76.1% | lr: 1.56e-05
  에폭 173/300 | 손실: 0.3866 | 학습: 86.3% | 검증: 77.6% | lr: 1.56e-05
  에폭 174/300 | 손실: 0.3730 | 학습: 86.5% | 검증: 78.1% | lr: 1.56e-05
  에폭 175/300 | 손실: 0.3776 | 학습: 86.5% | 검증: 77.1% | lr: 1.56e-05
  에폭 176/300 | 손실: 0.3680 | 학습: 86.5% | 검증: 76.6% | lr: 1.56e-05
  에폭 177/300 | 손실: 0.3689 | 학습: 86.2% | 검증: 77.1% | lr: 7.81e-06
  에폭 178/300 | 손실: 0.3847 | 학습: 85.9% | 검증: 76.6% | lr: 7.81e-06
  에폭 179/300 | 손실: 0.3677 | 학습: 86.5% | 검증: 77.1% | lr: 7.81e-06
  에폭 180/300 | 손실: 0.3781 | 학습: 86.5% | 검증: 75.8% | lr: 7.81e-06
  에폭 181/300 | 손실: 0.3620 | 학습: 86.7% | 검증: 77.4% | lr: 7.81e-06
  에폭 182/300 | 손실: 0.3841 | 학습: 86.2% | 검증: 77.4% | lr: 7.81e-06
  에폭 183/300 | 손실: 0.3960 | 학습: 86.2% | 검증: 76.1% | lr: 7.81e-06
  에폭 184/300 | 손실: 0.3691 | 학습: 87.1% | 검증: 76.8% | lr: 7.81e-06
  에폭 185/300 | 손실: 0.3844 | 학습: 86.6% | 검증: 76.3% | lr: 7.81e-06
  에폭 186/300 | 손실: 0.3740 | 학습: 86.4% | 검증: 77.6% | lr: 7.81e-06
  에폭 187/300 | 손실: 0.3695 | 학습: 86.2% | 검증: 77.1% | lr: 7.81e-06
  에폭 188/300 | 손실: 0.3594 | 학습: 86.8% | 검증: 77.1% | lr: 7.81e-06
  에폭 189/300 | 손실: 0.3782 | 학습: 86.5% | 검증: 77.1% | lr: 7.81e-06
  에폭 190/300 | 손실: 0.3901 | 학습: 86.9% | 검증: 77.1% | lr: 7.81e-06
  에폭 191/300 | 손실: 0.3780 | 학습: 85.9% | 검증: 77.1% | lr: 7.81e-06
  에폭 192/300 | 손실: 0.3785 | 학습: 86.4% | 검증: 77.4% | lr: 7.81e-06
  에폭 193/300 | 손실: 0.3773 | 학습: 86.1% | 검증: 75.8% | lr: 7.81e-06
  에폭 194/300 | 손실: 0.3710 | 학습: 86.2% | 검증: 77.4% | lr: 7.81e-06
  에폭 195/300 | 손실: 0.3778 | 학습: 86.4% | 검증: 76.3% | lr: 7.81e-06
  에폭 196/300 | 손실: 0.3670 | 학습: 86.9% | 검증: 77.9% | lr: 7.81e-06
  에폭 197/300 | 손실: 0.3820 | 학습: 86.0% | 검증: 76.8% | lr: 7.81e-06
  에폭 198/300 | 손실: 0.3761 | 학습: 86.8% | 검증: 76.8% | lr: 7.81e-06
  에폭 199/300 | 손실: 0.3780 | 학습: 86.5% | 검증: 77.6% | lr: 3.91e-06
  에폭 200/300 | 손실: 0.3684 | 학습: 86.4% | 검증: 78.6% | lr: 3.91e-06
  에폭 201/300 | 손실: 0.3706 | 학습: 86.7% | 검증: 76.3% | lr: 3.91e-06
  에폭 202/300 | 손실: 0.3724 | 학습: 86.5% | 검증: 76.8% | lr: 3.91e-06
  에폭 203/300 | 손실: 0.3716 | 학습: 86.2% | 검증: 76.6% | lr: 3.91e-06
  에폭 204/300 | 손실: 0.3723 | 학습: 86.2% | 검증: 77.1% | lr: 3.91e-06
  에폭 205/300 | 손실: 0.3855 | 학습: 86.4% | 검증: 77.9% | lr: 3.91e-06
  에폭 206/300 | 손실: 0.3608 | 학습: 86.2% | 검증: 76.6% | lr: 3.91e-06
  에폭 207/300 | 손실: 0.3632 | 학습: 87.0% | 검증: 78.1% | lr: 3.91e-06
  에폭 208/300 | 손실: 0.3813 | 학습: 86.5% | 검증: 76.6% | lr: 3.91e-06
  에폭 209/300 | 손실: 0.3781 | 학습: 86.1% | 검증: 76.8% | lr: 3.91e-06
  에폭 210/300 | 손실: 0.3763 | 학습: 86.4% | 검증: 77.4% | lr: 1.95e-06
  에폭 211/300 | 손실: 0.3657 | 학습: 86.4% | 검증: 76.6% | lr: 1.95e-06
  에폭 212/300 | 손실: 0.3851 | 학습: 87.3% | 검증: 78.1% | lr: 1.95e-06
  에폭 213/300 | 손실: 0.3703 | 학습: 86.7% | 검증: 78.6% | lr: 1.95e-06
  에폭 214/300 | 손실: 0.3769 | 학습: 86.5% | 검증: 76.3% | lr: 1.95e-06
  에폭 215/300 | 손실: 0.3789 | 학습: 86.3% | 검증: 77.4% | lr: 1.95e-06
  에폭 216/300 | 손실: 0.3717 | 학습: 86.5% | 검증: 77.4% | lr: 1.95e-06
  에폭 217/300 | 손실: 0.3779 | 학습: 86.4% | 검증: 76.3% | lr: 1.95e-06
  에폭 218/300 | 손실: 0.3815 | 학습: 87.0% | 검증: 78.1% | lr: 1.95e-06
  에폭 219/300 | 손실: 0.3707 | 학습: 86.0% | 검증: 77.4% | lr: 1.95e-06
  에폭 220/300 | 손실: 0.3744 | 학습: 87.2% | 검증: 77.1% | lr: 1.95e-06
  에폭 221/300 | 손실: 0.3701 | 학습: 87.0% | 검증: 77.4% | lr: 1.00e-06
  에폭 222/300 | 손실: 0.3725 | 학습: 86.2% | 검증: 78.1% | lr: 1.00e-06
  에폭 223/300 | 손실: 0.3753 | 학습: 86.4% | 검증: 77.1% | lr: 1.00e-06
  에폭 224/300 | 손실: 0.3695 | 학습: 86.0% | 검증: 76.8% | lr: 1.00e-06
  에폭 225/300 | 손실: 0.3680 | 학습: 86.5% | 검증: 77.1% | lr: 1.00e-06
  에폭 226/300 | 손실: 0.3730 | 학습: 86.5% | 검증: 77.4% | lr: 1.00e-06
  에폭 227/300 | 손실: 0.3866 | 학습: 86.2% | 검증: 77.4% | lr: 1.00e-06
  에폭 228/300 | 손실: 0.3833 | 학습: 86.5% | 검증: 78.1% | lr: 1.00e-06
  에폭 229/300 | 손실: 0.3778 | 학습: 86.8% | 검증: 76.6% | lr: 1.00e-06
  에폭 230/300 | 손실: 0.3746 | 학습: 86.0% | 검증: 75.6% | lr: 1.00e-06
  에폭 231/300 | 손실: 0.3793 | 학습: 87.1% | 검증: 76.1% | lr: 1.00e-06
  에폭 232/300 | 손실: 0.3669 | 학습: 85.6% | 검증: 76.8% | lr: 1.00e-06
  에폭 233/300 | 손실: 0.3730 | 학습: 85.9% | 검증: 77.9% | lr: 1.00e-06
  에폭 234/300 | 손실: 0.3843 | 학습: 86.6% | 검증: 76.1% | lr: 1.00e-06
  에폭 235/300 | 손실: 0.3775 | 학습: 87.1% | 검증: 77.1% | lr: 1.00e-06
  에폭 236/300 | 손실: 0.3753 | 학습: 86.9% | 검증: 77.9% | lr: 1.00e-06
  에폭 237/300 | 손실: 0.3753 | 학습: 86.7% | 검증: 76.8% | lr: 1.00e-06
  에폭 238/300 | 손실: 0.3847 | 학습: 86.7% | 검증: 75.8% | lr: 1.00e-06
  에폭 239/300 | 손실: 0.3846 | 학습: 86.4% | 검증: 78.4% | lr: 1.00e-06
  에폭 240/300 | 손실: 0.3679 | 학습: 86.5% | 검증: 78.1% | lr: 1.00e-06
  에폭 241/300 | 손실: 0.3861 | 학습: 86.4% | 검증: 77.4% | lr: 1.00e-06
  에폭 242/300 | 손실: 0.3775 | 학습: 86.2% | 검증: 76.6% | lr: 1.00e-06
  에폭 243/300 | 손실: 0.3722 | 학습: 86.7% | 검증: 77.9% | lr: 1.00e-06
  에폭 244/300 | 손실: 0.3633 | 학습: 87.3% | 검증: 78.9% | lr: 1.00e-06
  에폭 245/300 | 손실: 0.3678 | 학습: 86.5% | 검증: 76.3% | lr: 1.00e-06
  에폭 246/300 | 손실: 0.3792 | 학습: 86.2% | 검증: 76.3% | lr: 1.00e-06
  에폭 247/300 | 손실: 0.3564 | 학습: 87.1% | 검증: 77.9% | lr: 1.00e-06
  에폭 248/300 | 손실: 0.3745 | 학습: 86.7% | 검증: 76.6% | lr: 1.00e-06
  에폭 249/300 | 손실: 0.3687 | 학습: 86.9% | 검증: 77.1% | lr: 1.00e-06
  에폭 250/300 | 손실: 0.3749 | 학습: 87.0% | 검증: 76.6% | lr: 1.00e-06
  에폭 251/300 | 손실: 0.3677 | 학습: 86.8% | 검증: 77.9% | lr: 1.00e-06
  에폭 252/300 | 손실: 0.3777 | 학습: 86.4% | 검증: 77.1% | lr: 1.00e-06
  에폭 253/300 | 손실: 0.3723 | 학습: 86.5% | 검증: 77.4% | lr: 1.00e-06
  에폭 254/300 | 손실: 0.3741 | 학습: 87.2% | 검증: 78.1% | lr: 1.00e-06
  에폭 255/300 | 손실: 0.3707 | 학습: 86.8% | 검증: 77.9% | lr: 1.00e-06
  에폭 256/300 | 손실: 0.3662 | 학습: 87.0% | 검증: 76.8% | lr: 1.00e-06
  에폭 257/300 | 손실: 0.3716 | 학습: 87.3% | 검증: 77.4% | lr: 1.00e-06
  에폭 258/300 | 손실: 0.3690 | 학습: 86.2% | 검증: 75.8% | lr: 1.00e-06
  에폭 259/300 | 손실: 0.3751 | 학습: 86.9% | 검증: 77.9% | lr: 1.00e-06
  에폭 260/300 | 손실: 0.3750 | 학습: 87.1% | 검증: 77.4% | lr: 1.00e-06
  에폭 261/300 | 손실: 0.3704 | 학습: 86.6% | 검증: 78.1% | lr: 1.00e-06
  에폭 262/300 | 손실: 0.3792 | 학습: 86.9% | 검증: 78.4% | lr: 1.00e-06
  에폭 263/300 | 손실: 0.3810 | 학습: 87.4% | 검증: 79.1% | lr: 1.00e-06
  에폭 264/300 | 손실: 0.3759 | 학습: 86.4% | 검증: 76.6% | lr: 1.00e-06
  에폭 265/300 | 손실: 0.3703 | 학습: 86.4% | 검증: 76.3% | lr: 1.00e-06
  에폭 266/300 | 손실: 0.3704 | 학습: 86.4% | 검증: 77.6% | lr: 1.00e-06
  에폭 267/300 | 손실: 0.3767 | 학습: 86.9% | 검증: 76.3% | lr: 1.00e-06
  에폭 268/300 | 손실: 0.3670 | 학습: 87.2% | 검증: 78.4% | lr: 1.00e-06
  에폭 269/300 | 손실: 0.3714 | 학습: 86.2% | 검증: 76.1% | lr: 1.00e-06
  에폭 270/300 | 손실: 0.3918 | 학습: 86.7% | 검증: 77.1% | lr: 1.00e-06
  에폭 271/300 | 손실: 0.3644 | 학습: 86.3% | 검증: 77.9% | lr: 1.00e-06
  에폭 272/300 | 손실: 0.3752 | 학습: 86.5% | 검증: 77.4% | lr: 1.00e-06
  에폭 273/300 | 손실: 0.3692 | 학습: 85.7% | 검증: 76.1% | lr: 1.00e-06
  에폭 274/300 | 손실: 0.3734 | 학습: 86.3% | 검증: 76.8% | lr: 1.00e-06
  에폭 275/300 | 손실: 0.3731 | 학습: 86.9% | 검증: 77.1% | lr: 1.00e-06
  에폭 276/300 | 손실: 0.3738 | 학습: 87.0% | 검증: 77.4% | lr: 1.00e-06
  에폭 277/300 | 손실: 0.3757 | 학습: 86.2% | 검증: 76.8% | lr: 1.00e-06
  에폭 278/300 | 손실: 0.3840 | 학습: 86.9% | 검증: 77.9% | lr: 1.00e-06
  에폭 279/300 | 손실: 0.3721 | 학습: 87.1% | 검증: 78.1% | lr: 1.00e-06
  에폭 280/300 | 손실: 0.3642 | 학습: 86.7% | 검증: 77.4% | lr: 1.00e-06
  에폭 281/300 | 손실: 0.3789 | 학습: 86.9% | 검증: 78.6% | lr: 1.00e-06
  에폭 282/300 | 손실: 0.3735 | 학습: 86.1% | 검증: 76.1% | lr: 1.00e-06
  에폭 283/300 | 손실: 0.3511 | 학습: 86.7% | 검증: 77.1% | lr: 1.00e-06
  에폭 284/300 | 손실: 0.3713 | 학습: 86.4% | 검증: 77.6% | lr: 1.00e-06
  에폭 285/300 | 손실: 0.3714 | 학습: 86.6% | 검증: 76.6% | lr: 1.00e-06
  에폭 286/300 | 손실: 0.3814 | 학습: 86.2% | 검증: 77.1% | lr: 1.00e-06
  에폭 287/300 | 손실: 0.3832 | 학습: 86.4% | 검증: 77.4% | lr: 1.00e-06
  에폭 288/300 | 손실: 0.3737 | 학습: 87.2% | 검증: 77.1% | lr: 1.00e-06
  에폭 289/300 | 손실: 0.3743 | 학습: 86.8% | 검증: 78.9% | lr: 1.00e-06
  에폭 290/300 | 손실: 0.3804 | 학습: 87.1% | 검증: 77.9% | lr: 1.00e-06
  에폭 291/300 | 손실: 0.3674 | 학습: 86.6% | 검증: 77.1% | lr: 1.00e-06
  에폭 292/300 | 손실: 0.3696 | 학습: 86.4% | 검증: 77.4% | lr: 1.00e-06
  에폭 293/300 | 손실: 0.3651 | 학습: 86.1% | 검증: 76.6% | lr: 1.00e-06
  에폭 294/300 | 손실: 0.3811 | 학습: 87.2% | 검증: 78.4% | lr: 1.00e-06
  에폭 295/300 | 손실: 0.3638 | 학습: 85.9% | 검증: 77.4% | lr: 1.00e-06
  에폭 296/300 | 손실: 0.3738 | 학습: 86.5% | 검증: 77.6% | lr: 1.00e-06
  에폭 297/300 | 손실: 0.3723 | 학습: 87.1% | 검증: 77.9% | lr: 1.00e-06
  에폭 298/300 | 손실: 0.3767 | 학습: 87.4% | 검증: 77.6% | lr: 1.00e-06
  에폭 299/300 | 손실: 0.3745 | 학습: 86.6% | 검증: 77.1% | lr: 1.00e-06
  에폭 300/300 | 손실: 0.3747 | 학습: 86.3% | 검증: 77.9% | lr: 1.00e-06
[MLP] ✅ 학습 완료 | [128 → 64 → 32] | 최고 검증 정확도: 79.4%  (베스트 체크포인트 복원됨)
[MLP] ── Permutation Importance (베이스라인 정확도: 79.4%) ─
   1. SPECTRAL_FLATNESS             Δacc=++0.1135  ███████████████████████
   2. SPECTRAL_BANDWIDTH            Δacc=++0.0753  ███████████████
   3. HIGH_RATIO                    Δacc=++0.0651  █████████████
   4. SKEWNESS                      Δacc=++0.0565  ███████████
   5. MID_RATIO                     Δacc=++0.0514  ██████████
   6. LOW_RATIO                     Δacc=++0.0326  ███████
   7. CENTROID                      Δacc=++0.0316  ██████
   8. DC_RATIO                      Δacc=++0.0295  ██████
   9. SPECTRAL_ROLLOFF              Δacc=++0.0260  █████
  10. SECOND_PEAK_FREQ              Δacc=++0.0214  ████
  11. PEAK_TO_AVG_E                 Δacc=++0.0198  ████
  12. KURTOSIS                      Δacc=++0.0173  ███
  13. PEAK_COUNT                    Δacc=++0.0158  ███
  14. DELTA_PEAK_FREQ               Δacc=++0.0148  ███
  15. PEAK_FREQ                     Δacc=++0.0112  ██
  16. PEAK1_TO_PEAK2_RATIO          Δacc=++0.0102  ██
  17. RMS                           Δacc=++0.0036  █
  18. ENERGY_VARIANCE               Δacc=++0.0015  
  19. PEAK_ENERGY                   Δacc=++0.0010  
  20. AVG_ENERGY                    Δacc=++0.0000  
  21. LOW_TO_HIGH_RATIO             Δacc=-0.0010  
[MLP] ─────────────────────────────────────────────
[MLP] 특징 중요도 저장 → c:\Users\iSEN\Desktop\project\iSENSOR_UART_DEBUGER\AI\mlp\models\mlp_L128-64-32_ep300_lr5e-04_0429_1329_importance.json
[MLP] 저장 완료 → c:\Users\iSEN\Desktop\project\iSENSOR_UART_DEBUGER\AI\mlp\models\mlp_weights.pt  (추론용)
[MLP] 버전 보관 → c:\Users\iSEN\Desktop\project\iSENSOR_UART_DEBUGER\AI\mlp\models\mlp_L128-64-32_ep300_lr5e-04_0429_1329.pt
[MLP] 📊 학습 이력 저장 → c:\Users\iSEN\Desktop\project\iSENSOR_UART_DEBUGER\AI\mlp\models\train_history.json

  ── 이전 학습과 비교 ──────────────────────────────────
  이전 최고 검증 정확도: 81.7%
  현재 최고 검증 정확도: 79.4%
  변화: -2.3%p  ↓ 하락

