[MLP]   svm_data_20260428_164908_W256_S32_I1.csv            529샘플
[MLP]   svm_data_20260428_171251_W256_S32_I1.csv             10샘플
[MLP]   svm_data_20260428_171310_W256_S32_I1.csv            964샘플
[MLP] CSV 3개 병합  →  총 1503샘플
[MLP] 로드 완료 | 전체: 1503개  (배경: 539, 사람: 964)
[MLP] 학습: 1202개 (80%)  검증: 301개 (20%)
[MLP] ━━━━━━━━━━━━━━━━━━━━━━━━━━━━━━━━━━━━━━━━━━━━━━━
[MLP]  구조: 10 → 128 → 64 → 32 → 2
[MLP]  에폭: 300  배치: 16  LR: 5e-04  Dropout: 0.3
[MLP] ━━━━━━━━━━━━━━━━━━━━━━━━━━━━━━━━━━━━━━━━━━━━━━━
  에폭  10/300 | 손실: 0.5911 | 학습: 66.3% | 검증: 66.1% | lr: 5.00e-04
  에폭  20/300 | 손실: 0.5858 | 학습: 67.1% | 검증: 67.8% | lr: 5.00e-04
  에폭  30/300 | 손실: 0.5817 | 학습: 68.5% | 검증: 69.1% | lr: 5.00e-04
  에폭  40/300 | 손실: 0.5788 | 학습: 69.0% | 검증: 68.8% | lr: 5.00e-04
  에폭  50/300 | 손실: 0.5620 | 학습: 68.5% | 검증: 66.8% | lr: 5.00e-04
  에폭  60/300 | 손실: 0.5616 | 학습: 69.2% | 검증: 68.1% | lr: 5.00e-04
  에폭  70/300 | 손실: 0.5668 | 학습: 70.6% | 검증: 67.1% | lr: 5.00e-04
  에폭  80/300 | 손실: 0.5526 | 학습: 70.1% | 검증: 66.1% | lr: 2.50e-04
  에폭  90/300 | 손실: 0.5697 | 학습: 69.8% | 검증: 69.1% | lr: 2.50e-04
  에폭 100/300 | 손실: 0.5496 | 학습: 70.5% | 검증: 66.8% | lr: 1.25e-04
  에폭 110/300 | 손실: 0.5590 | 학습: 71.3% | 검증: 66.4% | lr: 1.25e-04
  에폭 120/300 | 손실: 0.5600 | 학습: 71.3% | 검증: 67.1% | lr: 6.25e-05
  에폭 130/300 | 손실: 0.5665 | 학습: 71.2% | 검증: 66.8% | lr: 3.13e-05
  에폭 140/300 | 손실: 0.5481 | 학습: 70.2% | 검증: 67.1% | lr: 3.13e-05
  에폭 150/300 | 손실: 0.5544 | 학습: 70.8% | 검증: 66.8% | lr: 1.56e-05
  에폭 160/300 | 손실: 0.5539 | 학습: 70.6% | 검증: 68.1% | lr: 1.56e-05
  에폭 170/300 | 손실: 0.5540 | 학습: 71.0% | 검증: 68.8% | lr: 1.56e-05
  에폭 180/300 | 손실: 0.5362 | 학습: 70.0% | 검증: 66.8% | lr: 7.81e-06
  에폭 190/300 | 손실: 0.5449 | 학습: 70.7% | 검증: 67.8% | lr: 7.81e-06
  에폭 200/300 | 손실: 0.5427 | 학습: 71.9% | 검증: 66.8% | lr: 3.91e-06
  에폭 210/300 | 손실: 0.5481 | 학습: 71.0% | 검증: 68.8% | lr: 1.95e-06
  에폭 220/300 | 손실: 0.5532 | 학습: 71.7% | 검증: 66.8% | lr: 1.00e-06
  에폭 230/300 | 손실: 0.5555 | 학습: 71.6% | 검증: 66.8% | lr: 1.00e-06
  에폭 240/300 | 손실: 0.5564 | 학습: 70.6% | 검증: 67.8% | lr: 1.00e-06
  에폭 250/300 | 손실: 0.5540 | 학습: 71.5% | 검증: 67.1% | lr: 1.00e-06
  에폭 260/300 | 손실: 0.5532 | 학습: 71.1% | 검증: 69.1% | lr: 1.00e-06
  에폭 270/300 | 손실: 0.5359 | 학습: 70.6% | 검증: 67.4% | lr: 1.00e-06
  에폭 280/300 | 손실: 0.5432 | 학습: 72.0% | 검증: 65.1% | lr: 1.00e-06
  에폭 290/300 | 손실: 0.5473 | 학습: 71.0% | 검증: 67.8% | lr: 1.00e-06
  에폭 300/300 | 손실: 0.5465 | 학습: 71.8% | 검증: 66.8% | lr: 1.00e-06
[MLP] ✅ 학습 완료 | [128 → 64 → 32] | 최고 검증 정확도: 69.1%
[MLP] 저장 완료 → c:\Users\iSEN\Desktop\project\iSENSOR_UART_DEBUGER\AI\mlp\models\mlp_weights.pt  (추론용)
[MLP] 버전 보관 → c:\Users\iSEN\Desktop\project\iSENSOR_UART_DEBUGER\AI\mlp\models\mlp_L128-64-32_ep300_lr5e-04_0428_1745.pt
[MLP] 📊 학습 이력 저장 → c:\Users\iSEN\Desktop\project\iSENSOR_UART_DEBUGER\AI\mlp\models\train_history.json

  ── 이전 학습과 비교 ──────────────────────────────────
  이전 최고 검증 정확도: 69.8%
  현재 최고 검증 정확도: 70.1%
  변화: +0.3%p  ↑ 개선

