[MLP]   svm_data_20260428_164908_W256_S32_I1.csv            529샘플
[MLP]   svm_data_20260428_171251_W256_S32_I1.csv             10샘플
[MLP]   svm_data_20260428_171310_W256_S32_I1.csv            964샘플
[MLP]   svm_data_20260429_104801_W256_S32_I1.csv            170샘플
[MLP]   svm_data_20260429_112044_W256_S1_I1.csv             287샘플
[MLP]   svm_data_20260429_121425.csv                          1샘플
[MLP] CSV 6개 병합  →  총 1961샘플
[MLP] 로드 완료 | 전체: 1961개  (배경: 997, 사람: 964)
[MLP] 학습: 1568개 (80%)  검증: 393개 (20%)  [비율고정: 유지 | 분리시드: 42]
[MLP] ━━━━━━━━━━━━━━━━━━━━━━━━━━━━━━━━━━━━━━━━━━━━━━━
[MLP]  구조: 21 → 128 → 64 → 32 → 2
[MLP]  에폭: 500  배치: 32  LR: 1e-03  Dropout: 0.3  Early Stop: 비활성화
[MLP]  사용 특징 (21개): SPECTRAL_ROLLOFF, SPECTRAL_BANDWIDTH, PEAK_COUNT, MID_RATIO, LOW_TO_HIGH_RATIO, SECOND_PEAK_FREQ, KURTOSIS, CENTROID, PEAK_FREQ, LOW_RATIO, RMS, AVG_ENERGY, PEAK_ENERGY, ENERGY_VARIANCE, PEAK_TO_AVG_E, HIGH_RATIO, PEAK1_TO_PEAK2_RATIO, SKEWNESS, DC_RATIO, DELTA_PEAK_FREQ, SPECTRAL_FLATNESS
[MLP] ━━━━━━━━━━━━━━━━━━━━━━━━━━━━━━━━━━━━━━━━━━━━━━━
  에폭   1/500 | 손실: 0.5936 | 학습: 69.6% | 검증: 74.6% | lr: 1.00e-03 ★
  에폭   2/500 | 손실: 0.5091 | 학습: 71.5% | 검증: 73.3% | lr: 1.00e-03
  에폭   3/500 | 손실: 0.4909 | 학습: 72.3% | 검증: 74.3% | lr: 1.00e-03
  에폭   4/500 | 손실: 0.4766 | 학습: 73.2% | 검증: 74.6% | lr: 1.00e-03
  에폭   5/500 | 손실: 0.4868 | 학습: 75.1% | 검증: 75.6% | lr: 1.00e-03 ★
  에폭   6/500 | 손실: 0.4743 | 학습: 75.2% | 검증: 76.3% | lr: 1.00e-03 ★
  에폭   7/500 | 손실: 0.4782 | 학습: 75.6% | 검증: 76.1% | lr: 1.00e-03
  에폭   8/500 | 손실: 0.4615 | 학습: 76.5% | 검증: 76.6% | lr: 1.00e-03 ★
  에폭   9/500 | 손실: 0.4674 | 학습: 76.9% | 검증: 78.1% | lr: 1.00e-03 ★
  에폭  10/500 | 손실: 0.4706 | 학습: 75.2% | 검증: 75.6% | lr: 1.00e-03
  에폭  11/500 | 손실: 0.4704 | 학습: 77.4% | 검증: 77.1% | lr: 1.00e-03
  에폭  12/500 | 손실: 0.4697 | 학습: 78.0% | 검증: 77.4% | lr: 1.00e-03
  에폭  13/500 | 손실: 0.4529 | 학습: 77.6% | 검증: 78.1% | lr: 1.00e-03
  에폭  14/500 | 손실: 0.4604 | 학습: 78.2% | 검증: 76.8% | lr: 1.00e-03
  에폭  15/500 | 손실: 0.4553 | 학습: 78.4% | 검증: 78.4% | lr: 1.00e-03 ★
  에폭  16/500 | 손실: 0.4553 | 학습: 77.6% | 검증: 75.6% | lr: 1.00e-03
  에폭  17/500 | 손실: 0.4439 | 학습: 77.4% | 검증: 74.6% | lr: 1.00e-03
  에폭  18/500 | 손실: 0.4452 | 학습: 78.1% | 검증: 76.8% | lr: 1.00e-03
  에폭  19/500 | 손실: 0.4450 | 학습: 78.1% | 검증: 76.3% | lr: 1.00e-03
  에폭  20/500 | 손실: 0.4495 | 학습: 80.0% | 검증: 78.1% | lr: 1.00e-03
  에폭  21/500 | 손실: 0.4461 | 학습: 79.6% | 검증: 77.4% | lr: 1.00e-03
  에폭  22/500 | 손실: 0.4342 | 학습: 79.5% | 검증: 76.3% | lr: 1.00e-03
  에폭  23/500 | 손실: 0.4402 | 학습: 79.7% | 검증: 79.6% | lr: 1.00e-03 ★
  에폭  24/500 | 손실: 0.4439 | 학습: 80.2% | 검증: 77.9% | lr: 1.00e-03
  에폭  25/500 | 손실: 0.4334 | 학습: 80.4% | 검증: 77.9% | lr: 1.00e-03
  에폭  26/500 | 손실: 0.4321 | 학습: 80.6% | 검증: 78.4% | lr: 1.00e-03
  에폭  27/500 | 손실: 0.4396 | 학습: 80.7% | 검증: 78.1% | lr: 1.00e-03
  에폭  28/500 | 손실: 0.4335 | 학습: 80.1% | 검증: 76.1% | lr: 1.00e-03
  에폭  29/500 | 손실: 0.4291 | 학습: 81.3% | 검증: 79.1% | lr: 1.00e-03
  에폭  30/500 | 손실: 0.4245 | 학습: 80.6% | 검증: 77.6% | lr: 1.00e-03
  에폭  31/500 | 손실: 0.4259 | 학습: 82.0% | 검증: 80.2% | lr: 1.00e-03 ★
  에폭  32/500 | 손실: 0.4218 | 학습: 81.2% | 검증: 78.6% | lr: 1.00e-03
  에폭  33/500 | 손실: 0.4104 | 학습: 81.6% | 검증: 78.4% | lr: 1.00e-03
  에폭  34/500 | 손실: 0.4180 | 학습: 81.4% | 검증: 79.1% | lr: 1.00e-03
  에폭  35/500 | 손실: 0.4213 | 학습: 81.4% | 검증: 77.9% | lr: 1.00e-03
  에폭  36/500 | 손실: 0.4087 | 학습: 81.3% | 검증: 78.4% | lr: 1.00e-03
  에폭  37/500 | 손실: 0.4203 | 학습: 81.6% | 검증: 78.9% | lr: 1.00e-03
  에폭  38/500 | 손실: 0.4315 | 학습: 81.4% | 검증: 76.8% | lr: 1.00e-03
  에폭  39/500 | 손실: 0.4267 | 학습: 81.6% | 검증: 80.4% | lr: 1.00e-03 ★
  에폭  40/500 | 손실: 0.4198 | 학습: 82.1% | 검증: 80.7% | lr: 1.00e-03 ★
  에폭  41/500 | 손실: 0.4137 | 학습: 81.7% | 검증: 78.1% | lr: 1.00e-03
  에폭  42/500 | 손실: 0.4018 | 학습: 81.8% | 검증: 78.6% | lr: 1.00e-03
  에폭  43/500 | 손실: 0.3957 | 학습: 82.6% | 검증: 81.7% | lr: 1.00e-03 ★
  에폭  44/500 | 손실: 0.4018 | 학습: 82.7% | 검증: 79.9% | lr: 1.00e-03
  에폭  45/500 | 손실: 0.4141 | 학습: 82.8% | 검증: 80.7% | lr: 1.00e-03
  에폭  46/500 | 손실: 0.4080 | 학습: 81.9% | 검증: 79.1% | lr: 1.00e-03
  에폭  47/500 | 손실: 0.4115 | 학습: 82.7% | 검증: 79.6% | lr: 1.00e-03
  에폭  48/500 | 손실: 0.3955 | 학습: 82.7% | 검증: 81.2% | lr: 1.00e-03
  에폭  49/500 | 손실: 0.4069 | 학습: 82.5% | 검증: 80.9% | lr: 1.00e-03
  에폭  50/500 | 손실: 0.4061 | 학습: 83.5% | 검증: 80.9% | lr: 1.00e-03
  에폭  51/500 | 손실: 0.4052 | 학습: 83.6% | 검증: 80.9% | lr: 1.00e-03
  에폭  52/500 | 손실: 0.3969 | 학습: 82.7% | 검증: 79.9% | lr: 1.00e-03
  에폭  53/500 | 손실: 0.3914 | 학습: 83.9% | 검증: 79.9% | lr: 1.00e-03
  에폭  54/500 | 손실: 0.4029 | 학습: 84.0% | 검증: 80.2% | lr: 1.00e-03
  에폭  55/500 | 손실: 0.3869 | 학습: 83.5% | 검증: 79.4% | lr: 1.00e-03
  에폭  56/500 | 손실: 0.3918 | 학습: 84.2% | 검증: 78.4% | lr: 1.00e-03
  에폭  57/500 | 손실: 0.3986 | 학습: 83.4% | 검증: 78.6% | lr: 1.00e-03
  에폭  58/500 | 손실: 0.3956 | 학습: 85.0% | 검증: 79.6% | lr: 1.00e-03
  에폭  59/500 | 손실: 0.3919 | 학습: 84.1% | 검증: 76.8% | lr: 1.00e-03
  에폭  60/500 | 손실: 0.3884 | 학습: 85.0% | 검증: 78.4% | lr: 1.00e-03
  에폭  61/500 | 손실: 0.3786 | 학습: 84.6% | 검증: 78.6% | lr: 1.00e-03
  에폭  62/500 | 손실: 0.3720 | 학습: 84.6% | 검증: 80.7% | lr: 1.00e-03
  에폭  63/500 | 손실: 0.3689 | 학습: 84.4% | 검증: 79.4% | lr: 1.00e-03
  에폭  64/500 | 손실: 0.3856 | 학습: 84.2% | 검증: 78.9% | lr: 1.00e-03
  에폭  65/500 | 손실: 0.3846 | 학습: 84.6% | 검증: 78.1% | lr: 1.00e-03
  에폭  66/500 | 손실: 0.3832 | 학습: 85.3% | 검증: 79.6% | lr: 1.00e-03
  에폭  67/500 | 손실: 0.3818 | 학습: 85.1% | 검증: 77.6% | lr: 1.00e-03
  에폭  68/500 | 손실: 0.3823 | 학습: 86.2% | 검증: 79.6% | lr: 1.00e-03
  에폭  69/500 | 손실: 0.3711 | 학습: 85.7% | 검증: 79.9% | lr: 1.00e-03
  에폭  70/500 | 손실: 0.3767 | 학습: 85.0% | 검증: 79.4% | lr: 1.00e-03
  에폭  71/500 | 손실: 0.3744 | 학습: 86.6% | 검증: 79.1% | lr: 1.00e-03
  에폭  72/500 | 손실: 0.3811 | 학습: 87.2% | 검증: 79.9% | lr: 1.00e-03
  에폭  73/500 | 손실: 0.3579 | 학습: 85.8% | 검증: 79.4% | lr: 1.00e-03
  에폭  74/500 | 손실: 0.3810 | 학습: 85.7% | 검증: 78.4% | lr: 1.00e-03
  에폭  75/500 | 손실: 0.3781 | 학습: 86.5% | 검증: 80.9% | lr: 1.00e-03
  에폭  76/500 | 손실: 0.3791 | 학습: 86.3% | 검증: 78.4% | lr: 1.00e-03
  에폭  77/500 | 손실: 0.3718 | 학습: 86.6% | 검증: 79.4% | lr: 1.00e-03
  에폭  78/500 | 손실: 0.3817 | 학습: 87.9% | 검증: 79.9% | lr: 1.00e-03
  에폭  79/500 | 손실: 0.3639 | 학습: 86.8% | 검증: 80.4% | lr: 1.00e-03
  에폭  80/500 | 손실: 0.3589 | 학습: 87.1% | 검증: 79.4% | lr: 1.00e-03
  에폭  81/500 | 손실: 0.3617 | 학습: 88.1% | 검증: 79.6% | lr: 1.00e-03
  에폭  82/500 | 손실: 0.3661 | 학습: 86.4% | 검증: 80.2% | lr: 1.00e-03
  에폭  83/500 | 손실: 0.3535 | 학습: 86.9% | 검증: 79.9% | lr: 1.00e-03
  에폭  84/500 | 손실: 0.3522 | 학습: 88.1% | 검증: 80.4% | lr: 1.00e-03
  에폭  85/500 | 손실: 0.3574 | 학습: 88.1% | 검증: 82.7% | lr: 1.00e-03 ★
  에폭  86/500 | 손실: 0.3530 | 학습: 87.4% | 검증: 80.7% | lr: 1.00e-03
  에폭  87/500 | 손실: 0.3503 | 학습: 87.9% | 검증: 78.6% | lr: 1.00e-03
  에폭  88/500 | 손실: 0.3560 | 학습: 88.8% | 검증: 79.1% | lr: 1.00e-03
  에폭  89/500 | 손실: 0.3535 | 학습: 88.5% | 검증: 80.2% | lr: 1.00e-03
  에폭  90/500 | 손실: 0.3655 | 학습: 88.4% | 검증: 80.4% | lr: 1.00e-03
  에폭  91/500 | 손실: 0.3625 | 학습: 88.7% | 검증: 79.4% | lr: 1.00e-03
  에폭  92/500 | 손실: 0.3454 | 학습: 87.1% | 검증: 77.9% | lr: 1.00e-03
  에폭  93/500 | 손실: 0.3536 | 학습: 88.4% | 검증: 78.6% | lr: 1.00e-03
  에폭  94/500 | 손실: 0.3662 | 학습: 88.4% | 검증: 79.9% | lr: 1.00e-03
  에폭  95/500 | 손실: 0.3463 | 학습: 89.2% | 검증: 79.1% | lr: 1.00e-03
  에폭  96/500 | 손실: 0.3586 | 학습: 87.8% | 검증: 80.4% | lr: 1.00e-03
  에폭  97/500 | 손실: 0.3373 | 학습: 88.6% | 검증: 81.9% | lr: 1.00e-03
  에폭  98/500 | 손실: 0.3437 | 학습: 89.2% | 검증: 78.9% | lr: 1.00e-03
  에폭  99/500 | 손실: 0.3498 | 학습: 89.9% | 검증: 80.2% | lr: 1.00e-03
  에폭 100/500 | 손실: 0.3453 | 학습: 89.9% | 검증: 81.2% | lr: 1.00e-03
  에폭 101/500 | 손실: 0.3439 | 학습: 89.2% | 검증: 78.4% | lr: 1.00e-03
  에폭 102/500 | 손실: 0.3320 | 학습: 89.9% | 검증: 81.2% | lr: 1.00e-03
  에폭 103/500 | 손실: 0.3296 | 학습: 90.0% | 검증: 79.1% | lr: 1.00e-03
  에폭 104/500 | 손실: 0.3329 | 학습: 89.4% | 검증: 79.6% | lr: 1.00e-03
  에폭 105/500 | 손실: 0.3349 | 학습: 89.5% | 검증: 79.4% | lr: 1.00e-03
  에폭 106/500 | 손실: 0.3453 | 학습: 90.1% | 검증: 79.6% | lr: 1.00e-03
  에폭 107/500 | 손실: 0.3330 | 학습: 89.5% | 검증: 80.9% | lr: 1.00e-03
  에폭 108/500 | 손실: 0.3209 | 학습: 90.1% | 검증: 79.6% | lr: 1.00e-03
  에폭 109/500 | 손실: 0.3421 | 학습: 89.7% | 검증: 80.2% | lr: 1.00e-03
  에폭 110/500 | 손실: 0.3119 | 학습: 90.8% | 검증: 79.9% | lr: 1.00e-03
  에폭 111/500 | 손실: 0.3191 | 학습: 90.4% | 검증: 79.1% | lr: 1.00e-03
  에폭 112/500 | 손실: 0.3348 | 학습: 90.9% | 검증: 79.9% | lr: 1.00e-03
  에폭 113/500 | 손실: 0.3377 | 학습: 89.9% | 검증: 78.9% | lr: 1.00e-03
  에폭 114/500 | 손실: 0.3317 | 학습: 91.8% | 검증: 80.2% | lr: 1.00e-03
  에폭 115/500 | 손실: 0.3320 | 학습: 91.3% | 검증: 81.7% | lr: 1.00e-03
  에폭 116/500 | 손실: 0.3124 | 학습: 91.6% | 검증: 78.6% | lr: 1.00e-03
  에폭 117/500 | 손실: 0.3040 | 학습: 90.7% | 검증: 79.9% | lr: 1.00e-03
  에폭 118/500 | 손실: 0.3105 | 학습: 91.2% | 검증: 80.4% | lr: 1.00e-03
  에폭 119/500 | 손실: 0.3235 | 학습: 91.0% | 검증: 78.9% | lr: 1.00e-03
  에폭 120/500 | 손실: 0.3277 | 학습: 91.6% | 검증: 80.7% | lr: 1.00e-03
  에폭 121/500 | 손실: 0.3070 | 학습: 90.4% | 검증: 79.4% | lr: 1.00e-03
  에폭 122/500 | 손실: 0.3074 | 학습: 91.8% | 검증: 80.2% | lr: 1.00e-03
  에폭 123/500 | 손실: 0.3230 | 학습: 91.6% | 검증: 80.2% | lr: 1.00e-03
  에폭 124/500 | 손실: 0.3112 | 학습: 92.2% | 검증: 79.1% | lr: 1.00e-03
  에폭 125/500 | 손실: 0.3233 | 학습: 91.6% | 검증: 79.6% | lr: 1.00e-03
  에폭 126/500 | 손실: 0.3092 | 학습: 91.9% | 검증: 78.4% | lr: 1.00e-03
  에폭 127/500 | 손실: 0.3270 | 학습: 91.5% | 검증: 78.9% | lr: 1.00e-03
  에폭 128/500 | 손실: 0.3187 | 학습: 92.3% | 검증: 78.9% | lr: 5.00e-04
  에폭 129/500 | 손실: 0.3084 | 학습: 92.0% | 검증: 80.4% | lr: 5.00e-04
  에폭 130/500 | 손실: 0.3023 | 학습: 92.6% | 검증: 80.7% | lr: 5.00e-04
  에폭 131/500 | 손실: 0.2923 | 학습: 92.9% | 검증: 80.4% | lr: 5.00e-04
  에폭 132/500 | 손실: 0.3066 | 학습: 92.9% | 검증: 80.7% | lr: 5.00e-04
  에폭 133/500 | 손실: 0.2962 | 학습: 92.6% | 검증: 81.2% | lr: 5.00e-04
  에폭 134/500 | 손실: 0.2995 | 학습: 92.7% | 검증: 81.4% | lr: 5.00e-04
  에폭 135/500 | 손실: 0.2833 | 학습: 93.1% | 검증: 80.4% | lr: 5.00e-04
  에폭 136/500 | 손실: 0.2859 | 학습: 93.2% | 검증: 80.2% | lr: 5.00e-04
  에폭 137/500 | 손실: 0.2832 | 학습: 93.1% | 검증: 81.2% | lr: 5.00e-04
  에폭 138/500 | 손실: 0.2899 | 학습: 92.9% | 검증: 81.4% | lr: 5.00e-04
  에폭 139/500 | 손실: 0.2961 | 학습: 93.3% | 검증: 80.9% | lr: 5.00e-04
  에폭 140/500 | 손실: 0.2944 | 학습: 93.8% | 검증: 78.4% | lr: 5.00e-04
  에폭 141/500 | 손실: 0.2870 | 학습: 93.3% | 검증: 79.6% | lr: 5.00e-04
  에폭 142/500 | 손실: 0.2996 | 학습: 92.5% | 검증: 80.4% | lr: 5.00e-04
  에폭 143/500 | 손실: 0.2907 | 학습: 93.0% | 검증: 79.9% | lr: 5.00e-04
  에폭 144/500 | 손실: 0.3110 | 학습: 92.9% | 검증: 78.4% | lr: 5.00e-04
  에폭 145/500 | 손실: 0.2989 | 학습: 93.5% | 검증: 80.9% | lr: 5.00e-04
  에폭 146/500 | 손실: 0.2771 | 학습: 93.4% | 검증: 80.2% | lr: 5.00e-04
  에폭 147/500 | 손실: 0.3023 | 학습: 93.6% | 검증: 78.9% | lr: 5.00e-04
  에폭 148/500 | 손실: 0.3104 | 학습: 93.2% | 검증: 78.6% | lr: 5.00e-04
  에폭 149/500 | 손실: 0.2997 | 학습: 94.1% | 검증: 80.7% | lr: 5.00e-04
  에폭 150/500 | 손실: 0.2937 | 학습: 93.7% | 검증: 80.9% | lr: 5.00e-04
  에폭 151/500 | 손실: 0.2994 | 학습: 94.3% | 검증: 79.6% | lr: 5.00e-04
  에폭 152/500 | 손실: 0.2897 | 학습: 94.1% | 검증: 80.9% | lr: 5.00e-04
  에폭 153/500 | 손실: 0.2810 | 학습: 94.0% | 검증: 82.2% | lr: 5.00e-04
  에폭 154/500 | 손실: 0.2817 | 학습: 93.5% | 검증: 81.2% | lr: 5.00e-04
  에폭 155/500 | 손실: 0.2929 | 학습: 93.9% | 검증: 79.4% | lr: 5.00e-04
  에폭 156/500 | 손실: 0.2804 | 학습: 93.6% | 검증: 80.9% | lr: 5.00e-04
  에폭 157/500 | 손실: 0.2788 | 학습: 93.4% | 검증: 81.2% | lr: 2.50e-04
  에폭 158/500 | 손실: 0.2867 | 학습: 93.7% | 검증: 80.2% | lr: 2.50e-04
  에폭 159/500 | 손실: 0.2859 | 학습: 93.2% | 검증: 81.7% | lr: 2.50e-04
  에폭 160/500 | 손실: 0.2746 | 학습: 93.8% | 검증: 81.4% | lr: 2.50e-04
  에폭 161/500 | 손실: 0.2937 | 학습: 93.9% | 검증: 81.2% | lr: 2.50e-04
  에폭 162/500 | 손실: 0.2995 | 학습: 94.2% | 검증: 79.9% | lr: 2.50e-04
  에폭 163/500 | 손실: 0.2635 | 학습: 93.8% | 검증: 80.7% | lr: 2.50e-04
  에폭 164/500 | 손실: 0.2764 | 학습: 93.9% | 검증: 80.7% | lr: 2.50e-04
  에폭 165/500 | 손실: 0.2813 | 학습: 94.1% | 검증: 80.2% | lr: 2.50e-04
  에폭 166/500 | 손실: 0.2848 | 학습: 94.4% | 검증: 81.7% | lr: 2.50e-04
  에폭 167/500 | 손실: 0.2664 | 학습: 94.3% | 검증: 79.9% | lr: 2.50e-04
  에폭 168/500 | 손실: 0.2744 | 학습: 94.6% | 검증: 81.4% | lr: 2.50e-04
  에폭 169/500 | 손실: 0.2881 | 학습: 94.3% | 검증: 79.9% | lr: 2.50e-04
  에폭 170/500 | 손실: 0.2593 | 학습: 94.8% | 검증: 80.9% | lr: 2.50e-04
  에폭 171/500 | 손실: 0.2759 | 학습: 94.2% | 검증: 81.2% | lr: 2.50e-04
  에폭 172/500 | 손실: 0.2619 | 학습: 94.2% | 검증: 81.4% | lr: 2.50e-04
  에폭 173/500 | 손실: 0.2681 | 학습: 94.7% | 검증: 81.2% | lr: 2.50e-04
  에폭 174/500 | 손실: 0.2792 | 학습: 94.0% | 검증: 80.2% | lr: 2.50e-04
  에폭 175/500 | 손실: 0.2880 | 학습: 94.1% | 검증: 80.4% | lr: 2.50e-04
  에폭 176/500 | 손실: 0.2956 | 학습: 94.3% | 검증: 80.4% | lr: 2.50e-04
  에폭 177/500 | 손실: 0.2921 | 학습: 94.2% | 검증: 80.7% | lr: 2.50e-04
  에폭 178/500 | 손실: 0.2702 | 학습: 94.7% | 검증: 80.9% | lr: 2.50e-04
  에폭 179/500 | 손실: 0.2862 | 학습: 94.5% | 검증: 80.9% | lr: 2.50e-04
  에폭 180/500 | 손실: 0.2682 | 학습: 94.5% | 검증: 81.4% | lr: 2.50e-04
  에폭 181/500 | 손실: 0.2720 | 학습: 94.2% | 검증: 81.2% | lr: 1.25e-04
  에폭 182/500 | 손실: 0.2582 | 학습: 94.1% | 검증: 80.9% | lr: 1.25e-04
  에폭 183/500 | 손실: 0.2503 | 학습: 94.5% | 검증: 80.9% | lr: 1.25e-04
  에폭 184/500 | 손실: 0.2725 | 학습: 94.3% | 검증: 80.2% | lr: 1.25e-04
  에폭 185/500 | 손실: 0.2687 | 학습: 94.3% | 검증: 79.6% | lr: 1.25e-04
  에폭 186/500 | 손실: 0.2779 | 학습: 94.3% | 검증: 80.7% | lr: 1.25e-04
  에폭 187/500 | 손실: 0.2778 | 학습: 94.6% | 검증: 81.2% | lr: 1.25e-04
  에폭 188/500 | 손실: 0.2614 | 학습: 94.7% | 검증: 79.6% | lr: 1.25e-04
  에폭 189/500 | 손실: 0.2694 | 학습: 94.5% | 검증: 81.4% | lr: 1.25e-04
  에폭 190/500 | 손실: 0.2697 | 학습: 94.8% | 검증: 79.9% | lr: 1.25e-04
  에폭 191/500 | 손실: 0.2626 | 학습: 94.4% | 검증: 81.2% | lr: 1.25e-04
  에폭 192/500 | 손실: 0.2682 | 학습: 94.8% | 검증: 81.9% | lr: 1.25e-04
  에폭 193/500 | 손실: 0.2706 | 학습: 94.5% | 검증: 81.4% | lr: 1.25e-04
  에폭 194/500 | 손실: 0.2546 | 학습: 94.9% | 검증: 78.9% | lr: 6.25e-05
  에폭 195/500 | 손실: 0.2682 | 학습: 94.4% | 검증: 80.9% | lr: 6.25e-05
  에폭 196/500 | 손실: 0.2701 | 학습: 94.5% | 검증: 81.7% | lr: 6.25e-05
  에폭 197/500 | 손실: 0.2568 | 학습: 94.6% | 검증: 79.6% | lr: 6.25e-05
  에폭 198/500 | 손실: 0.2627 | 학습: 94.3% | 검증: 81.2% | lr: 6.25e-05
  에폭 199/500 | 손실: 0.2560 | 학습: 94.8% | 검증: 79.9% | lr: 6.25e-05
  에폭 200/500 | 손실: 0.2531 | 학습: 94.6% | 검증: 80.7% | lr: 6.25e-05
  에폭 201/500 | 손실: 0.2761 | 학습: 94.9% | 검증: 81.4% | lr: 6.25e-05
  에폭 202/500 | 손실: 0.2653 | 학습: 94.5% | 검증: 81.7% | lr: 6.25e-05
  에폭 203/500 | 손실: 0.2618 | 학습: 95.1% | 검증: 80.9% | lr: 6.25e-05
  에폭 204/500 | 손실: 0.2579 | 학습: 95.0% | 검증: 80.7% | lr: 6.25e-05
  에폭 205/500 | 손실: 0.2727 | 학습: 94.7% | 검증: 81.9% | lr: 3.13e-05
  에폭 206/500 | 손실: 0.2485 | 학습: 95.0% | 검증: 80.4% | lr: 3.13e-05
  에폭 207/500 | 손실: 0.2595 | 학습: 94.6% | 검증: 80.9% | lr: 3.13e-05
  에폭 208/500 | 손실: 0.2629 | 학습: 94.8% | 검증: 80.7% | lr: 3.13e-05
  에폭 209/500 | 손실: 0.2502 | 학습: 95.3% | 검증: 79.6% | lr: 3.13e-05
  에폭 210/500 | 손실: 0.2508 | 학습: 94.6% | 검증: 78.9% | lr: 3.13e-05
  에폭 211/500 | 손실: 0.2518 | 학습: 95.0% | 검증: 80.2% | lr: 3.13e-05
  에폭 212/500 | 손실: 0.2551 | 학습: 94.5% | 검증: 80.7% | lr: 3.13e-05
  에폭 213/500 | 손실: 0.2638 | 학습: 95.0% | 검증: 80.7% | lr: 3.13e-05
  에폭 214/500 | 손실: 0.2593 | 학습: 94.8% | 검증: 80.7% | lr: 3.13e-05
  에폭 215/500 | 손실: 0.2563 | 학습: 95.0% | 검증: 80.4% | lr: 3.13e-05
  에폭 216/500 | 손실: 0.2537 | 학습: 95.0% | 검증: 80.2% | lr: 3.13e-05
  에폭 217/500 | 손실: 0.2604 | 학습: 94.8% | 검증: 81.4% | lr: 1.56e-05
  에폭 218/500 | 손실: 0.2457 | 학습: 95.0% | 검증: 81.4% | lr: 1.56e-05
  에폭 219/500 | 손실: 0.2486 | 학습: 95.0% | 검증: 80.4% | lr: 1.56e-05
  에폭 220/500 | 손실: 0.2795 | 학습: 94.6% | 검증: 81.2% | lr: 1.56e-05
  에폭 221/500 | 손실: 0.2843 | 학습: 94.8% | 검증: 80.2% | lr: 1.56e-05
  에폭 222/500 | 손실: 0.2604 | 학습: 94.6% | 검증: 81.4% | lr: 1.56e-05
  에폭 223/500 | 손실: 0.2537 | 학습: 94.6% | 검증: 80.4% | lr: 1.56e-05
  에폭 224/500 | 손실: 0.2716 | 학습: 95.0% | 검증: 80.4% | lr: 1.56e-05
  에폭 225/500 | 손실: 0.2531 | 학습: 94.5% | 검증: 80.4% | lr: 1.56e-05
  에폭 226/500 | 손실: 0.2636 | 학습: 94.7% | 검증: 80.7% | lr: 1.56e-05
  에폭 227/500 | 손실: 0.2544 | 학습: 94.7% | 검증: 80.7% | lr: 1.56e-05
  에폭 228/500 | 손실: 0.2470 | 학습: 94.9% | 검증: 80.4% | lr: 1.56e-05
  에폭 229/500 | 손실: 0.2428 | 학습: 94.8% | 검증: 80.9% | lr: 1.56e-05
  에폭 230/500 | 손실: 0.2560 | 학습: 94.8% | 검증: 80.7% | lr: 1.56e-05
  에폭 231/500 | 손실: 0.2390 | 학습: 94.5% | 검증: 79.6% | lr: 1.56e-05
  에폭 232/500 | 손실: 0.2521 | 학습: 94.8% | 검증: 81.4% | lr: 1.56e-05
  에폭 233/500 | 손실: 0.2700 | 학습: 94.8% | 검증: 79.9% | lr: 1.56e-05
  에폭 234/500 | 손실: 0.2504 | 학습: 95.0% | 검증: 80.7% | lr: 1.56e-05
  에폭 235/500 | 손실: 0.2570 | 학습: 94.7% | 검증: 80.7% | lr: 1.56e-05
  에폭 236/500 | 손실: 0.2590 | 학습: 94.9% | 검증: 81.2% | lr: 1.56e-05
  에폭 237/500 | 손실: 0.2622 | 학습: 95.0% | 검증: 80.2% | lr: 1.56e-05
  에폭 238/500 | 손실: 0.2516 | 학습: 95.0% | 검증: 80.9% | lr: 1.56e-05
  에폭 239/500 | 손실: 0.2669 | 학습: 95.0% | 검증: 80.7% | lr: 1.56e-05
  에폭 240/500 | 손실: 0.2580 | 학습: 95.0% | 검증: 79.9% | lr: 1.56e-05
  에폭 241/500 | 손실: 0.2599 | 학습: 94.9% | 검증: 79.6% | lr: 1.56e-05
  에폭 242/500 | 손실: 0.2483 | 학습: 94.9% | 검증: 80.4% | lr: 7.81e-06
  에폭 243/500 | 손실: 0.2554 | 학습: 95.0% | 검증: 79.9% | lr: 7.81e-06
  에폭 244/500 | 손실: 0.2557 | 학습: 94.5% | 검증: 80.7% | lr: 7.81e-06
  에폭 245/500 | 손실: 0.2623 | 학습: 94.8% | 검증: 80.2% | lr: 7.81e-06
  에폭 246/500 | 손실: 0.2461 | 학습: 94.6% | 검증: 78.6% | lr: 7.81e-06
  에폭 247/500 | 손실: 0.2545 | 학습: 94.9% | 검증: 80.4% | lr: 7.81e-06
  에폭 248/500 | 손실: 0.2656 | 학습: 95.0% | 검증: 79.9% | lr: 7.81e-06
  에폭 249/500 | 손실: 0.2677 | 학습: 94.8% | 검증: 80.2% | lr: 7.81e-06
  에폭 250/500 | 손실: 0.2559 | 학습: 94.7% | 검증: 79.6% | lr: 7.81e-06
  에폭 251/500 | 손실: 0.2566 | 학습: 94.9% | 검증: 79.6% | lr: 7.81e-06
  에폭 252/500 | 손실: 0.2471 | 학습: 94.6% | 검증: 80.7% | lr: 7.81e-06
  에폭 253/500 | 손실: 0.2577 | 학습: 95.0% | 검증: 79.9% | lr: 3.91e-06
  에폭 254/500 | 손실: 0.2463 | 학습: 94.6% | 검증: 79.6% | lr: 3.91e-06
  에폭 255/500 | 손실: 0.2491 | 학습: 95.5% | 검증: 80.2% | lr: 3.91e-06
  에폭 256/500 | 손실: 0.2688 | 학습: 95.0% | 검증: 79.6% | lr: 3.91e-06
  에폭 257/500 | 손실: 0.2545 | 학습: 95.2% | 검증: 80.2% | lr: 3.91e-06
  에폭 258/500 | 손실: 0.2630 | 학습: 94.7% | 검증: 79.4% | lr: 3.91e-06
  에폭 259/500 | 손실: 0.2545 | 학습: 94.8% | 검증: 79.4% | lr: 3.91e-06
  에폭 260/500 | 손실: 0.2446 | 학습: 95.0% | 검증: 80.4% | lr: 3.91e-06
  에폭 261/500 | 손실: 0.2565 | 학습: 95.1% | 검증: 80.9% | lr: 3.91e-06
  에폭 262/500 | 손실: 0.2568 | 학습: 94.5% | 검증: 80.7% | lr: 3.91e-06
  에폭 263/500 | 손실: 0.2539 | 학습: 94.6% | 검증: 79.9% | lr: 3.91e-06
  에폭 264/500 | 손실: 0.2598 | 학습: 95.2% | 검증: 79.6% | lr: 1.95e-06
  에폭 265/500 | 손실: 0.2656 | 학습: 94.9% | 검증: 81.7% | lr: 1.95e-06
  에폭 266/500 | 손실: 0.2482 | 학습: 95.3% | 검증: 79.4% | lr: 1.95e-06
  에폭 267/500 | 손실: 0.2590 | 학습: 94.7% | 검증: 79.9% | lr: 1.95e-06
  에폭 268/500 | 손실: 0.2807 | 학습: 94.8% | 검증: 78.9% | lr: 1.95e-06
  에폭 269/500 | 손실: 0.2726 | 학습: 94.7% | 검증: 79.9% | lr: 1.95e-06
  에폭 270/500 | 손실: 0.2470 | 학습: 94.8% | 검증: 80.4% | lr: 1.95e-06
  에폭 271/500 | 손실: 0.2639 | 학습: 95.3% | 검증: 79.9% | lr: 1.95e-06
  에폭 272/500 | 손실: 0.2442 | 학습: 95.1% | 검증: 80.7% | lr: 1.95e-06
  에폭 273/500 | 손실: 0.2605 | 학습: 94.8% | 검증: 79.1% | lr: 1.95e-06
  에폭 274/500 | 손실: 0.2476 | 학습: 94.7% | 검증: 79.6% | lr: 1.95e-06
  에폭 275/500 | 손실: 0.2663 | 학습: 94.6% | 검증: 80.4% | lr: 1.00e-06
  에폭 276/500 | 손실: 0.2669 | 학습: 95.2% | 검증: 80.2% | lr: 1.00e-06
  에폭 277/500 | 손실: 0.2693 | 학습: 94.8% | 검증: 79.9% | lr: 1.00e-06
  에폭 278/500 | 손실: 0.2555 | 학습: 95.2% | 검증: 79.9% | lr: 1.00e-06
  에폭 279/500 | 손실: 0.2657 | 학습: 94.6% | 검증: 80.4% | lr: 1.00e-06
  에폭 280/500 | 손실: 0.2591 | 학습: 94.6% | 검증: 80.2% | lr: 1.00e-06
  에폭 281/500 | 손실: 0.2572 | 학습: 94.8% | 검증: 80.7% | lr: 1.00e-06
  에폭 282/500 | 손실: 0.2695 | 학습: 95.0% | 검증: 79.6% | lr: 1.00e-06
  에폭 283/500 | 손실: 0.2542 | 학습: 94.6% | 검증: 79.9% | lr: 1.00e-06
  에폭 284/500 | 손실: 0.2404 | 학습: 95.2% | 검증: 79.9% | lr: 1.00e-06
  에폭 285/500 | 손실: 0.2454 | 학습: 94.9% | 검증: 80.4% | lr: 1.00e-06
  에폭 286/500 | 손실: 0.2743 | 학습: 94.7% | 검증: 80.4% | lr: 1.00e-06
  에폭 287/500 | 손실: 0.2541 | 학습: 94.9% | 검증: 79.9% | lr: 1.00e-06
  에폭 288/500 | 손실: 0.2485 | 학습: 95.5% | 검증: 80.4% | lr: 1.00e-06
  에폭 289/500 | 손실: 0.2553 | 학습: 95.0% | 검증: 79.4% | lr: 1.00e-06
  에폭 290/500 | 손실: 0.2558 | 학습: 95.0% | 검증: 79.6% | lr: 1.00e-06
  에폭 291/500 | 손실: 0.2517 | 학습: 95.1% | 검증: 80.4% | lr: 1.00e-06
  에폭 292/500 | 손실: 0.2614 | 학습: 94.8% | 검증: 81.4% | lr: 1.00e-06
  에폭 293/500 | 손실: 0.2514 | 학습: 95.4% | 검증: 80.7% | lr: 1.00e-06
  에폭 294/500 | 손실: 0.2523 | 학습: 95.0% | 검증: 79.6% | lr: 1.00e-06
  에폭 295/500 | 손실: 0.2604 | 학습: 95.2% | 검증: 79.9% | lr: 1.00e-06
  에폭 296/500 | 손실: 0.2604 | 학습: 94.7% | 검증: 80.7% | lr: 1.00e-06
  에폭 297/500 | 손실: 0.2505 | 학습: 94.8% | 검증: 80.4% | lr: 1.00e-06
  에폭 298/500 | 손실: 0.2529 | 학습: 95.5% | 검증: 80.7% | lr: 1.00e-06
  에폭 299/500 | 손실: 0.2571 | 학습: 94.7% | 검증: 80.4% | lr: 1.00e-06
  에폭 300/500 | 손실: 0.2682 | 학습: 94.9% | 검증: 80.9% | lr: 1.00e-06
  에폭 301/500 | 손실: 0.2518 | 학습: 95.1% | 검증: 80.2% | lr: 1.00e-06
  에폭 302/500 | 손실: 0.2534 | 학습: 95.0% | 검증: 79.6% | lr: 1.00e-06
  에폭 303/500 | 손실: 0.2598 | 학습: 95.2% | 검증: 80.2% | lr: 1.00e-06
  에폭 304/500 | 손실: 0.2675 | 학습: 94.9% | 검증: 79.4% | lr: 1.00e-06
  에폭 305/500 | 손실: 0.2525 | 학습: 94.5% | 검증: 79.6% | lr: 1.00e-06
  에폭 306/500 | 손실: 0.2537 | 학습: 94.8% | 검증: 80.2% | lr: 1.00e-06
  에폭 307/500 | 손실: 0.2544 | 학습: 95.2% | 검증: 80.7% | lr: 1.00e-06
  에폭 308/500 | 손실: 0.2584 | 학습: 94.5% | 검증: 80.2% | lr: 1.00e-06
  에폭 309/500 | 손실: 0.2462 | 학습: 95.1% | 검증: 79.4% | lr: 1.00e-06
  에폭 310/500 | 손실: 0.2476 | 학습: 94.8% | 검증: 79.4% | lr: 1.00e-06
  에폭 311/500 | 손실: 0.2522 | 학습: 94.8% | 검증: 80.4% | lr: 1.00e-06
  에폭 312/500 | 손실: 0.2429 | 학습: 94.9% | 검증: 80.9% | lr: 1.00e-06
  에폭 313/500 | 손실: 0.2499 | 학습: 94.7% | 검증: 79.6% | lr: 1.00e-06
  에폭 314/500 | 손실: 0.2570 | 학습: 95.2% | 검증: 80.2% | lr: 1.00e-06
  에폭 315/500 | 손실: 0.2720 | 학습: 94.8% | 검증: 79.6% | lr: 1.00e-06
  에폭 316/500 | 손실: 0.2708 | 학습: 94.8% | 검증: 80.2% | lr: 1.00e-06
  에폭 317/500 | 손실: 0.2534 | 학습: 95.2% | 검증: 79.9% | lr: 1.00e-06
  에폭 318/500 | 손실: 0.2748 | 학습: 94.8% | 검증: 80.2% | lr: 1.00e-06
  에폭 319/500 | 손실: 0.2633 | 학습: 95.3% | 검증: 80.2% | lr: 1.00e-06
  에폭 320/500 | 손실: 0.2607 | 학습: 95.0% | 검증: 80.2% | lr: 1.00e-06
  에폭 321/500 | 손실: 0.2529 | 학습: 95.2% | 검증: 79.9% | lr: 1.00e-06
  에폭 322/500 | 손실: 0.2561 | 학습: 95.1% | 검증: 80.7% | lr: 1.00e-06
  에폭 323/500 | 손실: 0.2844 | 학습: 95.1% | 검증: 79.6% | lr: 1.00e-06
  에폭 324/500 | 손실: 0.2518 | 학습: 95.0% | 검증: 79.9% | lr: 1.00e-06
  에폭 325/500 | 손실: 0.2775 | 학습: 94.8% | 검증: 80.2% | lr: 1.00e-06
  에폭 326/500 | 손실: 0.2518 | 학습: 95.2% | 검증: 80.7% | lr: 1.00e-06
  에폭 327/500 | 손실: 0.2512 | 학습: 95.0% | 검증: 81.7% | lr: 1.00e-06
  에폭 328/500 | 손실: 0.2505 | 학습: 94.8% | 검증: 80.4% | lr: 1.00e-06
  에폭 329/500 | 손실: 0.2641 | 학습: 94.8% | 검증: 79.1% | lr: 1.00e-06
  에폭 330/500 | 손실: 0.2511 | 학습: 95.0% | 검증: 80.2% | lr: 1.00e-06
  에폭 331/500 | 손실: 0.2472 | 학습: 94.9% | 검증: 80.7% | lr: 1.00e-06
  에폭 332/500 | 손실: 0.2623 | 학습: 95.0% | 검증: 79.9% | lr: 1.00e-06
  에폭 333/500 | 손실: 0.2565 | 학습: 95.3% | 검증: 79.6% | lr: 1.00e-06
  에폭 334/500 | 손실: 0.2614 | 학습: 94.6% | 검증: 79.6% | lr: 1.00e-06
  에폭 335/500 | 손실: 0.2432 | 학습: 95.1% | 검증: 81.9% | lr: 1.00e-06
  에폭 336/500 | 손실: 0.2462 | 학습: 95.2% | 검증: 79.1% | lr: 1.00e-06
  에폭 337/500 | 손실: 0.2614 | 학습: 95.3% | 검증: 79.9% | lr: 1.00e-06
  에폭 338/500 | 손실: 0.2416 | 학습: 95.0% | 검증: 79.4% | lr: 1.00e-06
  에폭 339/500 | 손실: 0.2494 | 학습: 94.8% | 검증: 80.4% | lr: 1.00e-06
  에폭 340/500 | 손실: 0.2799 | 학습: 95.0% | 검증: 80.2% | lr: 1.00e-06
  에폭 341/500 | 손실: 0.2424 | 학습: 95.5% | 검증: 80.4% | lr: 1.00e-06
  에폭 342/500 | 손실: 0.2548 | 학습: 94.8% | 검증: 78.9% | lr: 1.00e-06
  에폭 343/500 | 손실: 0.2640 | 학습: 94.8% | 검증: 81.2% | lr: 1.00e-06
  에폭 344/500 | 손실: 0.2359 | 학습: 95.3% | 검증: 80.7% | lr: 1.00e-06
  에폭 345/500 | 손실: 0.2511 | 학습: 94.9% | 검증: 80.4% | lr: 1.00e-06
  에폭 346/500 | 손실: 0.2796 | 학습: 94.8% | 검증: 79.9% | lr: 1.00e-06
  에폭 347/500 | 손실: 0.2624 | 학습: 95.0% | 검증: 79.6% | lr: 1.00e-06
  에폭 348/500 | 손실: 0.2550 | 학습: 94.6% | 검증: 80.7% | lr: 1.00e-06
  에폭 349/500 | 손실: 0.2703 | 학습: 95.0% | 검증: 79.1% | lr: 1.00e-06
  에폭 350/500 | 손실: 0.2605 | 학습: 95.4% | 검증: 79.1% | lr: 1.00e-06
  에폭 351/500 | 손실: 0.2599 | 학습: 95.0% | 검증: 80.2% | lr: 1.00e-06
  에폭 352/500 | 손실: 0.2515 | 학습: 94.8% | 검증: 79.9% | lr: 1.00e-06
  에폭 353/500 | 손실: 0.2536 | 학습: 94.8% | 검증: 80.4% | lr: 1.00e-06
  에폭 354/500 | 손실: 0.2677 | 학습: 95.3% | 검증: 80.2% | lr: 1.00e-06
  에폭 355/500 | 손실: 0.2514 | 학습: 94.2% | 검증: 78.9% | lr: 1.00e-06
  에폭 356/500 | 손실: 0.2503 | 학습: 94.6% | 검증: 80.7% | lr: 1.00e-06
  에폭 357/500 | 손실: 0.2827 | 학습: 94.8% | 검증: 80.4% | lr: 1.00e-06
  에폭 358/500 | 손실: 0.2578 | 학습: 94.5% | 검증: 80.4% | lr: 1.00e-06
  에폭 359/500 | 손실: 0.2842 | 학습: 94.9% | 검증: 80.7% | lr: 1.00e-06
  에폭 360/500 | 손실: 0.2602 | 학습: 95.3% | 검증: 79.6% | lr: 1.00e-06
  에폭 361/500 | 손실: 0.2505 | 학습: 94.8% | 검증: 81.2% | lr: 1.00e-06
  에폭 362/500 | 손실: 0.2732 | 학습: 95.1% | 검증: 80.2% | lr: 1.00e-06
  에폭 363/500 | 손실: 0.2809 | 학습: 94.6% | 검증: 80.7% | lr: 1.00e-06
  에폭 364/500 | 손실: 0.2768 | 학습: 95.2% | 검증: 80.2% | lr: 1.00e-06
  에폭 365/500 | 손실: 0.2753 | 학습: 94.7% | 검증: 79.4% | lr: 1.00e-06
  에폭 366/500 | 손실: 0.2608 | 학습: 95.0% | 검증: 79.1% | lr: 1.00e-06
  에폭 367/500 | 손실: 0.2481 | 학습: 94.8% | 검증: 79.4% | lr: 1.00e-06
  에폭 368/500 | 손실: 0.2572 | 학습: 94.7% | 검증: 80.7% | lr: 1.00e-06
  에폭 369/500 | 손실: 0.2572 | 학습: 95.1% | 검증: 80.4% | lr: 1.00e-06
  에폭 370/500 | 손실: 0.2680 | 학습: 94.9% | 검증: 79.9% | lr: 1.00e-06
  에폭 371/500 | 손실: 0.2612 | 학습: 95.3% | 검증: 80.7% | lr: 1.00e-06
  에폭 372/500 | 손실: 0.2374 | 학습: 94.8% | 검증: 79.9% | lr: 1.00e-06
  에폭 373/500 | 손실: 0.2569 | 학습: 94.8% | 검증: 79.1% | lr: 1.00e-06
  에폭 374/500 | 손실: 0.2505 | 학습: 94.9% | 검증: 81.4% | lr: 1.00e-06
  에폭 375/500 | 손실: 0.2563 | 학습: 94.9% | 검증: 80.4% | lr: 1.00e-06
  에폭 376/500 | 손실: 0.2551 | 학습: 95.3% | 검증: 79.9% | lr: 1.00e-06
  에폭 377/500 | 손실: 0.2642 | 학습: 95.2% | 검증: 80.4% | lr: 1.00e-06
  에폭 378/500 | 손실: 0.2553 | 학습: 94.8% | 검증: 79.6% | lr: 1.00e-06
  에폭 379/500 | 손실: 0.2537 | 학습: 95.1% | 검증: 79.9% | lr: 1.00e-06
  에폭 380/500 | 손실: 0.2531 | 학습: 95.2% | 검증: 80.2% | lr: 1.00e-06
  에폭 381/500 | 손실: 0.2656 | 학습: 95.2% | 검증: 79.1% | lr: 1.00e-06
  에폭 382/500 | 손실: 0.2694 | 학습: 94.8% | 검증: 81.2% | lr: 1.00e-06
  에폭 383/500 | 손실: 0.2397 | 학습: 94.8% | 검증: 79.1% | lr: 1.00e-06
  에폭 384/500 | 손실: 0.2589 | 학습: 94.3% | 검증: 78.9% | lr: 1.00e-06
  에폭 385/500 | 손실: 0.2563 | 학습: 94.9% | 검증: 79.4% | lr: 1.00e-06
  에폭 386/500 | 손실: 0.2586 | 학습: 94.6% | 검증: 80.4% | lr: 1.00e-06
  에폭 387/500 | 손실: 0.2558 | 학습: 94.9% | 검증: 80.7% | lr: 1.00e-06
  에폭 388/500 | 손실: 0.2435 | 학습: 94.5% | 검증: 80.4% | lr: 1.00e-06
  에폭 389/500 | 손실: 0.2464 | 학습: 94.5% | 검증: 79.6% | lr: 1.00e-06
  에폭 390/500 | 손실: 0.2600 | 학습: 95.1% | 검증: 80.4% | lr: 1.00e-06
  에폭 391/500 | 손실: 0.2602 | 학습: 94.8% | 검증: 80.4% | lr: 1.00e-06
  에폭 392/500 | 손실: 0.2432 | 학습: 94.8% | 검증: 80.7% | lr: 1.00e-06
  에폭 393/500 | 손실: 0.2504 | 학습: 94.8% | 검증: 78.4% | lr: 1.00e-06
  에폭 394/500 | 손실: 0.2501 | 학습: 95.0% | 검증: 80.4% | lr: 1.00e-06
  에폭 395/500 | 손실: 0.2576 | 학습: 95.0% | 검증: 81.2% | lr: 1.00e-06
  에폭 396/500 | 손실: 0.2514 | 학습: 95.0% | 검증: 80.9% | lr: 1.00e-06
  에폭 397/500 | 손실: 0.2504 | 학습: 94.7% | 검증: 81.4% | lr: 1.00e-06
  에폭 398/500 | 손실: 0.2442 | 학습: 95.0% | 검증: 79.6% | lr: 1.00e-06
  에폭 399/500 | 손실: 0.2507 | 학습: 94.8% | 검증: 80.2% | lr: 1.00e-06
  에폭 400/500 | 손실: 0.2480 | 학습: 94.8% | 검증: 79.6% | lr: 1.00e-06
  에폭 401/500 | 손실: 0.2636 | 학습: 95.0% | 검증: 79.6% | lr: 1.00e-06
  에폭 402/500 | 손실: 0.2389 | 학습: 95.1% | 검증: 80.7% | lr: 1.00e-06
  에폭 403/500 | 손실: 0.2521 | 학습: 94.8% | 검증: 79.9% | lr: 1.00e-06
  에폭 404/500 | 손실: 0.2488 | 학습: 95.3% | 검증: 80.7% | lr: 1.00e-06
  에폭 405/500 | 손실: 0.2644 | 학습: 94.9% | 검증: 80.7% | lr: 1.00e-06
  에폭 406/500 | 손실: 0.2629 | 학습: 94.8% | 검증: 80.9% | lr: 1.00e-06
  에폭 407/500 | 손실: 0.2607 | 학습: 94.8% | 검증: 80.4% | lr: 1.00e-06
  에폭 408/500 | 손실: 0.2547 | 학습: 95.1% | 검증: 80.2% | lr: 1.00e-06
  에폭 409/500 | 손실: 0.2583 | 학습: 94.8% | 검증: 80.7% | lr: 1.00e-06
  에폭 410/500 | 손실: 0.2580 | 학습: 95.2% | 검증: 80.2% | lr: 1.00e-06
  에폭 411/500 | 손실: 0.2435 | 학습: 94.6% | 검증: 80.2% | lr: 1.00e-06
  에폭 412/500 | 손실: 0.2589 | 학습: 94.9% | 검증: 80.2% | lr: 1.00e-06
  에폭 413/500 | 손실: 0.2690 | 학습: 95.0% | 검증: 78.9% | lr: 1.00e-06
  에폭 414/500 | 손실: 0.2557 | 학습: 95.0% | 검증: 79.6% | lr: 1.00e-06
  에폭 415/500 | 손실: 0.2485 | 학습: 94.8% | 검증: 80.2% | lr: 1.00e-06
  에폭 416/500 | 손실: 0.2577 | 학습: 95.0% | 검증: 80.2% | lr: 1.00e-06
  에폭 417/500 | 손실: 0.2619 | 학습: 95.0% | 검증: 80.2% | lr: 1.00e-06
  에폭 418/500 | 손실: 0.2555 | 학습: 95.3% | 검증: 80.9% | lr: 1.00e-06
  에폭 419/500 | 손실: 0.2620 | 학습: 94.6% | 검증: 80.2% | lr: 1.00e-06
  에폭 420/500 | 손실: 0.2655 | 학습: 94.9% | 검증: 79.9% | lr: 1.00e-06
  에폭 421/500 | 손실: 0.2680 | 학습: 94.5% | 검증: 80.4% | lr: 1.00e-06
  에폭 422/500 | 손실: 0.2536 | 학습: 94.8% | 검증: 80.9% | lr: 1.00e-06
  에폭 423/500 | 손실: 0.2477 | 학습: 95.2% | 검증: 80.2% | lr: 1.00e-06
  에폭 424/500 | 손실: 0.2335 | 학습: 95.0% | 검증: 80.9% | lr: 1.00e-06
  에폭 425/500 | 손실: 0.2581 | 학습: 95.0% | 검증: 79.9% | lr: 1.00e-06
  에폭 426/500 | 손실: 0.2488 | 학습: 95.3% | 검증: 79.9% | lr: 1.00e-06
  에폭 427/500 | 손실: 0.2619 | 학습: 94.9% | 검증: 79.1% | lr: 1.00e-06
  에폭 428/500 | 손실: 0.2510 | 학습: 95.3% | 검증: 80.7% | lr: 1.00e-06
  에폭 429/500 | 손실: 0.2589 | 학습: 94.6% | 검증: 80.4% | lr: 1.00e-06
  에폭 430/500 | 손실: 0.2721 | 학습: 95.0% | 검증: 79.6% | lr: 1.00e-06
  에폭 431/500 | 손실: 0.2604 | 학습: 95.1% | 검증: 80.2% | lr: 1.00e-06
  에폭 432/500 | 손실: 0.2511 | 학습: 94.7% | 검증: 80.2% | lr: 1.00e-06
  에폭 433/500 | 손실: 0.2560 | 학습: 95.2% | 검증: 79.4% | lr: 1.00e-06
  에폭 434/500 | 손실: 0.2670 | 학습: 95.0% | 검증: 80.4% | lr: 1.00e-06
  에폭 435/500 | 손실: 0.2596 | 학습: 95.1% | 검증: 79.4% | lr: 1.00e-06
  에폭 436/500 | 손실: 0.2508 | 학습: 94.9% | 검증: 79.1% | lr: 1.00e-06
  에폭 437/500 | 손실: 0.2533 | 학습: 94.6% | 검증: 80.7% | lr: 1.00e-06
  에폭 438/500 | 손실: 0.2539 | 학습: 94.8% | 검증: 81.2% | lr: 1.00e-06
  에폭 439/500 | 손실: 0.2745 | 학습: 95.0% | 검증: 81.2% | lr: 1.00e-06
  에폭 440/500 | 손실: 0.2458 | 학습: 95.3% | 검증: 79.6% | lr: 1.00e-06
  에폭 441/500 | 손실: 0.2523 | 학습: 95.2% | 검증: 79.1% | lr: 1.00e-06
  에폭 442/500 | 손실: 0.2493 | 학습: 94.7% | 검증: 79.6% | lr: 1.00e-06
  에폭 443/500 | 손실: 0.2657 | 학습: 94.8% | 검증: 81.4% | lr: 1.00e-06
  에폭 444/500 | 손실: 0.2672 | 학습: 94.9% | 검증: 80.7% | lr: 1.00e-06
  에폭 445/500 | 손실: 0.2650 | 학습: 94.9% | 검증: 80.2% | lr: 1.00e-06
  에폭 446/500 | 손실: 0.2599 | 학습: 94.5% | 검증: 80.4% | lr: 1.00e-06
  에폭 447/500 | 손실: 0.2683 | 학습: 94.8% | 검증: 81.2% | lr: 1.00e-06
  에폭 448/500 | 손실: 0.2536 | 학습: 95.4% | 검증: 79.6% | lr: 1.00e-06
  에폭 449/500 | 손실: 0.2564 | 학습: 95.0% | 검증: 80.4% | lr: 1.00e-06
  에폭 450/500 | 손실: 0.2559 | 학습: 94.8% | 검증: 80.7% | lr: 1.00e-06
  에폭 451/500 | 손실: 0.2675 | 학습: 95.0% | 검증: 80.7% | lr: 1.00e-06
  에폭 452/500 | 손실: 0.2630 | 학습: 95.3% | 검증: 80.2% | lr: 1.00e-06
  에폭 453/500 | 손실: 0.2560 | 학습: 95.2% | 검증: 79.9% | lr: 1.00e-06
  에폭 454/500 | 손실: 0.2596 | 학습: 94.6% | 검증: 80.2% | lr: 1.00e-06
  에폭 455/500 | 손실: 0.2545 | 학습: 95.2% | 검증: 79.4% | lr: 1.00e-06
  에폭 456/500 | 손실: 0.2574 | 학습: 95.3% | 검증: 80.2% | lr: 1.00e-06
  에폭 457/500 | 손실: 0.2609 | 학습: 95.4% | 검증: 80.2% | lr: 1.00e-06
  에폭 458/500 | 손실: 0.2493 | 학습: 94.9% | 검증: 78.6% | lr: 1.00e-06
  에폭 459/500 | 손실: 0.2532 | 학습: 94.8% | 검증: 80.9% | lr: 1.00e-06
  에폭 460/500 | 손실: 0.2493 | 학습: 95.0% | 검증: 79.9% | lr: 1.00e-06
  에폭 461/500 | 손실: 0.2568 | 학습: 95.1% | 검증: 80.9% | lr: 1.00e-06
  에폭 462/500 | 손실: 0.2590 | 학습: 95.2% | 검증: 80.2% | lr: 1.00e-06
  에폭 463/500 | 손실: 0.2618 | 학습: 95.0% | 검증: 79.9% | lr: 1.00e-06
  에폭 464/500 | 손실: 0.2488 | 학습: 94.8% | 검증: 79.9% | lr: 1.00e-06
  에폭 465/500 | 손실: 0.2499 | 학습: 95.1% | 검증: 79.1% | lr: 1.00e-06
  에폭 466/500 | 손실: 0.2480 | 학습: 94.6% | 검증: 80.4% | lr: 1.00e-06
  에폭 467/500 | 손실: 0.2489 | 학습: 94.5% | 검증: 80.2% | lr: 1.00e-06
  에폭 468/500 | 손실: 0.2496 | 학습: 94.6% | 검증: 79.1% | lr: 1.00e-06
  에폭 469/500 | 손실: 0.2511 | 학습: 94.9% | 검증: 80.2% | lr: 1.00e-06
  에폭 470/500 | 손실: 0.2691 | 학습: 95.0% | 검증: 80.2% | lr: 1.00e-06
  에폭 471/500 | 손실: 0.2827 | 학습: 95.2% | 검증: 79.6% | lr: 1.00e-06
  에폭 472/500 | 손실: 0.2462 | 학습: 94.8% | 검증: 79.4% | lr: 1.00e-06
  에폭 473/500 | 손실: 0.2489 | 학습: 94.7% | 검증: 79.6% | lr: 1.00e-06
  에폭 474/500 | 손실: 0.2578 | 학습: 95.0% | 검증: 78.9% | lr: 1.00e-06
  에폭 475/500 | 손실: 0.2581 | 학습: 95.0% | 검증: 78.9% | lr: 1.00e-06
  에폭 476/500 | 손실: 0.2491 | 학습: 94.9% | 검증: 80.2% | lr: 1.00e-06
  에폭 477/500 | 손실: 0.2498 | 학습: 95.0% | 검증: 81.4% | lr: 1.00e-06
  에폭 478/500 | 손실: 0.2472 | 학습: 95.0% | 검증: 80.4% | lr: 1.00e-06
  에폭 479/500 | 손실: 0.2623 | 학습: 95.2% | 검증: 80.4% | lr: 1.00e-06
  에폭 480/500 | 손실: 0.2568 | 학습: 94.8% | 검증: 80.2% | lr: 1.00e-06
  에폭 481/500 | 손실: 0.2527 | 학습: 95.2% | 검증: 79.9% | lr: 1.00e-06
  에폭 482/500 | 손실: 0.2391 | 학습: 94.7% | 검증: 80.2% | lr: 1.00e-06
  에폭 483/500 | 손실: 0.2522 | 학습: 95.0% | 검증: 79.9% | lr: 1.00e-06
  에폭 484/500 | 손실: 0.2605 | 학습: 95.0% | 검증: 79.6% | lr: 1.00e-06
  에폭 485/500 | 손실: 0.2563 | 학습: 94.6% | 검증: 78.4% | lr: 1.00e-06
  에폭 486/500 | 손실: 0.2812 | 학습: 94.8% | 검증: 80.7% | lr: 1.00e-06
  에폭 487/500 | 손실: 0.2661 | 학습: 94.8% | 검증: 79.1% | lr: 1.00e-06
  에폭 488/500 | 손실: 0.2636 | 학습: 94.5% | 검증: 79.9% | lr: 1.00e-06
  에폭 489/500 | 손실: 0.2433 | 학습: 95.2% | 검증: 81.2% | lr: 1.00e-06
  에폭 490/500 | 손실: 0.2582 | 학습: 94.8% | 검증: 80.7% | lr: 1.00e-06
  에폭 491/500 | 손실: 0.2432 | 학습: 95.2% | 검증: 79.6% | lr: 1.00e-06
  에폭 492/500 | 손실: 0.2564 | 학습: 94.9% | 검증: 79.4% | lr: 1.00e-06
  에폭 493/500 | 손실: 0.2721 | 학습: 94.9% | 검증: 80.4% | lr: 1.00e-06
  에폭 494/500 | 손실: 0.2610 | 학습: 95.1% | 검증: 81.2% | lr: 1.00e-06
  에폭 495/500 | 손실: 0.2529 | 학습: 94.8% | 검증: 81.2% | lr: 1.00e-06
  에폭 496/500 | 손실: 0.2544 | 학습: 94.7% | 검증: 79.6% | lr: 1.00e-06
  에폭 497/500 | 손실: 0.2501 | 학습: 94.8% | 검증: 79.9% | lr: 1.00e-06
  에폭 498/500 | 손실: 0.2618 | 학습: 95.0% | 검증: 79.1% | lr: 1.00e-06
  에폭 499/500 | 손실: 0.2414 | 학습: 94.8% | 검증: 80.2% | lr: 1.00e-06
  에폭 500/500 | 손실: 0.2517 | 학습: 95.1% | 검증: 79.6% | lr: 1.00e-06
[MLP] ✅ 학습 완료 | [128 → 64 → 32] | 최고 검증 정확도: 82.7%  (베스트 체크포인트 복원됨)
[MLP] ── Permutation Importance (베이스라인 정확도: 82.7%) ─
   1. SPECTRAL_FLATNESS             Δacc=++0.1664  █████████████████████████████████
   2. SPECTRAL_BANDWIDTH            Δacc=++0.1018  ████████████████████
   3. HIGH_RATIO                    Δacc=++0.0830  █████████████████
   4. SKEWNESS                      Δacc=++0.0789  ████████████████
   5. CENTROID                      Δacc=++0.0763  ███████████████
   6. MID_RATIO                     Δacc=++0.0692  ██████████████
   7. LOW_RATIO                     Δacc=++0.0585  ████████████
   8. SPECTRAL_ROLLOFF              Δacc=++0.0524  ██████████
   9. PEAK_FREQ                     Δacc=++0.0483  ██████████
  10. DC_RATIO                      Δacc=++0.0453  █████████
  11. SECOND_PEAK_FREQ              Δacc=++0.0433  █████████
  12. PEAK1_TO_PEAK2_RATIO          Δacc=++0.0397  ████████
  13. KURTOSIS                      Δacc=++0.0366  ███████
  14. PEAK_COUNT                    Δacc=++0.0361  ███████
  15. PEAK_TO_AVG_E                 Δacc=++0.0188  ████
  16. DELTA_PEAK_FREQ               Δacc=++0.0112  ██
  17. RMS                           Δacc=++0.0112  ██
  18. AVG_ENERGY                    Δacc=++0.0056  █
  19. LOW_TO_HIGH_RATIO             Δacc=++0.0025  █
  20. PEAK_ENERGY                   Δacc=++0.0025  █
  21. ENERGY_VARIANCE               Δacc=++0.0010  
[MLP] ─────────────────────────────────────────────
[MLP] 특징 중요도 저장 → c:\Users\iSEN\Desktop\project\iSENSOR_UART_DEBUGER\AI\mlp\models\mlp_L128-64-32_ep300_lr5e-04_0429_1224_importance.json
[MLP] 저장 완료 → c:\Users\iSEN\Desktop\project\iSENSOR_UART_DEBUGER\AI\mlp\models\mlp_weights.pt  (추론용)
[MLP] 버전 보관 → c:\Users\iSEN\Desktop\project\iSENSOR_UART_DEBUGER\AI\mlp\models\mlp_L128-64-32_ep300_lr5e-04_0429_1224.pt
[MLP] 📊 학습 이력 저장 → c:\Users\iSEN\Desktop\project\iSENSOR_UART_DEBUGER\AI\mlp\models\train_history.json

  ── 이전 학습과 비교 ──────────────────────────────────
  이전 최고 검증 정확도: 81.1%
  현재 최고 검증 정확도: 82.7%
  변화: +1.6%p  ↑ 개선

