[MLP]   svm_data_20260428_164908_W256_S32_I1.csv            529샘플
[MLP]   svm_data_20260428_171251_W256_S32_I1.csv             10샘플
[MLP]   svm_data_20260428_171310_W256_S32_I1.csv            964샘플
[MLP]   svm_data_20260429_104801_W256_S32_I1.csv            170샘플
[MLP]   svm_data_20260429_112044_W256_S1_I1.csv             287샘플
[MLP] CSV 5개 병합  →  총 1960샘플
[MLP] 로드 완료 | 전체: 1960개  (배경: 996, 사람: 964)
[MLP] 학습: 1568개 (80%)  검증: 392개 (20%)  [비율고정: 유지 | 분리시드: 랜덤]
[MLP] ━━━━━━━━━━━━━━━━━━━━━━━━━━━━━━━━━━━━━━━━━━━━━━━
[MLP]  구조: 21 → 128 → 64 → 32 → 2
[MLP]  에폭: 300  배치: 16  LR: 1e-03  Dropout: 0.3  Early Stop: patience=20
[MLP]  사용 특징 (21개): SPECTRAL_ROLLOFF, SPECTRAL_BANDWIDTH, PEAK_COUNT, MID_RATIO, LOW_TO_HIGH_RATIO, SECOND_PEAK_FREQ, KURTOSIS, CENTROID, PEAK_FREQ, LOW_RATIO, RMS, AVG_ENERGY, PEAK_ENERGY, ENERGY_VARIANCE, PEAK_TO_AVG_E, HIGH_RATIO, PEAK1_TO_PEAK2_RATIO, SKEWNESS, DC_RATIO, DELTA_PEAK_FREQ, SPECTRAL_FLATNESS
[MLP] ━━━━━━━━━━━━━━━━━━━━━━━━━━━━━━━━━━━━━━━━━━━━━━━
  에폭  10/300 | 손실: 0.4463 | 학습: 78.4% | 검증: 76.8% | lr: 1.00e-03 ★
data_parser.py | settings_parser() | SettingData_handle.b_occu_status: False
data_parser.py | settings_parser() | SettingData_handle.b_pir_status: False
data_parser.py | settings_parser() | SettingData_handle.b_occu_status: False
data_parser.py | settings_parser() | SettingData_handle.b_pir_status: False
  에폭  20/300 | 손실: 0.4547 | 학습: 81.8% | 검증: 76.0% | lr: 1.00e-03
  에폭  30/300 | 손실: 0.4006 | 학습: 85.1% | 검증: 76.5% | lr: 1.00e-03
[MLP] ⏹ Early stopping — 37에폭 (검증 정확도 20에폭간 개선 없음)
[MLP] ✅ 학습 완료 | [128 → 64 → 32] | 최고 검증 정확도: 77.6%  (베스트 체크포인트 복원됨)
[MLP] 저장 완료 → c:\Users\iSEN\Desktop\project\iSENSOR_UART_DEBUGER\AI\mlp\models\mlp_weights.pt  (추론용)
[MLP] 버전 보관 → c:\Users\iSEN\Desktop\project\iSENSOR_UART_DEBUGER\AI\mlp\models\mlp_L128-64-32_ep300_lr5e-04_0429_1125.pt
[MLP] 📊 학습 이력 저장 → c:\Users\iSEN\Desktop\project\iSENSOR_UART_DEBUGER\AI\mlp\models\train_history.json

  ── 이전 학습과 비교 ──────────────────────────────────
  이전 최고 검증 정확도: 73.1%
  현재 최고 검증 정확도: 77.6%
  변화: +4.4%p  ↑ 개선

